Archive member included because of file (symbol)

C:\Users\admin\AppData\Local\arduino15\packages\arduino\hardware\sam\1.6.11\variants\arduino_due_x/libsam_sam3x8e_gcc_rel.a(pio.o)
                              C:\Users\admin\AppData\Local\Temp\VMBuilds\LedFactory\arduino_due_x_dbg\Debug\SPI\SPI.cpp.o (PIO_Configure)
C:\Users\admin\AppData\Local\arduino15\packages\arduino\hardware\sam\1.6.11\variants\arduino_due_x/libsam_sam3x8e_gcc_rel.a(pmc.o)
                              C:\Users\admin\AppData\Local\Temp\VMBuilds\LedFactory\arduino_due_x_dbg\Debug\variant\variant.cpp.o (pmc_enable_periph_clk)
C:\Users\admin\AppData\Local\arduino15\packages\arduino\hardware\sam\1.6.11\variants\arduino_due_x/libsam_sam3x8e_gcc_rel.a(spi.o)
                              C:\Users\admin\AppData\Local\Temp\VMBuilds\LedFactory\arduino_due_x_dbg\Debug\SPI\SPI.cpp.o (SPI_Enable)
C:\Users\admin\AppData\Local\arduino15\packages\arduino\hardware\sam\1.6.11\variants\arduino_due_x/libsam_sam3x8e_gcc_rel.a(system_sam3xa.o)
                              C:\Users\admin\AppData\Local\Temp\VMBuilds\LedFactory\arduino_due_x_dbg\Debug\variant\variant.cpp.o (SystemInit)
C:\Users\admin\AppData\Local\arduino15\packages\arduino\hardware\sam\1.6.11\variants\arduino_due_x/libsam_sam3x8e_gcc_rel.a(startup_sam3xa.o)
                              (Reset_Handler)
C:\Users\admin\AppData\Local\arduino15\packages\arduino\hardware\sam\1.6.11\variants\arduino_due_x/libsam_sam3x8e_gcc_rel.a(adc.o)
                              C:\Users\admin\AppData\Local\Temp\VMBuilds\LedFactory\arduino_due_x_dbg\Debug\variant\variant.cpp.o (adc_init)
C:\Users\admin\AppData\Local\arduino15\packages\arduino\hardware\sam\1.6.11\variants\arduino_due_x/libsam_sam3x8e_gcc_rel.a(uotghs.o)
                              C:\Users\admin\AppData\Local\arduino15\packages\arduino\hardware\sam\1.6.11\variants\arduino_due_x/libsam_sam3x8e_gcc_rel.a(startup_sam3xa.o) (UOTGHS_Handler)
C:\Users\admin\AppData\Local\Temp\VMBuilds\LedFactory\arduino_due_x_dbg\Debug/core.a(cortex_handlers.c.o)
                              C:\Users\admin\AppData\Local\arduino15\packages\arduino\hardware\sam\1.6.11\variants\arduino_due_x/libsam_sam3x8e_gcc_rel.a(startup_sam3xa.o) (NMI_Handler)
C:\Users\admin\AppData\Local\Temp\VMBuilds\LedFactory\arduino_due_x_dbg\Debug/core.a(hooks.c.o)
                              C:\Users\admin\AppData\Local\Temp\VMBuilds\LedFactory\arduino_due_x_dbg\Debug/core.a(cortex_handlers.c.o) (sysTickHook)
C:\Users\admin\AppData\Local\Temp\VMBuilds\LedFactory\arduino_due_x_dbg\Debug/core.a(syscalls_sam3.c.o)
                              (_sbrk)
C:\Users\admin\AppData\Local\Temp\VMBuilds\LedFactory\arduino_due_x_dbg\Debug/core.a(wiring.c.o)
                              C:\Users\admin\AppData\Local\Temp\VMBuilds\LedFactory\arduino_due_x_dbg\Debug\LedFactory.cpp.o (millis)
C:\Users\admin\AppData\Local\Temp\VMBuilds\LedFactory\arduino_due_x_dbg\Debug/core.a(wiring_analog.c.o)
                              C:\Users\admin\AppData\Local\Temp\VMBuilds\LedFactory\arduino_due_x_dbg\Debug\variant\variant.cpp.o (analogOutputInit)
C:\Users\admin\AppData\Local\Temp\VMBuilds\LedFactory\arduino_due_x_dbg\Debug/core.a(wiring_digital.c.o)
                              C:\Users\admin\AppData\Local\Temp\VMBuilds\LedFactory\arduino_due_x_dbg\Debug\UIPEthernet\utility\Enc28J60Network.cpp.o (pinMode)
C:\Users\admin\AppData\Local\Temp\VMBuilds\LedFactory\arduino_due_x_dbg\Debug/core.a(abi.cpp.o)
                              C:\Users\admin\AppData\Local\Temp\VMBuilds\LedFactory\arduino_due_x_dbg\Debug\UIPEthernet\UIPClient.cpp.o (__cxa_pure_virtual)
C:\Users\admin\AppData\Local\Temp\VMBuilds\LedFactory\arduino_due_x_dbg\Debug/core.a(IPAddress.cpp.o)
                              C:\Users\admin\AppData\Local\Temp\VMBuilds\LedFactory\arduino_due_x_dbg\Debug\UIPEthernet\UIPClient.cpp.o (IPAddress::IPAddress())
C:\Users\admin\AppData\Local\Temp\VMBuilds\LedFactory\arduino_due_x_dbg\Debug/core.a(main.cpp.o)
                              c:/users/admin/appdata/local/arduino15/packages/arduino/tools/arm-none-eabi-gcc/4.8.3-2014q1/bin/../lib/gcc/arm-none-eabi/4.8.3/../../../../arm-none-eabi/lib/armv7-m/crt0.o (main)
C:\Users\admin\AppData\Local\Temp\VMBuilds\LedFactory\arduino_due_x_dbg\Debug/core.a(new.cpp.o)
                              C:\Users\admin\AppData\Local\Temp\VMBuilds\LedFactory\arduino_due_x_dbg\Debug\LedController.cpp.o (operator new[](unsigned int))
C:\Users\admin\AppData\Local\Temp\VMBuilds\LedFactory\arduino_due_x_dbg\Debug/core.a(Print.cpp.o)
                              C:\Users\admin\AppData\Local\Temp\VMBuilds\LedFactory\arduino_due_x_dbg\Debug\UIPEthernet\UIPClient.cpp.o (Print::write(unsigned char const*, unsigned int))
C:\Users\admin\AppData\Local\Temp\VMBuilds\LedFactory\arduino_due_x_dbg\Debug/core.a(Reset.cpp.o)
                              C:\Users\admin\AppData\Local\Temp\VMBuilds\LedFactory\arduino_due_x_dbg\Debug/core.a(cortex_handlers.c.o) (tickReset)
[...]
Memory Configuration

Name             Origin             Length             Attributes
rom              0x00080000         0x00080000         xr
sram0            0x20000000         0x00010000         xrw
sram1            0x20080000         0x00008000         xrw
ram              0x20070000         0x00018000         xrw
*default*        0x00000000         0xffffffff

Linker script and memory map

LOAD c:/users/admin/appdata/local/arduino15/packages/arduino/tools/arm-none-eabi-gcc/4.8.3-2014q1/bin/../lib/gcc/arm-none-eabi/4.8.3/armv7-m/crti.o
LOAD c:/users/admin/appdata/local/arduino15/packages/arduino/tools/arm-none-eabi-gcc/4.8.3-2014q1/bin/../lib/gcc/arm-none-eabi/4.8.3/armv7-m/crtbegin.o
LOAD c:/users/admin/appdata/local/arduino15/packages/arduino/tools/arm-none-eabi-gcc/4.8.3-2014q1/bin/../lib/gcc/arm-none-eabi/4.8.3/../../../../arm-none-eabi/lib/armv7-m/crt0.o
START GROUP
LOAD C:\Users\admin\AppData\Local\Temp\VMBuilds\LedFactory\arduino_due_x_dbg\Debug\LedFactory.cpp.o
LOAD C:\Users\admin\AppData\Local\Temp\VMBuilds\LedFactory\arduino_due_x_dbg\Debug\UIPEthernet\Dhcp.cpp.o
LOAD C:\Users\admin\AppData\Local\Temp\VMBuilds\LedFactory\arduino_due_x_dbg\Debug\UIPEthernet\Dns.cpp.o
LOAD C:\Users\admin\AppData\Local\Temp\VMBuilds\LedFactory\arduino_due_x_dbg\Debug\UIPEthernet\UIPClient.cpp.o
LOAD C:\Users\admin\AppData\Local\Temp\VMBuilds\LedFactory\arduino_due_x_dbg\Debug\UIPEthernet\UIPEthernet.cpp.o
LOAD C:\Users\admin\AppData\Local\Temp\VMBuilds\LedFactory\arduino_due_x_dbg\Debug\UIPEthernet\UIPServer.cpp.o
LOAD C:\Users\admin\AppData\Local\Temp\VMBuilds\LedFactory\arduino_due_x_dbg\Debug\UIPEthernet\UIPUdp.cpp.o
LOAD C:\Users\admin\AppData\Local\Temp\VMBuilds\LedFactory\arduino_due_x_dbg\Debug\UIPEthernet\utility\clock-arch.c.o
LOAD C:\Users\admin\AppData\Local\Temp\VMBuilds\LedFactory\arduino_due_x_dbg\Debug\UIPEthernet\utility\uip.c.o
LOAD C:\Users\admin\AppData\Local\Temp\VMBuilds\LedFactory\arduino_due_x_dbg\Debug\UIPEthernet\utility\uip_arp.c.o
LOAD C:\Users\admin\AppData\Local\Temp\VMBuilds\LedFactory\arduino_due_x_dbg\Debug\UIPEthernet\utility\uip_timer.c.o
LOAD C:\Users\admin\AppData\Local\Temp\VMBuilds\LedFactory\arduino_due_x_dbg\Debug\UIPEthernet\utility\Enc28J60Network.cpp.o
LOAD C:\Users\admin\AppData\Local\Temp\VMBuilds\LedFactory\arduino_due_x_dbg\Debug\UIPEthernet\utility\mempool.cpp.o
LOAD C:\Users\admin\AppData\Local\Temp\VMBuilds\LedFactory\arduino_due_x_dbg\Debug\UIPEthernet\utility\uip_debug.cpp.o
LOAD C:\Users\admin\AppData\Local\Temp\VMBuilds\LedFactory\arduino_due_x_dbg\Debug\SPI\SPI.cpp.o
LOAD C:\Users\admin\AppData\Local\Temp\VMBuilds\LedFactory\arduino_due_x_dbg\Debug\Adafruit_NeoPixel\Adafruit_NeoPixel.cpp.o
LOAD C:\Users\admin\AppData\Local\Temp\VMBuilds\LedFactory\arduino_due_x_dbg\Debug\HF.cpp.o
LOAD C:\Users\admin\AppData\Local\Temp\VMBuilds\LedFactory\arduino_due_x_dbg\Debug\LedController.cpp.o
LOAD C:\Users\admin\AppData\Local\Temp\VMBuilds\LedFactory\arduino_due_x_dbg\Debug\NetworkCommunication.cpp.o
LOAD C:\Users\admin\AppData\Local\Temp\VMBuilds\LedFactory\arduino_due_x_dbg\Debug\variant\variant.cpp.o
LOAD C:\Users\admin\AppData\Local\arduino15\packages\arduino\hardware\sam\1.6.11\variants\arduino_due_x/libsam_sam3x8e_gcc_rel.a
LOAD C:\Users\admin\AppData\Local\Temp\VMBuilds\LedFactory\arduino_due_x_dbg\Debug/core.a
END GROUP
LOAD c:/users/admin/appdata/local/arduino15/packages/arduino/tools/arm-none-eabi-gcc/4.8.3-2014q1/bin/../lib/gcc/arm-none-eabi/4.8.3/../../../../arm-none-eabi/lib/armv7-m\libm.a
START GROUP
LOAD c:/users/admin/appdata/local/arduino15/packages/arduino/tools/arm-none-eabi-gcc/4.8.3-2014q1/bin/../lib/gcc/arm-none-eabi/4.8.3/armv7-m\libgcc.a
LOAD c:/users/admin/appdata/local/arduino15/packages/arduino/tools/arm-none-eabi-gcc/4.8.3-2014q1/bin/../lib/gcc/arm-none-eabi/4.8.3/../../../../arm-none-eabi/lib/armv7-m\libg.a
LOAD c:/users/admin/appdata/local/arduino15/packages/arduino/tools/arm-none-eabi-gcc/4.8.3-2014q1/bin/../lib/gcc/arm-none-eabi/4.8.3/../../../../arm-none-eabi/lib/armv7-m\libc.a
END GROUP
LOAD c:/users/admin/appdata/local/arduino15/packages/arduino/tools/arm-none-eabi-gcc/4.8.3-2014q1/bin/../lib/gcc/arm-none-eabi/4.8.3/armv7-m/crtend.o
LOAD c:/users/admin/appdata/local/arduino15/packages/arduino/tools/arm-none-eabi-gcc/4.8.3-2014q1/bin/../lib/gcc/arm-none-eabi/4.8.3/armv7-m/crtn.o

.text           0x00080000     0xa03c
                0x00080000                . = ALIGN (0x4)
                0x00080000                _sfixed = .
 *(.vectors .vectors.*)
 .vectors       0x00080000       0xf4 C:\Users\admin\AppData\Local\arduino15\packages\arduino\hardware\sam\1.6.11\variants\arduino_due_x/libsam_sam3x8e_gcc_rel.a(startup_sam3xa.o)
                0x00080000                exception_table
 *(.text .text.* .gnu.linkonce.t.*)
 .text          0x000800f4       0x54 c:/users/admin/appdata/local/arduino15/packages/arduino/tools/arm-none-eabi-gcc/4.8.3-2014q1/bin/../lib/gcc/arm-none-eabi/4.8.3/armv7-m/crtbegin.o
 .text._ZN2HFC2Ethh
                0x00080148       0x7c C:\Users\admin\AppData\Local\Temp\VMBuilds\LedFactory\arduino_due_x_dbg\Debug\LedFactory.cpp.o
                0x00080148                HF::HF(unsigned short, unsigned char, unsigned char)
                0x00080148                HF::HF(unsigned short, unsigned char, unsigned char)
 .text.setup    0x000801c4       0x8c C:\Users\admin\AppData\Local\Temp\VMBuilds\LedFactory\arduino_due_x_dbg\Debug\LedFactory.cpp.o
                0x000801c4                setup
 .text.loop     0x00080250       0xdc C:\Users\admin\AppData\Local\Temp\VMBuilds\LedFactory\arduino_due_x_dbg\Debug\LedFactory.cpp.o
                0x00080250                loop
 .text.startup._GLOBAL__sub_I_prvni
                0x0008032c       0xbc C:\Users\admin\AppData\Local\Temp\VMBuilds\LedFactory\arduino_due_x_dbg\Debug\LedFactory.cpp.o
 .text.startup._GLOBAL__sub_I__ZN9DhcpClass13beginWithDHCPEPhmm
                0x000803e8       0x1c C:\Users\admin\AppData\Local\Temp\VMBuilds\LedFactory\arduino_due_x_dbg\Debug\UIPEthernet\Dhcp.cpp.o
 .text._ZN9DNSClient5beginERK9IPAddress
                0x00080404        0xa C:\Users\admin\AppData\Local\Temp\VMBuilds\LedFactory\arduino_due_x_dbg\Debug\UIPEthernet\Dns.cpp.o
                0x00080404                DNSClient::begin(IPAddress const&)
 .text._ZN9DNSClient9inet_atonEPKcR9IPAddress
                0x0008040e       0x4a C:\Users\admin\AppData\Local\Temp\VMBuilds\LedFactory\arduino_due_x_dbg\Debug\UIPEthernet\Dns.cpp.o
                0x0008040e                DNSClient::inet_aton(char const*, IPAddress&)
 .text.startup._GLOBAL__sub_I__ZN9DNSClient5beginERK9IPAddress
                0x00080458       0x1c C:\Users\admin\AppData\Local\Temp\VMBuilds\LedFactory\arduino_due_x_dbg\Debug\UIPEthernet\Dns.cpp.o
 .text._ZN9DNSClient12BuildRequestEPKc
                0x00080474       0xda C:\Users\admin\AppData\Local\Temp\VMBuilds\LedFactory\arduino_due_x_dbg\Debug\UIPEthernet\Dns.cpp.o
                0x00080474                DNSClient::BuildRequest(char const*)
 .text._ZN9DNSClient15ProcessResponseEtR9IPAddress
                0x0008054e      0x228 C:\Users\admin\AppData\Local\Temp\VMBuilds\LedFactory\arduino_due_x_dbg\Debug\UIPEthernet\Dns.cpp.o
                0x0008054e                DNSClient::ProcessResponse(unsigned short, IPAddress&)
 *fill*         0x00080776        0x2 
 .text._ZN9DNSClient13getHostByNameEPKcR9IPAddress
                0x00080778       0x94 C:\Users\admin\AppData\Local\Temp\VMBuilds\LedFactory\arduino_due_x_dbg\Debug\UIPEthernet\Dns.cpp.o
                0x00080778                DNSClient::getHostByName(char const*, IPAddress&)
 .text._ZN9UIPClientneERKS_
                0x0008080c       0x10 C:\Users\admin\AppData\Local\Temp\VMBuilds\LedFactory\arduino_due_x_dbg\Debug\UIPEthernet\UIPClient.cpp.o
                0x0008080c                UIPClient::operator!=(UIPClient const&)
 .text._ZN9UIPClient9connectedEv
                0x0008081c       0x14 C:\Users\admin\AppData\Local\Temp\VMBuilds\LedFactory\arduino_due_x_dbg\Debug\UIPEthernet\UIPClient.cpp.o
                0x0008081c                UIPClient::connected()
 .text._ZN9UIPClienteqERKS_
                0x00080830       0x14 C:\Users\admin\AppData\Local\Temp\VMBuilds\LedFactory\arduino_due_x_dbg\Debug\UIPEthernet\UIPClient.cpp.o
                0x00080830                UIPClient::operator==(UIPClient const&)
 .text._ZN9UIPClient4readEv
                0x00080844       0x20 C:\Users\admin\AppData\Local\Temp\VMBuilds\LedFactory\arduino_due_x_dbg\Debug\UIPEthernet\UIPClient.cpp.o
                0x00080844                UIPClient::read()
 .text._ZN9UIPClientcvbEv
                0x00080864       0x20 C:\Users\admin\AppData\Local\Temp\VMBuilds\LedFactory\arduino_due_x_dbg\Debug\UIPEthernet\UIPClient.cpp.o
                0x00080864                UIPClient::operator bool()
 .text._ZN9UIPClient7connectE9IPAddresst
                0x00080884       0x5e C:\Users\admin\AppData\Local\Temp\VMBuilds\LedFactory\arduino_due_x_dbg\Debug\UIPEthernet\UIPClient.cpp.o
                0x00080884                UIPClient::connect(IPAddress, unsigned short)
 .text._ZN9UIPClient4peekEv
                0x000808e2       0x2c C:\Users\admin\AppData\Local\Temp\VMBuilds\LedFactory\arduino_due_x_dbg\Debug\UIPEthernet\UIPClient.cpp.o
                0x000808e2                UIPClient::peek()
 *fill*         0x0008090e        0x2 
 .text._ZN9UIPClient7connectEPKct
                0x00080910       0x54 C:\Users\admin\AppData\Local\Temp\VMBuilds\LedFactory\arduino_due_x_dbg\Debug\UIPEthernet\UIPClient.cpp.o
                0x00080910                UIPClient::connect(char const*, unsigned short)
 .text._ZN9UIPClientC2Ev
                0x00080964       0x18 C:\Users\admin\AppData\Local\Temp\VMBuilds\LedFactory\arduino_due_x_dbg\Debug\UIPEthernet\UIPClient.cpp.o
                0x00080964                UIPClient::UIPClient()
                0x00080964                UIPClient::UIPClient()
 .text._ZN9UIPClientC2EP14uip_userdata_t
                0x0008097c       0x18 C:\Users\admin\AppData\Local\Temp\VMBuilds\LedFactory\arduino_due_x_dbg\Debug\UIPEthernet\UIPClient.cpp.o
                0x0008097c                UIPClient::UIPClient(uip_userdata_t*)
                0x0008097c                UIPClient::UIPClient(uip_userdata_t*)
 .text._ZN9UIPClient10_availableEP14uip_userdata_t
                0x00080994       0x1c C:\Users\admin\AppData\Local\Temp\VMBuilds\LedFactory\arduino_due_x_dbg\Debug\UIPEthernet\UIPClient.cpp.o
                0x00080994                UIPClient::_available(uip_userdata_t*)
 .text._ZN9UIPClient9availableEv
                0x000809b0       0x18 C:\Users\admin\AppData\Local\Temp\VMBuilds\LedFactory\arduino_due_x_dbg\Debug\UIPEthernet\UIPClient.cpp.o
                0x000809b0                UIPClient::available()
 .text._ZN9UIPClient13_allocateDataEv
                0x000809c8       0x34 C:\Users\admin\AppData\Local\Temp\VMBuilds\LedFactory\arduino_due_x_dbg\Debug\UIPEthernet\UIPClient.cpp.o
                0x000809c8                UIPClient::_allocateData()
 .text._ZN9UIPClient13_currentBlockEPh
                0x000809fc       0x1a C:\Users\admin\AppData\Local\Temp\VMBuilds\LedFactory\arduino_due_x_dbg\Debug\UIPEthernet\UIPClient.cpp.o
                0x000809fc                UIPClient::_currentBlock(unsigned char*)
 .text._ZN9UIPClient6_writeEP14uip_userdata_tPKhj
                0x00080a16       0x78 C:\Users\admin\AppData\Local\Temp\VMBuilds\LedFactory\arduino_due_x_dbg\Debug\UIPEthernet\UIPClient.cpp.o
                0x00080a16                UIPClient::_write(uip_userdata_t*, unsigned char const*, unsigned int)
 .text._ZN9UIPClient5writeEh
                0x00080a8e       0x18 C:\Users\admin\AppData\Local\Temp\VMBuilds\LedFactory\arduino_due_x_dbg\Debug\UIPEthernet\UIPClient.cpp.o
                0x00080a8e                UIPClient::write(unsigned char)
 .text._ZN9UIPClient5writeEPKhj
                0x00080aa6        0x6 C:\Users\admin\AppData\Local\Temp\VMBuilds\LedFactory\arduino_due_x_dbg\Debug\UIPEthernet\UIPClient.cpp.o
                0x00080aa6                UIPClient::write(unsigned char const*, unsigned int)
 .text._ZN9UIPClient9_eatBlockEPh
                0x00080aac       0x20 C:\Users\admin\AppData\Local\Temp\VMBuilds\LedFactory\arduino_due_x_dbg\Debug\UIPEthernet\UIPClient.cpp.o
                0x00080aac                UIPClient::_eatBlock(unsigned char*)
 .text._ZN9UIPClient4readEPhj
                0x00080acc       0xa0 C:\Users\admin\AppData\Local\Temp\VMBuilds\LedFactory\arduino_due_x_dbg\Debug\UIPEthernet\UIPClient.cpp.o
                0x00080acc                UIPClient::read(unsigned char*, unsigned int)
 .text._ZN9UIPClient12_flushBlocksEPh
                0x00080b6c       0x18 C:\Users\admin\AppData\Local\Temp\VMBuilds\LedFactory\arduino_due_x_dbg\Debug\UIPEthernet\UIPClient.cpp.o
                0x00080b6c                UIPClient::_flushBlocks(unsigned char*)
 .text._ZN9UIPClient4stopEv
                0x00080b84       0x2e C:\Users\admin\AppData\Local\Temp\VMBuilds\LedFactory\arduino_due_x_dbg\Debug\UIPEthernet\UIPClient.cpp.o
                0x00080b84                UIPClient::stop()
 .text._ZN9UIPClient5flushEv
                0x00080bb2       0x1a C:\Users\admin\AppData\Local\Temp\VMBuilds\LedFactory\arduino_due_x_dbg\Debug\UIPEthernet\UIPClient.cpp.o
                0x00080bb2                UIPClient::flush()
 .text.uipclient_appcall
                0x00080bcc      0x1a8 C:\Users\admin\AppData\Local\Temp\VMBuilds\LedFactory\arduino_due_x_dbg\Debug\UIPEthernet\UIPClient.cpp.o
                0x00080bcc                uipclient_appcall
 .text.startup._GLOBAL__sub_I__ZN9UIPClient8all_dataE
                0x00080d74       0x1c C:\Users\admin\AppData\Local\Temp\VMBuilds\LedFactory\arduino_due_x_dbg\Debug\UIPEthernet\UIPClient.cpp.o
 .text._ZN16UIPEthernetClass11dnsServerIPEv
                0x00080d90       0x14 C:\Users\admin\AppData\Local\Temp\VMBuilds\LedFactory\arduino_due_x_dbg\Debug\UIPEthernet\UIPEthernet.cpp.o
                0x00080d90                UIPEthernetClass::dnsServerIP()
 .text._ZN16UIPEthernetClass12network_sendEv
                0x00080da4       0x6c C:\Users\admin\AppData\Local\Temp\VMBuilds\LedFactory\arduino_due_x_dbg\Debug\UIPEthernet\UIPEthernet.cpp.o
                0x00080da4                UIPEthernetClass::network_send()
 .text._ZN16UIPEthernetClass4tickEv
                0x00080e10      0x124 C:\Users\admin\AppData\Local\Temp\VMBuilds\LedFactory\arduino_due_x_dbg\Debug\UIPEthernet\UIPEthernet.cpp.o
                0x00080e10                UIPEthernetClass::tick()
 .text._ZN16UIPEthernetClass4initEPKh
                0x00080f34       0x44 C:\Users\admin\AppData\Local\Temp\VMBuilds\LedFactory\arduino_due_x_dbg\Debug\UIPEthernet\UIPEthernet.cpp.o
                0x00080f34                UIPEthernetClass::init(unsigned char const*)
 .text._ZN16UIPEthernetClass9configureE9IPAddressS0_S0_S0_
                0x00080f78       0x68 C:\Users\admin\AppData\Local\Temp\VMBuilds\LedFactory\arduino_due_x_dbg\Debug\UIPEthernet\UIPEthernet.cpp.o
                0x00080f78                UIPEthernetClass::configure(IPAddress, IPAddress, IPAddress, IPAddress)
 .text._ZN16UIPEthernetClass5beginEPKh9IPAddressS2_S2_S2_
                0x00080fe0       0x40 C:\Users\admin\AppData\Local\Temp\VMBuilds\LedFactory\arduino_due_x_dbg\Debug\UIPEthernet\UIPEthernet.cpp.o
                0x00080fe0                UIPEthernetClass::begin(unsigned char const*, IPAddress, IPAddress, IPAddress, IPAddress)
 .text._ZN16UIPEthernetClass5beginEPKh9IPAddressS2_S2_
                0x00081020       0x5c C:\Users\admin\AppData\Local\Temp\VMBuilds\LedFactory\arduino_due_x_dbg\Debug\UIPEthernet\UIPEthernet.cpp.o
                0x00081020                UIPEthernetClass::begin(unsigned char const*, IPAddress, IPAddress, IPAddress)
 .text._ZN16UIPEthernetClass5beginEPKh9IPAddressS2_
                0x0008107c       0x34 C:\Users\admin\AppData\Local\Temp\VMBuilds\LedFactory\arduino_due_x_dbg\Debug\UIPEthernet\UIPEthernet.cpp.o
                0x0008107c                UIPEthernetClass::begin(unsigned char const*, IPAddress, IPAddress)
 .text._ZN16UIPEthernetClass5beginEPKh9IPAddress
                0x000810b0       0x2c C:\Users\admin\AppData\Local\Temp\VMBuilds\LedFactory\arduino_due_x_dbg\Debug\UIPEthernet\UIPEthernet.cpp.o
                0x000810b0                UIPEthernetClass::begin(unsigned char const*, IPAddress)
 .text._ZN16UIPEthernetClass6chksumEtPKht
                0x000810dc       0x38 C:\Users\admin\AppData\Local\Temp\VMBuilds\LedFactory\arduino_due_x_dbg\Debug\UIPEthernet\UIPEthernet.cpp.o
                0x000810dc                UIPEthernetClass::chksum(unsigned short, unsigned char const*, unsigned short)
 .text._ZN16UIPEthernetClass8ipchksumEv
                0x00081114       0x20 C:\Users\admin\AppData\Local\Temp\VMBuilds\LedFactory\arduino_due_x_dbg\Debug\UIPEthernet\UIPEthernet.cpp.o
                0x00081114                UIPEthernetClass::ipchksum()
 .text._ZN16UIPEthernetClass18upper_layer_chksumEh
                0x00081134       0x6c C:\Users\admin\AppData\Local\Temp\VMBuilds\LedFactory\arduino_due_x_dbg\Debug\UIPEthernet\UIPEthernet.cpp.o
                0x00081134                UIPEthernetClass::upper_layer_chksum(unsigned char)
 .text.uip_ipchksum
                0x000811a0        0x4 C:\Users\admin\AppData\Local\Temp\VMBuilds\LedFactory\arduino_due_x_dbg\Debug\UIPEthernet\UIPEthernet.cpp.o
                0x000811a0                uip_ipchksum
 .text.uip_tcpchksum
                0x000811a4        0x6 C:\Users\admin\AppData\Local\Temp\VMBuilds\LedFactory\arduino_due_x_dbg\Debug\UIPEthernet\UIPEthernet.cpp.o
                0x000811a4                uip_tcpchksum
 .text.uip_udpchksum
                0x000811aa        0x6 C:\Users\admin\AppData\Local\Temp\VMBuilds\LedFactory\arduino_due_x_dbg\Debug\UIPEthernet\UIPEthernet.cpp.o
                0x000811aa                uip_udpchksum
 .text.startup._GLOBAL__sub_I__ZN16UIPEthernetClass9in_packetE
                0x000811b0       0x24 C:\Users\admin\AppData\Local\Temp\VMBuilds\LedFactory\arduino_due_x_dbg\Debug\UIPEthernet\UIPEthernet.cpp.o
 .text._ZN9UIPServer5writeEh
                0x000811d4       0x16 C:\Users\admin\AppData\Local\Temp\VMBuilds\LedFactory\arduino_due_x_dbg\Debug\UIPEthernet\UIPServer.cpp.o
                0x000811d4                UIPServer::write(unsigned char)
 .text._ZN9UIPServer5beginEv
                0x000811ea       0x10 C:\Users\admin\AppData\Local\Temp\VMBuilds\LedFactory\arduino_due_x_dbg\Debug\UIPEthernet\UIPServer.cpp.o
                0x000811ea                UIPServer::begin()
 *fill*         0x000811fa        0x2 
 .text._ZN9UIPServer5writeEPKhj
                0x000811fc       0x4c C:\Users\admin\AppData\Local\Temp\VMBuilds\LedFactory\arduino_due_x_dbg\Debug\UIPEthernet\UIPServer.cpp.o
                0x000811fc                UIPServer::write(unsigned char const*, unsigned int)
 .text._ZN9UIPServerC2Et
                0x00081248       0x1c C:\Users\admin\AppData\Local\Temp\VMBuilds\LedFactory\arduino_due_x_dbg\Debug\UIPEthernet\UIPServer.cpp.o
                0x00081248                UIPServer::UIPServer(unsigned short)
                0x00081248                UIPServer::UIPServer(unsigned short)
 .text._ZN9UIPServer9availableEv
                0x00081264       0x64 C:\Users\admin\AppData\Local\Temp\VMBuilds\LedFactory\arduino_due_x_dbg\Debug\UIPEthernet\UIPServer.cpp.o
                0x00081264                UIPServer::available()
 .text.startup._GLOBAL__sub_I__ZN9UIPServerC2Et
                0x000812c8       0x1c C:\Users\admin\AppData\Local\Temp\VMBuilds\LedFactory\arduino_due_x_dbg\Debug\UIPEthernet\UIPServer.cpp.o
 .text._ZN6UIPUDP4readEPcj
                0x000812e4        0xa C:\Users\admin\AppData\Local\Temp\VMBuilds\LedFactory\arduino_due_x_dbg\Debug\UIPEthernet\UIPUdp.cpp.o
                0x000812e4                UIPUDP::read(char*, unsigned int)
 .text._ZN6UIPUDP5writeEh
                0x000812ee       0x16 C:\Users\admin\AppData\Local\Temp\VMBuilds\LedFactory\arduino_due_x_dbg\Debug\UIPEthernet\UIPUdp.cpp.o
                0x000812ee                UIPUDP::write(unsigned char)
 .text._ZN6UIPUDP4readEv
                0x00081304       0x20 C:\Users\admin\AppData\Local\Temp\VMBuilds\LedFactory\arduino_due_x_dbg\Debug\UIPEthernet\UIPUdp.cpp.o
                0x00081304                UIPUDP::read()
 .text._ZN6UIPUDP5beginEt
                0x00081324       0x2c C:\Users\admin\AppData\Local\Temp\VMBuilds\LedFactory\arduino_due_x_dbg\Debug\UIPEthernet\UIPUdp.cpp.o
                0x00081324                UIPUDP::begin(unsigned short)
 .text._ZN6UIPUDP10remotePortEv
                0x00081350        0xc C:\Users\admin\AppData\Local\Temp\VMBuilds\LedFactory\arduino_due_x_dbg\Debug\UIPEthernet\UIPUdp.cpp.o
                0x00081350                UIPUDP::remotePort()
 .text._ZN6UIPUDP4stopEv
                0x0008135c       0x34 C:\Users\admin\AppData\Local\Temp\VMBuilds\LedFactory\arduino_due_x_dbg\Debug\UIPEthernet\UIPUdp.cpp.o
                0x0008135c                UIPUDP::stop()
 .text._ZN6UIPUDP5flushEv
                0x00081390       0x14 C:\Users\admin\AppData\Local\Temp\VMBuilds\LedFactory\arduino_due_x_dbg\Debug\UIPEthernet\UIPUdp.cpp.o
                0x00081390                UIPUDP::flush()
 .text._ZN6UIPUDP11beginPacketE9IPAddresst
                0x000813a4       0x88 C:\Users\admin\AppData\Local\Temp\VMBuilds\LedFactory\arduino_due_x_dbg\Debug\UIPEthernet\UIPUdp.cpp.o
                0x000813a4                UIPUDP::beginPacket(IPAddress, unsigned short)
 .text._ZN6UIPUDP5writeEPKhj
                0x0008142c       0x1e C:\Users\admin\AppData\Local\Temp\VMBuilds\LedFactory\arduino_due_x_dbg\Debug\UIPEthernet\UIPUdp.cpp.o
                0x0008142c                UIPUDP::write(unsigned char const*, unsigned int)
 .text._ZN6UIPUDP11parsePacketEv
                0x0008144a       0x1c C:\Users\admin\AppData\Local\Temp\VMBuilds\LedFactory\arduino_due_x_dbg\Debug\UIPEthernet\UIPUdp.cpp.o
                0x0008144a                UIPUDP::parsePacket()
 .text._ZN6UIPUDP9availableEv
                0x00081466       0x10 C:\Users\admin\AppData\Local\Temp\VMBuilds\LedFactory\arduino_due_x_dbg\Debug\UIPEthernet\UIPUdp.cpp.o
                0x00081466                UIPUDP::available()
 .text._ZN6UIPUDP4peekEv
                0x00081476       0x2a C:\Users\admin\AppData\Local\Temp\VMBuilds\LedFactory\arduino_due_x_dbg\Debug\UIPEthernet\UIPUdp.cpp.o
                0x00081476                UIPUDP::peek()
 .text._ZN6UIPUDP4readEPhj
                0x000814a0       0x3c C:\Users\admin\AppData\Local\Temp\VMBuilds\LedFactory\arduino_due_x_dbg\Debug\UIPEthernet\UIPUdp.cpp.o
                0x000814a0                UIPUDP::read(unsigned char*, unsigned int)
 .text._ZN6UIPUDP8remoteIPEv
                0x000814dc       0x26 C:\Users\admin\AppData\Local\Temp\VMBuilds\LedFactory\arduino_due_x_dbg\Debug\UIPEthernet\UIPUdp.cpp.o
                0x000814dc                UIPUDP::remoteIP()
 *fill*         0x00081502        0x2 
 .text._ZN6UIPUDPC2Ev
                0x00081504       0x24 C:\Users\admin\AppData\Local\Temp\VMBuilds\LedFactory\arduino_due_x_dbg\Debug\UIPEthernet\UIPUdp.cpp.o
                0x00081504                UIPUDP::UIPUDP()
                0x00081504                UIPUDP::UIPUDP()
 .text._ZN6UIPUDP11beginPacketEPKct
                0x00081528       0x5c C:\Users\admin\AppData\Local\Temp\VMBuilds\LedFactory\arduino_due_x_dbg\Debug\UIPEthernet\UIPUdp.cpp.o
                0x00081528                UIPUDP::beginPacket(char const*, unsigned short)
 .text.uipudp_appcall
                0x00081584       0xa4 C:\Users\admin\AppData\Local\Temp\VMBuilds\LedFactory\arduino_due_x_dbg\Debug\UIPEthernet\UIPUdp.cpp.o
                0x00081584                uipudp_appcall
 .text._ZN6UIPUDP5_sendEP18uip_udp_userdata_t
                0x00081628       0x40 C:\Users\admin\AppData\Local\Temp\VMBuilds\LedFactory\arduino_due_x_dbg\Debug\UIPEthernet\UIPUdp.cpp.o
                0x00081628                UIPUDP::_send(uip_udp_userdata_t*)
 .text._ZN6UIPUDP9endPacketEv
                0x00081668       0x48 C:\Users\admin\AppData\Local\Temp\VMBuilds\LedFactory\arduino_due_x_dbg\Debug\UIPEthernet\UIPUdp.cpp.o
                0x00081668                UIPUDP::endPacket()
 .text.startup._GLOBAL__sub_I__ZN6UIPUDPC2Ev
                0x000816b0       0x1c C:\Users\admin\AppData\Local\Temp\VMBuilds\LedFactory\arduino_due_x_dbg\Debug\UIPEthernet\UIPUdp.cpp.o
 .text.uip_add32
                0x000816cc       0x54 C:\Users\admin\AppData\Local\Temp\VMBuilds\LedFactory\arduino_due_x_dbg\Debug\UIPEthernet\utility\uip.c.o
                0x000816cc                uip_add32
 .text.unlikely.uip_add_rcv_nxt
                0x00081720       0x2c C:\Users\admin\AppData\Local\Temp\VMBuilds\LedFactory\arduino_due_x_dbg\Debug\UIPEthernet\utility\uip.c.o
 .text.uip_init
                0x0008174c       0x58 C:\Users\admin\AppData\Local\Temp\VMBuilds\LedFactory\arduino_due_x_dbg\Debug\UIPEthernet\utility\uip.c.o
                0x0008174c                uip_init
 .text.uip_connect
                0x000817a4       0xc8 C:\Users\admin\AppData\Local\Temp\VMBuilds\LedFactory\arduino_due_x_dbg\Debug\UIPEthernet\utility\uip.c.o
                0x000817a4                uip_connect
 .text.uip_udp_new
                0x0008186c       0x88 C:\Users\admin\AppData\Local\Temp\VMBuilds\LedFactory\arduino_due_x_dbg\Debug\UIPEthernet\utility\uip.c.o
                0x0008186c                uip_udp_new
 .text.uip_listen
                0x000818f4       0x30 C:\Users\admin\AppData\Local\Temp\VMBuilds\LedFactory\arduino_due_x_dbg\Debug\UIPEthernet\utility\uip.c.o
                0x000818f4                uip_listen
 .text.uip_process
                0x00081924      0xb2c C:\Users\admin\AppData\Local\Temp\VMBuilds\LedFactory\arduino_due_x_dbg\Debug\UIPEthernet\utility\uip.c.o
                0x00081924                uip_process
 .text.htons    0x00082450        0x6 C:\Users\admin\AppData\Local\Temp\VMBuilds\LedFactory\arduino_due_x_dbg\Debug\UIPEthernet\utility\uip.c.o
                0x00082450                htons
 *fill*         0x00082456        0x2 
 .text.uip_send
                0x00082458       0x28 C:\Users\admin\AppData\Local\Temp\VMBuilds\LedFactory\arduino_due_x_dbg\Debug\UIPEthernet\utility\uip.c.o
                0x00082458                uip_send
 .text.uip_arp_update
                0x00082480       0xcc C:\Users\admin\AppData\Local\Temp\VMBuilds\LedFactory\arduino_due_x_dbg\Debug\UIPEthernet\utility\uip_arp.c.o
 .text.uip_arp_init
                0x0008254c       0x30 C:\Users\admin\AppData\Local\Temp\VMBuilds\LedFactory\arduino_due_x_dbg\Debug\UIPEthernet\utility\uip_arp.c.o
                0x0008254c                uip_arp_init
 .text.uip_arp_ipin
                0x0008257c       0x48 C:\Users\admin\AppData\Local\Temp\VMBuilds\LedFactory\arduino_due_x_dbg\Debug\UIPEthernet\utility\uip_arp.c.o
                0x0008257c                uip_arp_ipin
 .text.uip_arp_arpin
                0x000825c4       0xd0 C:\Users\admin\AppData\Local\Temp\VMBuilds\LedFactory\arduino_due_x_dbg\Debug\UIPEthernet\utility\uip_arp.c.o
                0x000825c4                uip_arp_arpin
 .text.uip_arp_out
                0x00082694      0x140 C:\Users\admin\AppData\Local\Temp\VMBuilds\LedFactory\arduino_due_x_dbg\Debug\UIPEthernet\utility\uip_arp.c.o
                0x00082694                uip_arp_out
 .text._ZN8SPIClass8transferEh15SPITransferMode
                0x000827d4       0x12 C:\Users\admin\AppData\Local\Temp\VMBuilds\LedFactory\arduino_due_x_dbg\Debug\UIPEthernet\utility\Enc28J60Network.cpp.o
                0x000827d4                SPIClass::transfer(unsigned char, SPITransferMode)
 *fill*         0x000827e6        0x2 
 .text._ZN15Enc28J60Network9blockSizeEh
                0x000827e8       0x20 C:\Users\admin\AppData\Local\Temp\VMBuilds\LedFactory\arduino_due_x_dbg\Debug\UIPEthernet\utility\Enc28J60Network.cpp.o
                0x000827e8                Enc28J60Network::blockSize(unsigned char)
 .text._ZN15Enc28J60Network6readOpEhh
                0x00082808       0x48 C:\Users\admin\AppData\Local\Temp\VMBuilds\LedFactory\arduino_due_x_dbg\Debug\UIPEthernet\utility\Enc28J60Network.cpp.o
                0x00082808                Enc28J60Network::readOp(unsigned char, unsigned char)
 .text._ZN15Enc28J60Network7writeOpEhhh
                0x00082850       0x3c C:\Users\admin\AppData\Local\Temp\VMBuilds\LedFactory\arduino_due_x_dbg\Debug\UIPEthernet\utility\Enc28J60Network.cpp.o
                0x00082850                Enc28J60Network::writeOp(unsigned char, unsigned char, unsigned char)
 .text._ZN15Enc28J60Network10readBufferEtPh
                0x0008288c       0x40 C:\Users\admin\AppData\Local\Temp\VMBuilds\LedFactory\arduino_due_x_dbg\Debug\UIPEthernet\utility\Enc28J60Network.cpp.o
                0x0008288c                Enc28J60Network::readBuffer(unsigned short, unsigned char*)
 .text._ZN15Enc28J60Network11writeBufferEtPh
                0x000828cc       0x40 C:\Users\admin\AppData\Local\Temp\VMBuilds\LedFactory\arduino_due_x_dbg\Debug\UIPEthernet\utility\Enc28J60Network.cpp.o
                0x000828cc                Enc28J60Network::writeBuffer(unsigned short, unsigned char*)
 .text._ZN15Enc28J60Network7setBankEh
                0x0008290c       0x2c C:\Users\admin\AppData\Local\Temp\VMBuilds\LedFactory\arduino_due_x_dbg\Debug\UIPEthernet\utility\Enc28J60Network.cpp.o
                0x0008290c                Enc28J60Network::setBank(unsigned char)
 .text._ZN15Enc28J60Network7readRegEh
                0x00082938       0x14 C:\Users\admin\AppData\Local\Temp\VMBuilds\LedFactory\arduino_due_x_dbg\Debug\UIPEthernet\utility\Enc28J60Network.cpp.o
                0x00082938                Enc28J60Network::readReg(unsigned char)
 .text._ZN15Enc28J60Network8writeRegEhh
                0x0008294c       0x18 C:\Users\admin\AppData\Local\Temp\VMBuilds\LedFactory\arduino_due_x_dbg\Debug\UIPEthernet\utility\Enc28J60Network.cpp.o
                0x0008294c                Enc28J60Network::writeReg(unsigned char, unsigned char)
 .text._ZN15Enc28J60Network12writeRegPairEht
                0x00082964       0x24 C:\Users\admin\AppData\Local\Temp\VMBuilds\LedFactory\arduino_due_x_dbg\Debug\UIPEthernet\utility\Enc28J60Network.cpp.o
                0x00082964                Enc28J60Network::writeRegPair(unsigned char, unsigned short)
 .text._ZN15Enc28J60Network10setERXRDPTEv
                0x00082988       0x1c C:\Users\admin\AppData\Local\Temp\VMBuilds\LedFactory\arduino_due_x_dbg\Debug\UIPEthernet\utility\Enc28J60Network.cpp.o
                0x00082988                Enc28J60Network::setERXRDPT()
 .text._ZN15Enc28J60Network10freePacketEv
                0x000829a4        0x4 C:\Users\admin\AppData\Local\Temp\VMBuilds\LedFactory\arduino_due_x_dbg\Debug\UIPEthernet\utility\Enc28J60Network.cpp.o
                0x000829a4                Enc28J60Network::freePacket()
 .text._ZN15Enc28J60Network13receivePacketEv
                0x000829a8       0x90 C:\Users\admin\AppData\Local\Temp\VMBuilds\LedFactory\arduino_due_x_dbg\Debug\UIPEthernet\utility\Enc28J60Network.cpp.o
                0x000829a8                Enc28J60Network::receivePacket()
 .text._ZN15Enc28J60Network10setReadPtrEhtt
                0x00082a38       0x48 C:\Users\admin\AppData\Local\Temp\VMBuilds\LedFactory\arduino_due_x_dbg\Debug\UIPEthernet\utility\Enc28J60Network.cpp.o
                0x00082a38                Enc28J60Network::setReadPtr(unsigned char, unsigned short, unsigned short)
 .text._ZN15Enc28J60Network10readPacketEhtPht
                0x00082a80       0x16 C:\Users\admin\AppData\Local\Temp\VMBuilds\LedFactory\arduino_due_x_dbg\Debug\UIPEthernet\utility\Enc28J60Network.cpp.o
                0x00082a80                Enc28J60Network::readPacket(unsigned char, unsigned short, unsigned char*, unsigned short)
 *fill*         0x00082a96        0x2 
 .text._ZN15Enc28J60Network11writePacketEhtPht
                0x00082a98       0x38 C:\Users\admin\AppData\Local\Temp\VMBuilds\LedFactory\arduino_due_x_dbg\Debug\UIPEthernet\utility\Enc28J60Network.cpp.o
                0x00082a98                Enc28J60Network::writePacket(unsigned char, unsigned short, unsigned char*, unsigned short)
 .text._ZN15Enc28J60Network8readByteEt
                0x00082ad0       0x3c C:\Users\admin\AppData\Local\Temp\VMBuilds\LedFactory\arduino_due_x_dbg\Debug\UIPEthernet\utility\Enc28J60Network.cpp.o
                0x00082ad0                Enc28J60Network::readByte(unsigned short)
 .text._ZN15Enc28J60Network9writeByteEth
                0x00082b0c       0x3c C:\Users\admin\AppData\Local\Temp\VMBuilds\LedFactory\arduino_due_x_dbg\Debug\UIPEthernet\utility\Enc28J60Network.cpp.o
                0x00082b0c                Enc28J60Network::writeByte(unsigned short, unsigned char)
 .text._ZN15Enc28J60Network10sendPacketEh
                0x00082b48       0x6c C:\Users\admin\AppData\Local\Temp\VMBuilds\LedFactory\arduino_due_x_dbg\Debug\UIPEthernet\utility\Enc28J60Network.cpp.o
                0x00082b48                Enc28J60Network::sendPacket(unsigned char)
 .text._Z36enc28J60_mempool_block_move_callbackttt
                0x00082bb4       0x6e C:\Users\admin\AppData\Local\Temp\VMBuilds\LedFactory\arduino_due_x_dbg\Debug\UIPEthernet\utility\Enc28J60Network.cpp.o
                0x00082bb4                enc28J60_mempool_block_move_callback(unsigned short, unsigned short, unsigned short)
 *fill*         0x00082c22        0x2 
 .text._ZN15Enc28J60Network10copyPacketEhthtt
                0x00082c24       0x50 C:\Users\admin\AppData\Local\Temp\VMBuilds\LedFactory\arduino_due_x_dbg\Debug\UIPEthernet\utility\Enc28J60Network.cpp.o
                0x00082c24                Enc28J60Network::copyPacket(unsigned char, unsigned short, unsigned char, unsigned short, unsigned short)
 .text._ZN15Enc28J60Network8phyWriteEht
                0x00082c74       0x2e C:\Users\admin\AppData\Local\Temp\VMBuilds\LedFactory\arduino_due_x_dbg\Debug\UIPEthernet\utility\Enc28J60Network.cpp.o
                0x00082c74                Enc28J60Network::phyWrite(unsigned char, unsigned short)
 *fill*         0x00082ca2        0x2 
 .text._ZN15Enc28J60Network4initEPh
                0x00082ca4      0x110 C:\Users\admin\AppData\Local\Temp\VMBuilds\LedFactory\arduino_due_x_dbg\Debug\UIPEthernet\utility\Enc28J60Network.cpp.o
                0x00082ca4                Enc28J60Network::init(unsigned char*)
 .text._ZN15Enc28J60Network6chksumEthtt
                0x00082db4       0x88 C:\Users\admin\AppData\Local\Temp\VMBuilds\LedFactory\arduino_due_x_dbg\Debug\UIPEthernet\utility\Enc28J60Network.cpp.o
                0x00082db4                Enc28J60Network::chksum(unsigned short, unsigned char, unsigned short, unsigned short)
 .text._ZN10MemoryPool4initEv
                0x00082e3c       0x1c C:\Users\admin\AppData\Local\Temp\VMBuilds\LedFactory\arduino_due_x_dbg\Debug\UIPEthernet\utility\mempool.cpp.o
                0x00082e3c                MemoryPool::init()
 .text._ZN10MemoryPool10allocBlockEt
                0x00082e58       0xe4 C:\Users\admin\AppData\Local\Temp\VMBuilds\LedFactory\arduino_due_x_dbg\Debug\UIPEthernet\utility\mempool.cpp.o
                0x00082e58                MemoryPool::allocBlock(unsigned short)
 .text._ZN10MemoryPool9freeBlockEh
                0x00082f3c       0x30 C:\Users\admin\AppData\Local\Temp\VMBuilds\LedFactory\arduino_due_x_dbg\Debug\UIPEthernet\utility\mempool.cpp.o
                0x00082f3c                MemoryPool::freeBlock(unsigned char)
 .text._ZN10MemoryPool11resizeBlockEht
                0x00082f6c       0x1c C:\Users\admin\AppData\Local\Temp\VMBuilds\LedFactory\arduino_due_x_dbg\Debug\UIPEthernet\utility\mempool.cpp.o
                0x00082f6c                MemoryPool::resizeBlock(unsigned char, unsigned short)
 .text._ZN10MemoryPool11resizeBlockEhtt
                0x00082f88       0x18 C:\Users\admin\AppData\Local\Temp\VMBuilds\LedFactory\arduino_due_x_dbg\Debug\UIPEthernet\utility\mempool.cpp.o
                0x00082f88                MemoryPool::resizeBlock(unsigned char, unsigned short, unsigned short)
 .text._ZL10SPI_0_Initv
                0x00082fa0       0x48 C:\Users\admin\AppData\Local\Temp\VMBuilds\LedFactory\arduino_due_x_dbg\Debug\SPI\SPI.cpp.o
 .text._ZN8SPIClass4initEv
                0x00082fe8       0x36 C:\Users\admin\AppData\Local\Temp\VMBuilds\LedFactory\arduino_due_x_dbg\Debug\SPI\SPI.cpp.o
                0x00082fe8                SPIClass::init()
 .text._ZN8SPIClass11setDataModeEhh
                0x0008301e       0x34 C:\Users\admin\AppData\Local\Temp\VMBuilds\LedFactory\arduino_due_x_dbg\Debug\SPI\SPI.cpp.o
                0x0008301e                SPIClass::setDataMode(unsigned char, unsigned char)
 .text._ZN8SPIClass15setClockDividerEhh
                0x00083052       0x2e C:\Users\admin\AppData\Local\Temp\VMBuilds\LedFactory\arduino_due_x_dbg\Debug\SPI\SPI.cpp.o
                0x00083052                SPIClass::setClockDivider(unsigned char, unsigned char)
 .text._ZN8SPIClass5beginEv
                0x00083080       0x22 C:\Users\admin\AppData\Local\Temp\VMBuilds\LedFactory\arduino_due_x_dbg\Debug\SPI\SPI.cpp.o
                0x00083080                SPIClass::begin()
 .text._ZN8SPIClass8transferEhh15SPITransferMode
                0x000830a2       0x5e C:\Users\admin\AppData\Local\Temp\VMBuilds\LedFactory\arduino_due_x_dbg\Debug\SPI\SPI.cpp.o
                0x000830a2                SPIClass::transfer(unsigned char, unsigned char, SPITransferMode)
 .text.startup._GLOBAL__sub_I__ZN8SPIClassC2EP3SpimPFvvE
                0x00083100       0x24 C:\Users\admin\AppData\Local\Temp\VMBuilds\LedFactory\arduino_due_x_dbg\Debug\SPI\SPI.cpp.o
 .text._ZN17Adafruit_NeoPixelC2Ethh
                0x00083124       0x3c C:\Users\admin\AppData\Local\Temp\VMBuilds\LedFactory\arduino_due_x_dbg\Debug\Adafruit_NeoPixel\Adafruit_NeoPixel.cpp.o
                0x00083124                Adafruit_NeoPixel::Adafruit_NeoPixel(unsigned short, unsigned char, unsigned char)
                0x00083124                Adafruit_NeoPixel::Adafruit_NeoPixel(unsigned short, unsigned char, unsigned char)
 .text._ZN17Adafruit_NeoPixel5beginEv
                0x00083160       0x18 C:\Users\admin\AppData\Local\Temp\VMBuilds\LedFactory\arduino_due_x_dbg\Debug\Adafruit_NeoPixel\Adafruit_NeoPixel.cpp.o
                0x00083160                Adafruit_NeoPixel::begin()
 .text._ZN17Adafruit_NeoPixel4showEv
                0x00083178      0x11c C:\Users\admin\AppData\Local\Temp\VMBuilds\LedFactory\arduino_due_x_dbg\Debug\Adafruit_NeoPixel\Adafruit_NeoPixel.cpp.o
                0x00083178                Adafruit_NeoPixel::show()
 .text._ZN17Adafruit_NeoPixel13setPixelColorEtm
                0x00083294       0x30 C:\Users\admin\AppData\Local\Temp\VMBuilds\LedFactory\arduino_due_x_dbg\Debug\Adafruit_NeoPixel\Adafruit_NeoPixel.cpp.o
                0x00083294                Adafruit_NeoPixel::setPixelColor(unsigned short, unsigned long)
 .text._ZN17Adafruit_NeoPixel13setStripColorEm
                0x000832c4       0x36 C:\Users\admin\AppData\Local\Temp\VMBuilds\LedFactory\arduino_due_x_dbg\Debug\Adafruit_NeoPixel\Adafruit_NeoPixel.cpp.o
                0x000832c4                Adafruit_NeoPixel::setStripColor(unsigned long)
 .text._ZN17Adafruit_NeoPixel5ColorEhhh
                0x000832fa        0xa C:\Users\admin\AppData\Local\Temp\VMBuilds\LedFactory\arduino_due_x_dbg\Debug\Adafruit_NeoPixel\Adafruit_NeoPixel.cpp.o
                0x000832fa                Adafruit_NeoPixel::Color(unsigned char, unsigned char, unsigned char)
 .text._ZN2HF6blikejEv
                0x00083304       0x44 C:\Users\admin\AppData\Local\Temp\VMBuilds\LedFactory\arduino_due_x_dbg\Debug\HF.cpp.o
                0x00083304                HF::blikej()
 .text._ZN2HF7startujEv
                0x00083348      0x160 C:\Users\admin\AppData\Local\Temp\VMBuilds\LedFactory\arduino_due_x_dbg\Debug\HF.cpp.o
                0x00083348                HF::startuj()
 .text._ZN2HF7vypnoutEv
                0x000834a8       0x34 C:\Users\admin\AppData\Local\Temp\VMBuilds\LedFactory\arduino_due_x_dbg\Debug\HF.cpp.o
                0x000834a8                HF::vypnout()
 .text._ZN2HF5lightEv
                0x000834dc       0x28 C:\Users\admin\AppData\Local\Temp\VMBuilds\LedFactory\arduino_due_x_dbg\Debug\HF.cpp.o
                0x000834dc                HF::light()
 .text._ZN2HF4loopEv
                0x00083504       0x2e C:\Users\admin\AppData\Local\Temp\VMBuilds\LedFactory\arduino_due_x_dbg\Debug\HF.cpp.o
                0x00083504                HF::loop()
 .text._ZN2HF7setModeEh
                0x00083532       0x12 C:\Users\admin\AppData\Local\Temp\VMBuilds\LedFactory\arduino_due_x_dbg\Debug\HF.cpp.o
                0x00083532                HF::setMode(unsigned char)
 .text._ZN2HF8setColorEhhh
                0x00083544        0xc C:\Users\admin\AppData\Local\Temp\VMBuilds\LedFactory\arduino_due_x_dbg\Debug\HF.cpp.o
                0x00083544                HF::setColor(unsigned char, unsigned char, unsigned char)
 .text._ZN2HF6showItEv
                0x00083550        0x4 C:\Users\admin\AppData\Local\Temp\VMBuilds\LedFactory\arduino_due_x_dbg\Debug\HF.cpp.o
                0x00083550                HF::showIt()
 .text._ZN13LedControllerC2Eh
                0x00083554       0x10 C:\Users\admin\AppData\Local\Temp\VMBuilds\LedFactory\arduino_due_x_dbg\Debug\LedController.cpp.o
                0x00083554                LedController::LedController(unsigned char)
                0x00083554                LedController::LedController(unsigned char)
 .text._ZN13LedController8getStripEh
                0x00083564        0x8 C:\Users\admin\AppData\Local\Temp\VMBuilds\LedFactory\arduino_due_x_dbg\Debug\LedController.cpp.o
                0x00083564                LedController::getStrip(unsigned char)
 .text._ZN13LedController8setStripEP2HFh
                0x0008356c        0x8 C:\Users\admin\AppData\Local\Temp\VMBuilds\LedFactory\arduino_due_x_dbg\Debug\LedController.cpp.o
                0x0008356c                LedController::setStrip(HF*, unsigned char)
 .text._ZN20NetworkCommunicationC2EPh9IPAddress
                0x00083574       0x30 C:\Users\admin\AppData\Local\Temp\VMBuilds\LedFactory\arduino_due_x_dbg\Debug\NetworkCommunication.cpp.o
                0x00083574                NetworkCommunication::NetworkCommunication(unsigned char*, IPAddress)
                0x00083574                NetworkCommunication::NetworkCommunication(unsigned char*, IPAddress)
 .text._ZN20NetworkCommunication13percentDecodeEPc
                0x000835a4       0xa4 C:\Users\admin\AppData\Local\Temp\VMBuilds\LedFactory\arduino_due_x_dbg\Debug\NetworkCommunication.cpp.o
                0x000835a4                NetworkCommunication::percentDecode(char*)
 .text._ZN20NetworkCommunication14parseUrlParamsEPcPA2_S0_ib
                0x00083648       0x64 C:\Users\admin\AppData\Local\Temp\VMBuilds\LedFactory\arduino_due_x_dbg\Debug\NetworkCommunication.cpp.o
                0x00083648                NetworkCommunication::parseUrlParams(char*, char* (*) [2], int, bool)
 .text.startup._GLOBAL__sub_I__ZN20NetworkCommunication14parseUrlParamsEPcPA2_S0_ib
                0x000836ac       0x1c C:\Users\admin\AppData\Local\Temp\VMBuilds\LedFactory\arduino_due_x_dbg\Debug\NetworkCommunication.cpp.o
 .text._ZN20NetworkCommunication4loopEv
                0x000836c8      0x1c8 C:\Users\admin\AppData\Local\Temp\VMBuilds\LedFactory\arduino_due_x_dbg\Debug\NetworkCommunication.cpp.o
                0x000836c8                NetworkCommunication::loop()
 .text._ZN20NetworkCommunication5startEv
                0x00083890       0x2c C:\Users\admin\AppData\Local\Temp\VMBuilds\LedFactory\arduino_due_x_dbg\Debug\NetworkCommunication.cpp.o
                0x00083890                NetworkCommunication::start()
 .text._Z11serialEventv
                0x000838bc        0x2 C:\Users\admin\AppData\Local\Temp\VMBuilds\LedFactory\arduino_due_x_dbg\Debug\variant\variant.cpp.o
                0x000838bc                serialEvent()
 *fill*         0x000838be        0x2 
 .text.UART_Handler
                0x000838c0        0xc C:\Users\admin\AppData\Local\Temp\VMBuilds\LedFactory\arduino_due_x_dbg\Debug\variant\variant.cpp.o
                0x000838c0                UART_Handler
 .text._Z12serialEvent1v
                0x000838cc        0x2 C:\Users\admin\AppData\Local\Temp\VMBuilds\LedFactory\arduino_due_x_dbg\Debug\variant\variant.cpp.o
                0x000838cc                serialEvent1()
 .text._Z12serialEvent2v
                0x000838ce        0x2 C:\Users\admin\AppData\Local\Temp\VMBuilds\LedFactory\arduino_due_x_dbg\Debug\variant\variant.cpp.o
                0x000838ce                serialEvent2()
 .text._Z12serialEvent3v
                0x000838d0        0x2 C:\Users\admin\AppData\Local\Temp\VMBuilds\LedFactory\arduino_due_x_dbg\Debug\variant\variant.cpp.o
                0x000838d0                serialEvent3()
 *fill*         0x000838d2        0x2 
 .text.USART0_Handler
                0x000838d4        0xc C:\Users\admin\AppData\Local\Temp\VMBuilds\LedFactory\arduino_due_x_dbg\Debug\variant\variant.cpp.o
                0x000838d4                USART0_Handler
 .text.USART1_Handler
                0x000838e0        0xc C:\Users\admin\AppData\Local\Temp\VMBuilds\LedFactory\arduino_due_x_dbg\Debug\variant\variant.cpp.o
                0x000838e0                USART1_Handler
 .text.USART3_Handler
                0x000838ec        0xc C:\Users\admin\AppData\Local\Temp\VMBuilds\LedFactory\arduino_due_x_dbg\Debug\variant\variant.cpp.o
                0x000838ec                USART3_Handler
 .text.init     0x000838f8      0x128 C:\Users\admin\AppData\Local\Temp\VMBuilds\LedFactory\arduino_due_x_dbg\Debug\variant\variant.cpp.o
                0x000838f8                init
 .text.startup._GLOBAL__sub_I_g_APinDescription
                0x00083a20       0xd4 C:\Users\admin\AppData\Local\Temp\VMBuilds\LedFactory\arduino_due_x_dbg\Debug\variant\variant.cpp.o
 .text._Z14serialEventRunv
                0x00083af4       0x44 C:\Users\admin\AppData\Local\Temp\VMBuilds\LedFactory\arduino_due_x_dbg\Debug\variant\variant.cpp.o
                0x00083af4                serialEventRun()
 .text.PIO_PullUp
                0x00083b38        0xa C:\Users\admin\AppData\Local\arduino15\packages\arduino\hardware\sam\1.6.11\variants\arduino_due_x/libsam_sam3x8e_gcc_rel.a(pio.o)
                0x00083b38                PIO_PullUp
 .text.PIO_SetPeripheral
                0x00083b42       0x26 C:\Users\admin\AppData\Local\arduino15\packages\arduino\hardware\sam\1.6.11\variants\arduino_due_x/libsam_sam3x8e_gcc_rel.a(pio.o)
                0x00083b42                PIO_SetPeripheral
 .text.PIO_SetInput
                0x00083b68       0x26 C:\Users\admin\AppData\Local\arduino15\packages\arduino\hardware\sam\1.6.11\variants\arduino_due_x/libsam_sam3x8e_gcc_rel.a(pio.o)
                0x00083b68                PIO_SetInput
 .text.PIO_SetOutput
                0x00083b8e       0x24 C:\Users\admin\AppData\Local\arduino15\packages\arduino\hardware\sam\1.6.11\variants\arduino_due_x/libsam_sam3x8e_gcc_rel.a(pio.o)
                0x00083b8e                PIO_SetOutput
 *fill*         0x00083bb2        0x2 
 .text.PIO_Configure
                0x00083bb4       0x64 C:\Users\admin\AppData\Local\arduino15\packages\arduino\hardware\sam\1.6.11\variants\arduino_due_x/libsam_sam3x8e_gcc_rel.a(pio.o)
                0x00083bb4                PIO_Configure
 .text.PIO_GetOutputDataStatus
                0x00083c18       0x14 C:\Users\admin\AppData\Local\arduino15\packages\arduino\hardware\sam\1.6.11\variants\arduino_due_x/libsam_sam3x8e_gcc_rel.a(pio.o)
                0x00083c18                PIO_GetOutputDataStatus
 .text.pmc_enable_upll_clock
                0x00083c2c       0x14 C:\Users\admin\AppData\Local\arduino15\packages\arduino\hardware\sam\1.6.11\variants\arduino_due_x/libsam_sam3x8e_gcc_rel.a(pmc.o)
                0x00083c2c                pmc_enable_upll_clock
 .text.pmc_enable_periph_clk
                0x00083c40       0x44 C:\Users\admin\AppData\Local\arduino15\packages\arduino\hardware\sam\1.6.11\variants\arduino_due_x/libsam_sam3x8e_gcc_rel.a(pmc.o)
                0x00083c40                pmc_enable_periph_clk
 .text.pmc_disable_periph_clk
                0x00083c84       0x40 C:\Users\admin\AppData\Local\arduino15\packages\arduino\hardware\sam\1.6.11\variants\arduino_due_x/libsam_sam3x8e_gcc_rel.a(pmc.o)
                0x00083c84                pmc_disable_periph_clk
 .text.pmc_switch_udpck_to_upllck
                0x00083cc4       0x14 C:\Users\admin\AppData\Local\arduino15\packages\arduino\hardware\sam\1.6.11\variants\arduino_due_x/libsam_sam3x8e_gcc_rel.a(pmc.o)
                0x00083cc4                pmc_switch_udpck_to_upllck
 .text.pmc_enable_udpck
                0x00083cd8        0xc C:\Users\admin\AppData\Local\arduino15\packages\arduino\hardware\sam\1.6.11\variants\arduino_due_x/libsam_sam3x8e_gcc_rel.a(pmc.o)
                0x00083cd8                pmc_enable_udpck
 .text.SPI_Enable
                0x00083ce4        0x6 C:\Users\admin\AppData\Local\arduino15\packages\arduino\hardware\sam\1.6.11\variants\arduino_due_x/libsam_sam3x8e_gcc_rel.a(spi.o)
                0x00083ce4                SPI_Enable
 *fill*         0x00083cea        0x2 
 .text.SPI_Configure
                0x00083cec       0x20 C:\Users\admin\AppData\Local\arduino15\packages\arduino\hardware\sam\1.6.11\variants\arduino_due_x/libsam_sam3x8e_gcc_rel.a(spi.o)
                0x00083cec                SPI_Configure
 .text.SPI_ConfigureNPCS
                0x00083d0c        0x8 C:\Users\admin\AppData\Local\arduino15\packages\arduino\hardware\sam\1.6.11\variants\arduino_due_x/libsam_sam3x8e_gcc_rel.a(spi.o)
                0x00083d0c                SPI_ConfigureNPCS
 .text.SystemInit
                0x00083d14       0x88 C:\Users\admin\AppData\Local\arduino15\packages\arduino\hardware\sam\1.6.11\variants\arduino_due_x/libsam_sam3x8e_gcc_rel.a(system_sam3xa.o)
                0x00083d14                SystemInit
 .text.Reset_Handler
                0x00083d9c       0x78 C:\Users\admin\AppData\Local\arduino15\packages\arduino\hardware\sam\1.6.11\variants\arduino_due_x/libsam_sam3x8e_gcc_rel.a(startup_sam3xa.o)
                0x00083d9c                Reset_Handler
 .text.adc_init
                0x00083e14       0x98 C:\Users\admin\AppData\Local\arduino15\packages\arduino\hardware\sam\1.6.11\variants\arduino_due_x/libsam_sam3x8e_gcc_rel.a(adc.o)
                0x00083e14                adc_init
 .text.adc_configure_trigger
                0x00083eac        0xe C:\Users\admin\AppData\Local\arduino15\packages\arduino\hardware\sam\1.6.11\variants\arduino_due_x/libsam_sam3x8e_gcc_rel.a(adc.o)
                0x00083eac                adc_configure_trigger
 .text.adc_configure_timing
                0x00083eba       0x1a C:\Users\admin\AppData\Local\arduino15\packages\arduino\hardware\sam\1.6.11\variants\arduino_due_x/libsam_sam3x8e_gcc_rel.a(adc.o)
                0x00083eba                adc_configure_timing
 .text.adc_disable_channel
                0x00083ed4        0xa C:\Users\admin\AppData\Local\arduino15\packages\arduino\hardware\sam\1.6.11\variants\arduino_due_x/libsam_sam3x8e_gcc_rel.a(adc.o)
                0x00083ed4                adc_disable_channel
 .text.adc_disable_all_channel
                0x00083ede        0x8 C:\Users\admin\AppData\Local\arduino15\packages\arduino\hardware\sam\1.6.11\variants\arduino_due_x/libsam_sam3x8e_gcc_rel.a(adc.o)
                0x00083ede                adc_disable_all_channel
 .text.adc_disable_interrupt
                0x00083ee6        0x4 C:\Users\admin\AppData\Local\arduino15\packages\arduino\hardware\sam\1.6.11\variants\arduino_due_x/libsam_sam3x8e_gcc_rel.a(adc.o)
                0x00083ee6                adc_disable_interrupt
 *fill*         0x00083eea        0x2 
 .text.UOTGHS_Handler
                0x00083eec       0x10 C:\Users\admin\AppData\Local\arduino15\packages\arduino\hardware\sam\1.6.11\variants\arduino_due_x/libsam_sam3x8e_gcc_rel.a(uotghs.o)
                0x00083eec                UOTGHS_Handler
 .text.__halt   0x00083efc        0x2 C:\Users\admin\AppData\Local\Temp\VMBuilds\LedFactory\arduino_due_x_dbg\Debug/core.a(cortex_handlers.c.o)
                0x00083efc                DACC_Handler
                0x00083efc                DebugMon_Handler
                0x00083efc                DMAC_Handler
                0x00083efc                TRNG_Handler
                0x00083efc                HardFault_Handler
                0x00083efc                TC2_Handler
                0x00083efc                TWI1_Handler
                0x00083efc                NMI_Handler
                0x00083efc                TC7_Handler
                0x00083efc                ADC_Handler
                0x00083efc                SMC_Handler
                0x00083efc                RTT_Handler
                0x00083efc                EFC1_Handler
                0x00083efc                PIOB_Handler
                0x00083efc                RTC_Handler
                0x00083efc                UsageFault_Handler
                0x00083efc                TC6_Handler
                0x00083efc                WDT_Handler
                0x00083efc                CAN0_Handler
                0x00083efc                TC4_Handler
                0x00083efc                TC1_Handler
                0x00083efc                HSMCI_Handler
                0x00083efc                TC3_Handler
                0x00083efc                TWI0_Handler
                0x00083efc                PIOA_Handler
                0x00083efc                SSC_Handler
                0x00083efc                EFC0_Handler
                0x00083efc                PMC_Handler
                0x00083efc                PWM_Handler
                0x00083efc                CAN1_Handler
                0x00083efc                MemManage_Handler
                0x00083efc                SUPC_Handler
                0x00083efc                TC8_Handler
                0x00083efc                USART2_Handler
                0x00083efc                PIOD_Handler
                0x00083efc                EMAC_Handler
                0x00083efc                PIOC_Handler
                0x00083efc                BusFault_Handler
                0x00083efc                RSTC_Handler
                0x00083efc                TC0_Handler
                0x00083efc                TC5_Handler
                0x00083efc                SPI0_Handler
 .text.SVC_Handler
                0x00083efe        0x4 C:\Users\admin\AppData\Local\Temp\VMBuilds\LedFactory\arduino_due_x_dbg\Debug/core.a(cortex_handlers.c.o)
                0x00083efe                SVC_Handler
 .text.PendSV_Handler
                0x00083f02        0x4 C:\Users\admin\AppData\Local\Temp\VMBuilds\LedFactory\arduino_due_x_dbg\Debug/core.a(cortex_handlers.c.o)
                0x00083f02                PendSV_Handler
 .text.SysTick_Handler
                0x00083f06       0x16 C:\Users\admin\AppData\Local\Temp\VMBuilds\LedFactory\arduino_due_x_dbg\Debug/core.a(cortex_handlers.c.o)
                0x00083f06                SysTick_Handler
 .text.__empty  0x00083f1c        0x2 C:\Users\admin\AppData\Local\Temp\VMBuilds\LedFactory\arduino_due_x_dbg\Debug/core.a(hooks.c.o)
                0x00083f1c                yield
 .text.__false  0x00083f1e        0x4 C:\Users\admin\AppData\Local\Temp\VMBuilds\LedFactory\arduino_due_x_dbg\Debug/core.a(hooks.c.o)
                0x00083f1e                sysTickHook
 .text.__halt   0x00083f22        0x2 C:\Users\admin\AppData\Local\Temp\VMBuilds\LedFactory\arduino_due_x_dbg\Debug/core.a(hooks.c.o)
                0x00083f22                svcHook
                0x00083f22                pendSVHook
 .text._sbrk    0x00083f24       0x1c C:\Users\admin\AppData\Local\Temp\VMBuilds\LedFactory\arduino_due_x_dbg\Debug/core.a(syscalls_sam3.c.o)
                0x00083f24                _sbrk
 .text.link     0x00083f40        0x6 C:\Users\admin\AppData\Local\Temp\VMBuilds\LedFactory\arduino_due_x_dbg\Debug/core.a(syscalls_sam3.c.o)
                0x00083f40                link
 .text._close   0x00083f46        0x6 C:\Users\admin\AppData\Local\Temp\VMBuilds\LedFactory\arduino_due_x_dbg\Debug/core.a(syscalls_sam3.c.o)
                0x00083f46                _close
 .text._fstat   0x00083f4c        0xa C:\Users\admin\AppData\Local\Temp\VMBuilds\LedFactory\arduino_due_x_dbg\Debug/core.a(syscalls_sam3.c.o)
                0x00083f4c                _fstat
 .text._isatty  0x00083f56        0x4 C:\Users\admin\AppData\Local\Temp\VMBuilds\LedFactory\arduino_due_x_dbg\Debug/core.a(syscalls_sam3.c.o)
                0x00083f56                _isatty
 .text._lseek   0x00083f5a        0x4 C:\Users\admin\AppData\Local\Temp\VMBuilds\LedFactory\arduino_due_x_dbg\Debug/core.a(syscalls_sam3.c.o)
                0x00083f5a                _lseek
 .text._read    0x00083f5e        0x4 C:\Users\admin\AppData\Local\Temp\VMBuilds\LedFactory\arduino_due_x_dbg\Debug/core.a(syscalls_sam3.c.o)
                0x00083f5e                _read
 *fill*         0x00083f62        0x2 
 .text._write   0x00083f64       0x24 C:\Users\admin\AppData\Local\Temp\VMBuilds\LedFactory\arduino_due_x_dbg\Debug/core.a(syscalls_sam3.c.o)
                0x00083f64                _write
 .text._exit    0x00083f88       0x10 C:\Users\admin\AppData\Local\Temp\VMBuilds\LedFactory\arduino_due_x_dbg\Debug/core.a(syscalls_sam3.c.o)
                0x00083f88                _exit
 .text._kill    0x00083f98        0x2 C:\Users\admin\AppData\Local\Temp\VMBuilds\LedFactory\arduino_due_x_dbg\Debug/core.a(syscalls_sam3.c.o)
                0x00083f98                _kill
 .text._getpid  0x00083f9a        0x6 C:\Users\admin\AppData\Local\Temp\VMBuilds\LedFactory\arduino_due_x_dbg\Debug/core.a(syscalls_sam3.c.o)
                0x00083f9a                _getpid
 .text.millis   0x00083fa0        0x4 C:\Users\admin\AppData\Local\Temp\VMBuilds\LedFactory\arduino_due_x_dbg\Debug/core.a(wiring.c.o)
                0x00083fa0                millis
 .text.micros   0x00083fa4       0x74 C:\Users\admin\AppData\Local\Temp\VMBuilds\LedFactory\arduino_due_x_dbg\Debug/core.a(wiring.c.o)
                0x00083fa4                micros
 .text.delay    0x00084018       0x1c C:\Users\admin\AppData\Local\Temp\VMBuilds\LedFactory\arduino_due_x_dbg\Debug/core.a(wiring.c.o)
                0x00084018                delay
 .text.analogOutputInit
                0x00084034        0x2 C:\Users\admin\AppData\Local\Temp\VMBuilds\LedFactory\arduino_due_x_dbg\Debug/core.a(wiring_analog.c.o)
                0x00084034                analogOutputInit
 *fill*         0x00084036        0x2 
 .text.pinMode  0x00084038      0x108 C:\Users\admin\AppData\Local\Temp\VMBuilds\LedFactory\arduino_due_x_dbg\Debug/core.a(wiring_digital.c.o)
                0x00084038                pinMode
 .text.digitalWrite
                0x00084140       0x70 C:\Users\admin\AppData\Local\Temp\VMBuilds\LedFactory\arduino_due_x_dbg\Debug/core.a(wiring_digital.c.o)
                0x00084140                digitalWrite
 .text._ZNK9IPAddress7printToER5Print
                0x000841b0       0x3c C:\Users\admin\AppData\Local\Temp\VMBuilds\LedFactory\arduino_due_x_dbg\Debug/core.a(IPAddress.cpp.o)
                0x000841b0                IPAddress::printTo(Print&) const
 .text._ZN9IPAddressC2Ev
                0x000841ec       0x10 C:\Users\admin\AppData\Local\Temp\VMBuilds\LedFactory\arduino_due_x_dbg\Debug/core.a(IPAddress.cpp.o)
                0x000841ec                IPAddress::IPAddress()
                0x000841ec                IPAddress::IPAddress()
 .text._ZN9IPAddressC2Ehhhh
                0x000841fc       0x18 C:\Users\admin\AppData\Local\Temp\VMBuilds\LedFactory\arduino_due_x_dbg\Debug/core.a(IPAddress.cpp.o)
                0x000841fc                IPAddress::IPAddress(unsigned char, unsigned char, unsigned char, unsigned char)
                0x000841fc                IPAddress::IPAddress(unsigned char, unsigned char, unsigned char, unsigned char)
 .text.startup._GLOBAL__sub_I__ZN9IPAddressC2Ev
                0x00084214       0x1c C:\Users\admin\AppData\Local\Temp\VMBuilds\LedFactory\arduino_due_x_dbg\Debug/core.a(IPAddress.cpp.o)
 .text.initVariant
                0x00084230        0x2 C:\Users\admin\AppData\Local\Temp\VMBuilds\LedFactory\arduino_due_x_dbg\Debug/core.a(main.cpp.o)
                0x00084230                initVariant
 *fill*         0x00084232        0x2 
 .text.startup.main
                0x00084234       0x38 C:\Users\admin\AppData\Local\Temp\VMBuilds\LedFactory\arduino_due_x_dbg\Debug/core.a(main.cpp.o)
                0x00084234                main
 .text._Znaj    0x0008426c        0x4 C:\Users\admin\AppData\Local\Temp\VMBuilds\LedFactory\arduino_due_x_dbg\Debug/core.a(new.cpp.o)
                0x0008426c                operator new[](unsigned int)
 .text._ZN5Print5writeEPKhj
                0x00084270       0x22 C:\Users\admin\AppData\Local\Temp\VMBuilds\LedFactory\arduino_due_x_dbg\Debug/core.a(Print.cpp.o)
                0x00084270                Print::write(unsigned char const*, unsigned int)
 .text._ZN5Print5printEmi.part.3
                0x00084292        0xc C:\Users\admin\AppData\Local\Temp\VMBuilds\LedFactory\arduino_due_x_dbg\Debug/core.a(Print.cpp.o)
 .text._ZN5Print5writeEPKc
                0x0008429e       0x1e C:\Users\admin\AppData\Local\Temp\VMBuilds\LedFactory\arduino_due_x_dbg\Debug/core.a(Print.cpp.o)
                0x0008429e                Print::write(char const*)
 .text._ZN5Print5printEc
                0x000842bc        0xa C:\Users\admin\AppData\Local\Temp\VMBuilds\LedFactory\arduino_due_x_dbg\Debug/core.a(Print.cpp.o)
                0x000842bc                Print::print(char)
 *fill*         0x000842c6        0x2 
 .text._ZN5Print7printlnEv
                0x000842c8       0x10 C:\Users\admin\AppData\Local\Temp\VMBuilds\LedFactory\arduino_due_x_dbg\Debug/core.a(Print.cpp.o)
                0x000842c8                Print::println()
 .text._ZN5Print7printlnEPKc
                0x000842d8       0x14 C:\Users\admin\AppData\Local\Temp\VMBuilds\LedFactory\arduino_due_x_dbg\Debug/core.a(Print.cpp.o)
                0x000842d8                Print::println(char const*)
 .text._ZN5Print11printNumberEmh
                0x000842ec       0x3e C:\Users\admin\AppData\Local\Temp\VMBuilds\LedFactory\arduino_due_x_dbg\Debug/core.a(Print.cpp.o)
                0x000842ec                Print::printNumber(unsigned long, unsigned char)
 .text._ZN5Print5printEli
                0x0008432a       0x3c C:\Users\admin\AppData\Local\Temp\VMBuilds\LedFactory\arduino_due_x_dbg\Debug/core.a(Print.cpp.o)
                0x0008432a                Print::print(long, int)
 .text._ZN5Print7printlnEii
                0x00084366       0x14 C:\Users\admin\AppData\Local\Temp\VMBuilds\LedFactory\arduino_due_x_dbg\Debug/core.a(Print.cpp.o)
                0x00084366                Print::println(int, int)
 .text._ZN5Print5printEmi
                0x0008437a        0xc C:\Users\admin\AppData\Local\Temp\VMBuilds\LedFactory\arduino_due_x_dbg\Debug/core.a(Print.cpp.o)
                0x0008437a                Print::print(unsigned long, int)
 .text._ZN5Print5printEhi
                0x00084386        0x4 C:\Users\admin\AppData\Local\Temp\VMBuilds\LedFactory\arduino_due_x_dbg\Debug/core.a(Print.cpp.o)
                0x00084386                Print::print(unsigned char, int)
 *fill*         0x0008438a        0x2 
 .text.initiateReset
                0x0008438c        0xc C:\Users\admin\AppData\Local\Temp\VMBuilds\LedFactory\arduino_due_x_dbg\Debug/core.a(Reset.cpp.o)
                0x0008438c                initiateReset
 .text.cancelReset
                0x00084398       0x10 C:\Users\admin\AppData\Local\Temp\VMBuilds\LedFactory\arduino_due_x_dbg\Debug/core.a(Reset.cpp.o)
                0x00084398                cancelReset
 .text.tickReset
                0x000843a8       0x20 C:\Users\admin\AppData\Local\Temp\VMBuilds\LedFactory\arduino_due_x_dbg\Debug/core.a(Reset.cpp.o)
                0x000843a8                tickReset
 .text._ZN10RingBufferC2Ev
                0x000843c8       0x1a C:\Users\admin\AppData\Local\Temp\VMBuilds\LedFactory\arduino_due_x_dbg\Debug/core.a(RingBuffer.cpp.o)
                0x000843c8                RingBuffer::RingBuffer()
                0x000843c8                RingBuffer::RingBuffer()
 .text._ZN10RingBuffer10store_charEh
                0x000843e2       0x1e C:\Users\admin\AppData\Local\Temp\VMBuilds\LedFactory\arduino_due_x_dbg\Debug/core.a(RingBuffer.cpp.o)
                0x000843e2                RingBuffer::store_char(unsigned char)
 .text._ZN9UARTClasscvbEv
                0x00084400        0x4 C:\Users\admin\AppData\Local\Temp\VMBuilds\LedFactory\arduino_due_x_dbg\Debug/core.a(UARTClass.cpp.o)
                0x00084400                UARTClass::operator bool()
 .text._ZN9UARTClass9availableEv
                0x00084404       0x12 C:\Users\admin\AppData\Local\Temp\VMBuilds\LedFactory\arduino_due_x_dbg\Debug/core.a(UARTClass.cpp.o)
                0x00084404                UARTClass::available()
 .text._ZN9UARTClass4peekEv
                0x00084416       0x1c C:\Users\admin\AppData\Local\Temp\VMBuilds\LedFactory\arduino_due_x_dbg\Debug/core.a(UARTClass.cpp.o)
                0x00084416                UARTClass::peek()
 .text._ZN9UARTClass4readEv
                0x00084432       0x2a C:\Users\admin\AppData\Local\Temp\VMBuilds\LedFactory\arduino_due_x_dbg\Debug/core.a(UARTClass.cpp.o)
                0x00084432                UARTClass::read()
 .text._ZN9UARTClass5flushEv
                0x0008445c       0x18 C:\Users\admin\AppData\Local\Temp\VMBuilds\LedFactory\arduino_due_x_dbg\Debug/core.a(UARTClass.cpp.o)
                0x0008445c                UARTClass::flush()
 .text._ZN9UARTClass5writeEh
                0x00084474       0x54 C:\Users\admin\AppData\Local\Temp\VMBuilds\LedFactory\arduino_due_x_dbg\Debug/core.a(UARTClass.cpp.o)
                0x00084474                UARTClass::write(unsigned char)
 .text._ZN9UARTClass3endEv
                0x000844c8       0x3c C:\Users\admin\AppData\Local\Temp\VMBuilds\LedFactory\arduino_due_x_dbg\Debug/core.a(UARTClass.cpp.o)
                0x000844c8                UARTClass::end()
 .text._ZN9UARTClassC2EP4Uart4IRQnmP10RingBufferS4_
                0x00084504       0x24 C:\Users\admin\AppData\Local\Temp\VMBuilds\LedFactory\arduino_due_x_dbg\Debug/core.a(UARTClass.cpp.o)
                0x00084504                UARTClass::UARTClass(Uart*, IRQn, unsigned long, RingBuffer*, RingBuffer*)
                0x00084504                UARTClass::UARTClass(Uart*, IRQn, unsigned long, RingBuffer*, RingBuffer*)
 .text._ZN9UARTClass4initEmm
                0x00084528       0x70 C:\Users\admin\AppData\Local\Temp\VMBuilds\LedFactory\arduino_due_x_dbg\Debug/core.a(UARTClass.cpp.o)
                0x00084528                UARTClass::init(unsigned long, unsigned long)
 .text._ZN9UARTClass5beginEm
                0x00084598        0x8 C:\Users\admin\AppData\Local\Temp\VMBuilds\LedFactory\arduino_due_x_dbg\Debug/core.a(UARTClass.cpp.o)
                0x00084598                UARTClass::begin(unsigned long)
 .text._ZN9UARTClass10IrqHandlerEv
                0x000845a0       0x5a C:\Users\admin\AppData\Local\Temp\VMBuilds\LedFactory\arduino_due_x_dbg\Debug/core.a(UARTClass.cpp.o)
                0x000845a0                UARTClass::IrqHandler()
 .text._ZN10USARTClass5beginEm
                0x000845fa        0x8 C:\Users\admin\AppData\Local\Temp\VMBuilds\LedFactory\arduino_due_x_dbg\Debug/core.a(USARTClass.cpp.o)
                0x000845fa                USARTClass::begin(unsigned long)
 *fill*         0x00084602        0x2 
 .text._ZN10USARTClassC2EP5Usart4IRQnmP10RingBufferS4_
                0x00084604       0x24 C:\Users\admin\AppData\Local\Temp\VMBuilds\LedFactory\arduino_due_x_dbg\Debug/core.a(USARTClass.cpp.o)
                0x00084604                USARTClass::USARTClass(Usart*, IRQn, unsigned long, RingBuffer*, RingBuffer*)
                0x00084604                USARTClass::USARTClass(Usart*, IRQn, unsigned long, RingBuffer*, RingBuffer*)
 .text._watchdogDefaultSetup
                0x00084628        0xc C:\Users\admin\AppData\Local\Temp\VMBuilds\LedFactory\arduino_due_x_dbg\Debug/core.a(watchdog.cpp.o)
                0x00084628                _watchdogDefaultSetup
                0x00084628                watchdogSetup()
 .text.unlikely._ZL11USB_SendZlpv
                0x00084634       0x20 C:\Users\admin\AppData\Local\Temp\VMBuilds\LedFactory\arduino_due_x_dbg\Debug/core.a(USBCore.cpp.o)
 .text._Z14USBD_Availablem
                0x00084654       0x2c C:\Users\admin\AppData\Local\Temp\VMBuilds\LedFactory\arduino_due_x_dbg\Debug/core.a(USBCore.cpp.o)
                0x00084654                USBD_Available(unsigned long)
 .text._Z9USBD_RecvmPvm
                0x00084680       0x7c C:\Users\admin\AppData\Local\Temp\VMBuilds\LedFactory\arduino_due_x_dbg\Debug/core.a(USBCore.cpp.o)
                0x00084680                USBD_Recv(unsigned long, void*, unsigned long)
 .text._Z9USBD_Recvm
                0x000846fc       0x22 C:\Users\admin\AppData\Local\Temp\VMBuilds\LedFactory\arduino_due_x_dbg\Debug/core.a(USBCore.cpp.o)
                0x000846fc                USBD_Recv(unsigned long)
 *fill*         0x0008471e        0x2 
 .text._Z9USBD_SendmPKvm
                0x00084720       0x4c C:\Users\admin\AppData\Local\Temp\VMBuilds\LedFactory\arduino_due_x_dbg\Debug/core.a(USBCore.cpp.o)
                0x00084720                USBD_Send(unsigned long, void const*, unsigned long)
 .text._Z16USBD_SendControlhPKvm
                0x0008476c       0x40 C:\Users\admin\AppData\Local\Temp\VMBuilds\LedFactory\arduino_due_x_dbg\Debug/core.a(USBCore.cpp.o)
                0x0008476c                USBD_SendControl(unsigned char, void const*, unsigned long)
 .text.unlikely._ZL24USB_SendStringDescriptorPKhi
                0x000847ac       0x64 C:\Users\admin\AppData\Local\Temp\VMBuilds\LedFactory\arduino_due_x_dbg\Debug/core.a(USBCore.cpp.o)
 .text._Z16USBD_RecvControlPvm
                0x00084810       0x1c C:\Users\admin\AppData\Local\Temp\VMBuilds\LedFactory\arduino_due_x_dbg\Debug/core.a(USBCore.cpp.o)
                0x00084810                USBD_RecvControl(void*, unsigned long)
 .text._Z26USBD_ClassInterfaceRequestR8USBSetup
                0x0008482c       0x1e C:\Users\admin\AppData\Local\Temp\VMBuilds\LedFactory\arduino_due_x_dbg\Debug/core.a(USBCore.cpp.o)
                0x0008482c                USBD_ClassInterfaceRequest(USBSetup&)
 .text._Z19USBD_SendInterfacesv
                0x0008484a       0x22 C:\Users\admin\AppData\Local\Temp\VMBuilds\LedFactory\arduino_due_x_dbg\Debug/core.a(USBCore.cpp.o)
                0x0008484a                USBD_SendInterfaces()
 .text._Z24USBD_SendOtherInterfacesv
                0x0008486c       0x22 C:\Users\admin\AppData\Local\Temp\VMBuilds\LedFactory\arduino_due_x_dbg\Debug/core.a(USBCore.cpp.o)
                0x0008486c                USBD_SendOtherInterfaces()
 .text._Z10USBD_Flushm
                0x0008488e       0x16 C:\Users\admin\AppData\Local\Temp\VMBuilds\LedFactory\arduino_due_x_dbg\Debug/core.a(USBCore.cpp.o)
                0x0008488e                USBD_Flush(unsigned long)
 .text._ZN10USBDevice_C2Ev
                0x000848a4       0x24 C:\Users\admin\AppData\Local\Temp\VMBuilds\LedFactory\arduino_due_x_dbg\Debug/core.a(USBCore.cpp.o)
                0x000848a4                USBDevice_::USBDevice_()
                0x000848a4                USBDevice_::USBDevice_()
 .text._ZN10USBDevice_6attachEv
                0x000848c8       0x20 C:\Users\admin\AppData\Local\Temp\VMBuilds\LedFactory\arduino_due_x_dbg\Debug/core.a(USBCore.cpp.o)
                0x000848c8                USBDevice_::attach()
 .text.startup._GLOBAL__sub_I_EndPoints
                0x000848e8        0xc C:\Users\admin\AppData\Local\Temp\VMBuilds\LedFactory\arduino_due_x_dbg\Debug/core.a(USBCore.cpp.o)
 .text._ZL7USB_ISRv
                0x000848f4      0x454 C:\Users\admin\AppData\Local\Temp\VMBuilds\LedFactory\arduino_due_x_dbg\Debug/core.a(USBCore.cpp.o)
 .text._ZN7Serial_9availableEv
                0x00084d48       0x18 C:\Users\admin\AppData\Local\Temp\VMBuilds\LedFactory\arduino_due_x_dbg\Debug/core.a(CDC.cpp.o)
                0x00084d48                Serial_::available()
 .text._ZN7Serial_17availableForWriteEv
                0x00084d60        0x6 C:\Users\admin\AppData\Local\Temp\VMBuilds\LedFactory\arduino_due_x_dbg\Debug/core.a(CDC.cpp.o)
                0x00084d60                Serial_::availableForWrite()
 *fill*         0x00084d66        0x2 
 .text._ZN7Serial_4peekEv
                0x00084d68       0x20 C:\Users\admin\AppData\Local\Temp\VMBuilds\LedFactory\arduino_due_x_dbg\Debug/core.a(CDC.cpp.o)
                0x00084d68                Serial_::peek()
 .text._ZN7Serial_5writeEh
                0x00084d88       0x16 C:\Users\admin\AppData\Local\Temp\VMBuilds\LedFactory\arduino_due_x_dbg\Debug/core.a(CDC.cpp.o)
                0x00084d88                Serial_::write(unsigned char)
 *fill*         0x00084d9e        0x2 
 .text._ZN7Serial_4readEv
                0x00084da0       0x44 C:\Users\admin\AppData\Local\Temp\VMBuilds\LedFactory\arduino_due_x_dbg\Debug/core.a(CDC.cpp.o)
                0x00084da0                Serial_::read()
 .text._ZN7Serial_5flushEv
                0x00084de4        0x6 C:\Users\admin\AppData\Local\Temp\VMBuilds\LedFactory\arduino_due_x_dbg\Debug/core.a(CDC.cpp.o)
                0x00084de4                Serial_::flush()
 *fill*         0x00084dea        0x2 
 .text._ZN7Serial_6acceptEv
                0x00084dec       0x70 C:\Users\admin\AppData\Local\Temp\VMBuilds\LedFactory\arduino_due_x_dbg\Debug/core.a(CDC.cpp.o)
                0x00084dec                Serial_::accept()
 .text._ZN7Serial_5writeEPKhj
                0x00084e5c       0x2c C:\Users\admin\AppData\Local\Temp\VMBuilds\LedFactory\arduino_due_x_dbg\Debug/core.a(CDC.cpp.o)
                0x00084e5c                Serial_::write(unsigned char const*, unsigned int)
 .text._Z16CDC_GetInterfacePh
                0x00084e88       0x14 C:\Users\admin\AppData\Local\Temp\VMBuilds\LedFactory\arduino_due_x_dbg\Debug/core.a(CDC.cpp.o)
                0x00084e88                CDC_GetInterface(unsigned char*)
 .text._Z21CDC_GetOtherInterfacePh
                0x00084e9c       0x14 C:\Users\admin\AppData\Local\Temp\VMBuilds\LedFactory\arduino_due_x_dbg\Debug/core.a(CDC.cpp.o)
                0x00084e9c                CDC_GetOtherInterface(unsigned char*)
 .text._Z9CDC_SetupR8USBSetup
                0x00084eb0       0x78 C:\Users\admin\AppData\Local\Temp\VMBuilds\LedFactory\arduino_due_x_dbg\Debug/core.a(CDC.cpp.o)
                0x00084eb0                CDC_Setup(USBSetup&)
 .text.startup._GLOBAL__sub_I_cdc_rx_buffer
                0x00084f28       0x1c C:\Users\admin\AppData\Local\Temp\VMBuilds\LedFactory\arduino_due_x_dbg\Debug/core.a(CDC.cpp.o)
 .text._ZN13PluggableUSB_12getInterfaceEPh
                0x00084f44       0x28 C:\Users\admin\AppData\Local\Temp\VMBuilds\LedFactory\arduino_due_x_dbg\Debug/core.a(PluggableUSB.cpp.o)
                0x00084f44                PluggableUSB_::getInterface(unsigned char*)
 .text._ZN13PluggableUSB_13getDescriptorER8USBSetup
                0x00084f6c       0x1c C:\Users\admin\AppData\Local\Temp\VMBuilds\LedFactory\arduino_due_x_dbg\Debug/core.a(PluggableUSB.cpp.o)
                0x00084f6c                PluggableUSB_::getDescriptor(USBSetup&)
 .text._ZN13PluggableUSB_12getShortNameEPc
                0x00084f88       0x1c C:\Users\admin\AppData\Local\Temp\VMBuilds\LedFactory\arduino_due_x_dbg\Debug/core.a(PluggableUSB.cpp.o)
                0x00084f88                PluggableUSB_::getShortName(char*)
 .text._ZN13PluggableUSB_5setupER8USBSetup
                0x00084fa4       0x20 C:\Users\admin\AppData\Local\Temp\VMBuilds\LedFactory\arduino_due_x_dbg\Debug/core.a(PluggableUSB.cpp.o)
                0x00084fa4                PluggableUSB_::setup(USBSetup&)
 .text._Z12PluggableUSBv
                0x00084fc4       0x28 C:\Users\admin\AppData\Local\Temp\VMBuilds\LedFactory\arduino_due_x_dbg\Debug/core.a(PluggableUSB.cpp.o)
                0x00084fc4                PluggableUSB()
 .text.TimeTick_Increment
                0x00084fec       0x10 C:\Users\admin\AppData\Local\arduino15\packages\arduino\hardware\sam\1.6.11\variants\arduino_due_x/libsam_sam3x8e_gcc_rel.a(timetick.o)
                0x00084fec                TimeTick_Increment
 .text.GetTickCount
                0x00084ffc        0xc C:\Users\admin\AppData\Local\arduino15\packages\arduino\hardware\sam\1.6.11\variants\arduino_due_x/libsam_sam3x8e_gcc_rel.a(timetick.o)
                0x00084ffc                GetTickCount
 .text.WDT_Disable
                0x00085008        0x8 C:\Users\admin\AppData\Local\arduino15\packages\arduino\hardware\sam\1.6.11\variants\arduino_due_x/libsam_sam3x8e_gcc_rel.a(wdt.o)
                0x00085008                WDT_Disable
 .text.UDD_SetStack
                0x00085010        0xc C:\Users\admin\AppData\Local\arduino15\packages\arduino\hardware\sam\1.6.11\variants\arduino_due_x/libsam_sam3x8e_gcc_rel.a(uotghs_device.o)
                0x00085010                UDD_SetStack
 .text.UDD_Init
                0x0008501c       0xd0 C:\Users\admin\AppData\Local\arduino15\packages\arduino\hardware\sam\1.6.11\variants\arduino_due_x/libsam_sam3x8e_gcc_rel.a(uotghs_device.o)
                0x0008501c                UDD_Init
 .text.UDD_Attach
                0x000850ec       0x50 C:\Users\admin\AppData\Local\arduino15\packages\arduino\hardware\sam\1.6.11\variants\arduino_due_x/libsam_sam3x8e_gcc_rel.a(uotghs_device.o)
                0x000850ec                UDD_Attach
 .text.UDD_InitEP
                0x0008513c       0x2c C:\Users\admin\AppData\Local\arduino15\packages\arduino\hardware\sam\1.6.11\variants\arduino_due_x/libsam_sam3x8e_gcc_rel.a(uotghs_device.o)
                0x0008513c                UDD_InitEP
 .text.UDD_InitEndpoints
                0x00085168       0x3c C:\Users\admin\AppData\Local\arduino15\packages\arduino\hardware\sam\1.6.11\variants\arduino_due_x/libsam_sam3x8e_gcc_rel.a(uotghs_device.o)
                0x00085168                UDD_InitEndpoints
 .text.UDD_WaitIN
                0x000851a4       0x10 C:\Users\admin\AppData\Local\arduino15\packages\arduino\hardware\sam\1.6.11\variants\arduino_due_x/libsam_sam3x8e_gcc_rel.a(uotghs_device.o)
                0x000851a4                UDD_WaitIN
 .text.UDD_WaitOUT
                0x000851b4       0x10 C:\Users\admin\AppData\Local\arduino15\packages\arduino\hardware\sam\1.6.11\variants\arduino_due_x/libsam_sam3x8e_gcc_rel.a(uotghs_device.o)
                0x000851b4                UDD_WaitOUT
 .text.UDD_ClearIN
                0x000851c4       0x18 C:\Users\admin\AppData\Local\arduino15\packages\arduino\hardware\sam\1.6.11\variants\arduino_due_x/libsam_sam3x8e_gcc_rel.a(uotghs_device.o)
                0x000851c4                UDD_ClearIN
 .text.UDD_ClearOUT
                0x000851dc       0x18 C:\Users\admin\AppData\Local\arduino15\packages\arduino\hardware\sam\1.6.11\variants\arduino_due_x/libsam_sam3x8e_gcc_rel.a(uotghs_device.o)
                0x000851dc                UDD_ClearOUT
 .text.UDD_ReceivedSetupInt
                0x000851f4       0x10 C:\Users\admin\AppData\Local\arduino15\packages\arduino\hardware\sam\1.6.11\variants\arduino_due_x/libsam_sam3x8e_gcc_rel.a(uotghs_device.o)
                0x000851f4                UDD_ReceivedSetupInt
 .text.UDD_ClearSetupInt
                0x00085204       0x10 C:\Users\admin\AppData\Local\arduino15\packages\arduino\hardware\sam\1.6.11\variants\arduino_due_x/libsam_sam3x8e_gcc_rel.a(uotghs_device.o)
                0x00085204                UDD_ClearSetupInt
 .text.UDD_Send
                0x00085214       0x88 C:\Users\admin\AppData\Local\arduino15\packages\arduino\hardware\sam\1.6.11\variants\arduino_due_x/libsam_sam3x8e_gcc_rel.a(uotghs_device.o)
                0x00085214                UDD_Send
 .text.UDD_Send8
                0x0008529c       0x24 C:\Users\admin\AppData\Local\arduino15\packages\arduino\hardware\sam\1.6.11\variants\arduino_due_x/libsam_sam3x8e_gcc_rel.a(uotghs_device.o)
                0x0008529c                UDD_Send8
 .text.UDD_Recv8
                0x000852c0       0x28 C:\Users\admin\AppData\Local\arduino15\packages\arduino\hardware\sam\1.6.11\variants\arduino_due_x/libsam_sam3x8e_gcc_rel.a(uotghs_device.o)
                0x000852c0                UDD_Recv8
 .text.UDD_Recv
                0x000852e8       0x34 C:\Users\admin\AppData\Local\arduino15\packages\arduino\hardware\sam\1.6.11\variants\arduino_due_x/libsam_sam3x8e_gcc_rel.a(uotghs_device.o)
                0x000852e8                UDD_Recv
 .text.UDD_Stall
                0x0008531c       0x14 C:\Users\admin\AppData\Local\arduino15\packages\arduino\hardware\sam\1.6.11\variants\arduino_due_x/libsam_sam3x8e_gcc_rel.a(uotghs_device.o)
                0x0008531c                UDD_Stall
 .text.UDD_FifoByteCount
                0x00085330       0x14 C:\Users\admin\AppData\Local\arduino15\packages\arduino\hardware\sam\1.6.11\variants\arduino_due_x/libsam_sam3x8e_gcc_rel.a(uotghs_device.o)
                0x00085330                UDD_FifoByteCount
 .text.UDD_ReleaseRX
                0x00085344       0x28 C:\Users\admin\AppData\Local\arduino15\packages\arduino\hardware\sam\1.6.11\variants\arduino_due_x/libsam_sam3x8e_gcc_rel.a(uotghs_device.o)
                0x00085344                UDD_ReleaseRX
 .text.UDD_ReleaseTX
                0x0008536c       0x28 C:\Users\admin\AppData\Local\arduino15\packages\arduino\hardware\sam\1.6.11\variants\arduino_due_x/libsam_sam3x8e_gcc_rel.a(uotghs_device.o)
                0x0008536c                UDD_ReleaseTX
 .text.UDD_SetAddress
                0x00085394       0x20 C:\Users\admin\AppData\Local\arduino15\packages\arduino\hardware\sam\1.6.11\variants\arduino_due_x/libsam_sam3x8e_gcc_rel.a(uotghs_device.o)
                0x00085394                UDD_SetAddress
 .text          0x000853b4      0x370 c:/users/admin/appdata/local/arduino15/packages/arduino/tools/arm-none-eabi-gcc/4.8.3-2014q1/bin/../lib/gcc/arm-none-eabi/4.8.3/armv7-m\libgcc.a(_arm_addsubdf3.o)
                0x000853b4                __aeabi_drsub
                0x000853bc                __aeabi_dsub
                0x000853bc                __subdf3
                0x000853c0                __aeabi_dadd
                0x000853c0                __adddf3
                0x00085638                __floatunsidf
                0x00085638                __aeabi_ui2d
                0x00085658                __floatsidf
                0x00085658                __aeabi_i2d
                0x0008567c                __aeabi_f2d
                0x0008567c                __extendsfdf2
                0x000856b8                __floatundidf
                0x000856b8                __aeabi_ul2d
                0x000856c8                __floatdidf
                0x000856c8                __aeabi_l2d
 .text          0x00085724      0x424 c:/users/admin/appdata/local/arduino15/packages/arduino/tools/arm-none-eabi-gcc/4.8.3-2014q1/bin/../lib/gcc/arm-none-eabi/4.8.3/armv7-m\libgcc.a(_arm_muldivdf3.o)
                0x00085724                __aeabi_dmul
                0x00085724                __muldf3
                0x00085978                __divdf3
                0x00085978                __aeabi_ddiv
 .text          0x00085b48      0x110 c:/users/admin/appdata/local/arduino15/packages/arduino/tools/arm-none-eabi-gcc/4.8.3-2014q1/bin/../lib/gcc/arm-none-eabi/4.8.3/armv7-m\libgcc.a(_arm_cmpdf2.o)
                0x00085b48                __gtdf2
                0x00085b48                __gedf2
                0x00085b50                __ltdf2
                0x00085b50                __ledf2
                0x00085b58                __nedf2
                0x00085b58                __eqdf2
                0x00085b58                __cmpdf2
                0x00085bd4                __aeabi_cdrcmple
                0x00085be4                __aeabi_cdcmpeq
                0x00085be4                __aeabi_cdcmple
                0x00085bf4                __aeabi_dcmpeq
                0x00085c08                __aeabi_dcmplt
                0x00085c1c                __aeabi_dcmple
                0x00085c30                __aeabi_dcmpge
                0x00085c44                __aeabi_dcmpgt
 .text          0x00085c58       0x40 c:/users/admin/appdata/local/arduino15/packages/arduino/tools/arm-none-eabi-gcc/4.8.3-2014q1/bin/../lib/gcc/arm-none-eabi/4.8.3/armv7-m\libgcc.a(_arm_fixunsdfsi.o)
                0x00085c58                __aeabi_d2uiz
                0x00085c58                __fixunsdfsi
 .text.__libc_init_array
                0x00085c98       0x50 c:/users/admin/appdata/local/arduino15/packages/arduino/tools/arm-none-eabi-gcc/4.8.3-2014q1/bin/../lib/gcc/arm-none-eabi/4.8.3/../../../../arm-none-eabi/lib/armv7-m\libg.a(lib_a-init.o)
                0x00085c98                __libc_init_array
 .text.iprintf  0x00085ce8       0x28 c:/users/admin/appdata/local/arduino15/packages/arduino/tools/arm-none-eabi-gcc/4.8.3-2014q1/bin/../lib/gcc/arm-none-eabi/4.8.3/../../../../arm-none-eabi/lib/armv7-m\libg.a(lib_a-iprintf.o)
                0x00085ce8                iprintf
 .text.malloc   0x00085d10       0x10 c:/users/admin/appdata/local/arduino15/packages/arduino/tools/arm-none-eabi-gcc/4.8.3-2014q1/bin/../lib/gcc/arm-none-eabi/4.8.3/../../../../arm-none-eabi/lib/armv7-m\libg.a(lib_a-malloc.o)
                0x00085d10                malloc
 .text._malloc_r
                0x00085d20      0x538 c:/users/admin/appdata/local/arduino15/packages/arduino/tools/arm-none-eabi-gcc/4.8.3-2014q1/bin/../lib/gcc/arm-none-eabi/4.8.3/../../../../arm-none-eabi/lib/armv7-m\libg.a(lib_a-mallocr.o)
                0x00085d20                _malloc_r
 .text.memcmp   0x00086258       0x68 c:/users/admin/appdata/local/arduino15/packages/arduino/tools/arm-none-eabi-gcc/4.8.3-2014q1/bin/../lib/gcc/arm-none-eabi/4.8.3/../../../../arm-none-eabi/lib/armv7-m\libg.a(lib_a-memcmp.o)
                0x00086258                memcmp
 .text          0x000862c0       0xec c:/users/admin/appdata/local/arduino15/packages/arduino/tools/arm-none-eabi-gcc/4.8.3-2014q1/bin/../lib/gcc/arm-none-eabi/4.8.3/../../../../arm-none-eabi/lib/armv7-m\libg.a(lib_a-memcpy.o)
                0x000862c0                memcpy
 .text.memset   0x000863ac       0x94 c:/users/admin/appdata/local/arduino15/packages/arduino/tools/arm-none-eabi-gcc/4.8.3-2014q1/bin/../lib/gcc/arm-none-eabi/4.8.3/../../../../arm-none-eabi/lib/armv7-m\libg.a(lib_a-memset.o)
                0x000863ac                memset
 .text.__malloc_lock
                0x00086440        0x4 c:/users/admin/appdata/local/arduino15/packages/arduino/tools/arm-none-eabi-gcc/4.8.3-2014q1/bin/../lib/gcc/arm-none-eabi/4.8.3/../../../../arm-none-eabi/lib/armv7-m\libg.a(lib_a-mlock.o)
                0x00086440                __malloc_lock
 .text.__malloc_unlock
                0x00086444        0x4 c:/users/admin/appdata/local/arduino15/packages/arduino/tools/arm-none-eabi-gcc/4.8.3-2014q1/bin/../lib/gcc/arm-none-eabi/4.8.3/../../../../arm-none-eabi/lib/armv7-m\libg.a(lib_a-mlock.o)
                0x00086444                __malloc_unlock
 .text._sbrk_r  0x00086448       0x24 c:/users/admin/appdata/local/arduino15/packages/arduino/tools/arm-none-eabi-gcc/4.8.3-2014q1/bin/../lib/gcc/arm-none-eabi/4.8.3/../../../../arm-none-eabi/lib/armv7-m\libg.a(lib_a-sbrkr.o)
                0x00086448                _sbrk_r
 .text.strchrnul
                0x0008646c       0x18 c:/users/admin/appdata/local/arduino15/packages/arduino/tools/arm-none-eabi-gcc/4.8.3-2014q1/bin/../lib/gcc/arm-none-eabi/4.8.3/../../../../arm-none-eabi/lib/armv7-m\libg.a(lib_a-strchrnul.o)
                0x0008646c                strchrnul
 .text.strlen   0x00086484       0x60 c:/users/admin/appdata/local/arduino15/packages/arduino/tools/arm-none-eabi-gcc/4.8.3-2014q1/bin/../lib/gcc/arm-none-eabi/4.8.3/../../../../arm-none-eabi/lib/armv7-m\libg.a(lib_a-strlen.o)
                0x00086484                strlen
 .text.strsep   0x000864e4        0xc c:/users/admin/appdata/local/arduino15/packages/arduino/tools/arm-none-eabi-gcc/4.8.3-2014q1/bin/../lib/gcc/arm-none-eabi/4.8.3/../../../../arm-none-eabi/lib/armv7-m\libg.a(lib_a-strsep.o)
                0x000864e4                strsep
 .text.critical_factorization
                0x000864f0       0xbc c:/users/admin/appdata/local/arduino15/packages/arduino/tools/arm-none-eabi-gcc/4.8.3-2014q1/bin/../lib/gcc/arm-none-eabi/4.8.3/../../../../arm-none-eabi/lib/armv7-m\libg.a(lib_a-strstr.o)
 .text.two_way_long_needle
                0x000865ac      0x1ec c:/users/admin/appdata/local/arduino15/packages/arduino/tools/arm-none-eabi-gcc/4.8.3-2014q1/bin/../lib/gcc/arm-none-eabi/4.8.3/../../../../arm-none-eabi/lib/armv7-m\libg.a(lib_a-strstr.o)
 .text.strstr   0x00086798      0x200 c:/users/admin/appdata/local/arduino15/packages/arduino/tools/arm-none-eabi-gcc/4.8.3-2014q1/bin/../lib/gcc/arm-none-eabi/4.8.3/../../../../arm-none-eabi/lib/armv7-m\libg.a(lib_a-strstr.o)
                0x00086798                strstr
 .text.__strtok_r
                0x00086998       0x64 c:/users/admin/appdata/local/arduino15/packages/arduino/tools/arm-none-eabi-gcc/4.8.3-2014q1/bin/../lib/gcc/arm-none-eabi/4.8.3/../../../../arm-none-eabi/lib/armv7-m\libg.a(lib_a-strtok_r.o)
                0x00086998                __strtok_r
 .text.kill     0x000869fc       0x10 c:/users/admin/appdata/local/arduino15/packages/arduino/tools/arm-none-eabi-gcc/4.8.3-2014q1/bin/../lib/gcc/arm-none-eabi/4.8.3/../../../../arm-none-eabi/lib/armv7-m\libg.a(lib_a-syskill.o)
                0x000869fc                kill
 .text.__sprint_r.part.0
                0x00086a0c       0x78 c:/users/admin/appdata/local/arduino15/packages/arduino/tools/arm-none-eabi-gcc/4.8.3-2014q1/bin/../lib/gcc/arm-none-eabi/4.8.3/../../../../arm-none-eabi/lib/armv7-m\libg.a(lib_a-vfiprintf.o)
 .text._vfiprintf_r
                0x00086a84      0xc54 c:/users/admin/appdata/local/arduino15/packages/arduino/tools/arm-none-eabi-gcc/4.8.3-2014q1/bin/../lib/gcc/arm-none-eabi/4.8.3/../../../../arm-none-eabi/lib/armv7-m\libg.a(lib_a-vfiprintf.o)
                0x00086a84                _vfiprintf_r
 .text.__sbprintf
                0x000876d8       0x7c c:/users/admin/appdata/local/arduino15/packages/arduino/tools/arm-none-eabi-gcc/4.8.3-2014q1/bin/../lib/gcc/arm-none-eabi/4.8.3/../../../../arm-none-eabi/lib/armv7-m\libg.a(lib_a-vfiprintf.o)
 .text.__swsetup_r
                0x00087754       0xc4 c:/users/admin/appdata/local/arduino15/packages/arduino/tools/arm-none-eabi-gcc/4.8.3-2014q1/bin/../lib/gcc/arm-none-eabi/4.8.3/../../../../arm-none-eabi/lib/armv7-m\libg.a(lib_a-wsetup.o)
                0x00087754                __swsetup_r
 .text.startup.register_fini
                0x00087818       0x14 c:/users/admin/appdata/local/arduino15/packages/arduino/tools/arm-none-eabi-gcc/4.8.3-2014q1/bin/../lib/gcc/arm-none-eabi/4.8.3/../../../../arm-none-eabi/lib/armv7-m\libg.a(lib_a-__call_atexit.o)
 .text.atexit   0x0008782c        0xc c:/users/admin/appdata/local/arduino15/packages/arduino/tools/arm-none-eabi-gcc/4.8.3-2014q1/bin/../lib/gcc/arm-none-eabi/4.8.3/../../../../arm-none-eabi/lib/armv7-m\libg.a(lib_a-atexit.o)
                0x0008782c                atexit
 .text.__sflush_r
                0x00087838      0x148 c:/users/admin/appdata/local/arduino15/packages/arduino/tools/arm-none-eabi-gcc/4.8.3-2014q1/bin/../lib/gcc/arm-none-eabi/4.8.3/../../../../arm-none-eabi/lib/armv7-m\libg.a(lib_a-fflush.o)
                0x00087838                __sflush_r
 .text._fflush_r
                0x00087980       0x2c c:/users/admin/appdata/local/arduino15/packages/arduino/tools/arm-none-eabi-gcc/4.8.3-2014q1/bin/../lib/gcc/arm-none-eabi/4.8.3/../../../../arm-none-eabi/lib/armv7-m\libg.a(lib_a-fflush.o)
                0x00087980                _fflush_r
 .text._cleanup_r
                0x000879ac        0xc c:/users/admin/appdata/local/arduino15/packages/arduino/tools/arm-none-eabi-gcc/4.8.3-2014q1/bin/../lib/gcc/arm-none-eabi/4.8.3/../../../../arm-none-eabi/lib/armv7-m\libg.a(lib_a-findfp.o)
                0x000879ac                _cleanup_r
 .text.__sinit  0x000879b8       0xf4 c:/users/admin/appdata/local/arduino15/packages/arduino/tools/arm-none-eabi-gcc/4.8.3-2014q1/bin/../lib/gcc/arm-none-eabi/4.8.3/../../../../arm-none-eabi/lib/armv7-m\libg.a(lib_a-findfp.o)
                0x000879b8                __sinit
 .text.__sfp_lock_acquire
                0x00087aac        0x4 c:/users/admin/appdata/local/arduino15/packages/arduino/tools/arm-none-eabi-gcc/4.8.3-2014q1/bin/../lib/gcc/arm-none-eabi/4.8.3/../../../../arm-none-eabi/lib/armv7-m\libg.a(lib_a-findfp.o)
                0x00087aac                __sfp_lock_acquire
 .text.__sfp_lock_release
                0x00087ab0        0x4 c:/users/admin/appdata/local/arduino15/packages/arduino/tools/arm-none-eabi-gcc/4.8.3-2014q1/bin/../lib/gcc/arm-none-eabi/4.8.3/../../../../arm-none-eabi/lib/armv7-m\libg.a(lib_a-findfp.o)
                0x00087ab0                __sfp_lock_release
 .text.__libc_fini_array
                0x00087ab4       0x30 c:/users/admin/appdata/local/arduino15/packages/arduino/tools/arm-none-eabi-gcc/4.8.3-2014q1/bin/../lib/gcc/arm-none-eabi/4.8.3/../../../../arm-none-eabi/lib/armv7-m\libg.a(lib_a-fini.o)
                0x00087ab4                __libc_fini_array
 .text._fputwc_r
                0x00087ae4       0xc0 c:/users/admin/appdata/local/arduino15/packages/arduino/tools/arm-none-eabi-gcc/4.8.3-2014q1/bin/../lib/gcc/arm-none-eabi/4.8.3/../../../../arm-none-eabi/lib/armv7-m\libg.a(lib_a-fputwc.o)
                0x00087ae4                _fputwc_r
 .text._malloc_trim_r
                0x00087ba4       0x9c c:/users/admin/appdata/local/arduino15/packages/arduino/tools/arm-none-eabi-gcc/4.8.3-2014q1/bin/../lib/gcc/arm-none-eabi/4.8.3/../../../../arm-none-eabi/lib/armv7-m\libg.a(lib_a-freer.o)
                0x00087ba4                _malloc_trim_r