Archive member included because of file (symbol)

C:\Users\admin\AppData\Local\arduino15\packages\arduino\hardware\sam\1.6.11\variants\arduino_due_x/libsam_sam3x8e_gcc_rel.a(pio.o)
                              C:\Users\admin\AppData\Local\Temp\VMBuilds\LedFactory\arduino_due_x_dbg\Debug\SPI\SPI.cpp.o (PIO_Configure)
C:\Users\admin\AppData\Local\arduino15\packages\arduino\hardware\sam\1.6.11\variants\arduino_due_x/libsam_sam3x8e_gcc_rel.a(pmc.o)
                              C:\Users\admin\AppData\Local\Temp\VMBuilds\LedFactory\arduino_due_x_dbg\Debug\variant\variant.cpp.o (pmc_enable_periph_clk)
C:\Users\admin\AppData\Local\arduino15\packages\arduino\hardware\sam\1.6.11\variants\arduino_due_x/libsam_sam3x8e_gcc_rel.a(spi.o)
                              C:\Users\admin\AppData\Local\Temp\VMBuilds\LedFactory\arduino_due_x_dbg\Debug\SPI\SPI.cpp.o (SPI_Enable)
C:\Users\admin\AppData\Local\arduino15\packages\arduino\hardware\sam\1.6.11\variants\arduino_due_x/libsam_sam3x8e_gcc_rel.a(system_sam3xa.o)
                              C:\Users\admin\AppData\Local\Temp\VMBuilds\LedFactory\arduino_due_x_dbg\Debug\variant\variant.cpp.o (SystemInit)
C:\Users\admin\AppData\Local\arduino15\packages\arduino\hardware\sam\1.6.11\variants\arduino_due_x/libsam_sam3x8e_gcc_rel.a(startup_sam3xa.o)
                              (Reset_Handler)
C:\Users\admin\AppData\Local\arduino15\packages\arduino\hardware\sam\1.6.11\variants\arduino_due_x/libsam_sam3x8e_gcc_rel.a(adc.o)
                              C:\Users\admin\AppData\Local\Temp\VMBuilds\LedFactory\arduino_due_x_dbg\Debug\variant\variant.cpp.o (adc_init)
C:\Users\admin\AppData\Local\arduino15\packages\arduino\hardware\sam\1.6.11\variants\arduino_due_x/libsam_sam3x8e_gcc_rel.a(uotghs.o)
                              C:\Users\admin\AppData\Local\arduino15\packages\arduino\hardware\sam\1.6.11\variants\arduino_due_x/libsam_sam3x8e_gcc_rel.a(startup_sam3xa.o) (UOTGHS_Handler)
C:\Users\admin\AppData\Local\Temp\VMBuilds\LedFactory\arduino_due_x_dbg\Debug/core.a(cortex_handlers.c.o)
                              C:\Users\admin\AppData\Local\arduino15\packages\arduino\hardware\sam\1.6.11\variants\arduino_due_x/libsam_sam3x8e_gcc_rel.a(startup_sam3xa.o) (NMI_Handler)
C:\Users\admin\AppData\Local\Temp\VMBuilds\LedFactory\arduino_due_x_dbg\Debug/core.a(hooks.c.o)
                              C:\Users\admin\AppData\Local\Temp\VMBuilds\LedFactory\arduino_due_x_dbg\Debug\FastLED\FastLED.cpp.o (yield)
C:\Users\admin\AppData\Local\Temp\VMBuilds\LedFactory\arduino_due_x_dbg\Debug/core.a(syscalls_sam3.c.o)
                              (_sbrk)
C:\Users\admin\AppData\Local\Temp\VMBuilds\LedFactory\arduino_due_x_dbg\Debug/core.a(wiring.c.o)
                              C:\Users\admin\AppData\Local\Temp\VMBuilds\LedFactory\arduino_due_x_dbg\Debug\LedFactory.cpp.o (millis)
C:\Users\admin\AppData\Local\Temp\VMBuilds\LedFactory\arduino_due_x_dbg\Debug/core.a(wiring_analog.c.o)
                              C:\Users\admin\AppData\Local\Temp\VMBuilds\LedFactory\arduino_due_x_dbg\Debug\variant\variant.cpp.o (analogOutputInit)
C:\Users\admin\AppData\Local\Temp\VMBuilds\LedFactory\arduino_due_x_dbg\Debug/core.a(wiring_digital.c.o)
                              C:\Users\admin\AppData\Local\Temp\VMBuilds\LedFactory\arduino_due_x_dbg\Debug\UIPEthernet\utility\Enc28J60Network.cpp.o (pinMode)
C:\Users\admin\AppData\Local\Temp\VMBuilds\LedFactory\arduino_due_x_dbg\Debug/core.a(abi.cpp.o)
                              C:\Users\admin\AppData\Local\Temp\VMBuilds\LedFactory\arduino_due_x_dbg\Debug\UIPEthernet\UIPClient.cpp.o (__cxa_pure_virtual)
C:\Users\admin\AppData\Local\Temp\VMBuilds\LedFactory\arduino_due_x_dbg\Debug/core.a(IPAddress.cpp.o)
                              C:\Users\admin\AppData\Local\Temp\VMBuilds\LedFactory\arduino_due_x_dbg\Debug\UIPEthernet\UIPClient.cpp.o (IPAddress::IPAddress())
C:\Users\admin\AppData\Local\Temp\VMBuilds\LedFactory\arduino_due_x_dbg\Debug/core.a(main.cpp.o)
                              c:/users/admin/appdata/local/arduino15/packages/arduino/tools/arm-none-eabi-gcc/4.8.3-2014q1/bin/../lib/gcc/arm-none-eabi/4.8.3/../../../../arm-none-eabi/lib/armv7-m/crt0.o (main)
C:\Users\admin\AppData\Local\Temp\VMBuilds\LedFactory\arduino_due_x_dbg\Debug/core.a(new.cpp.o)
                              C:\Users\admin\AppData\Local\Temp\VMBuilds\LedFactory\arduino_due_x_dbg\Debug\LedController.cpp.o (operator new[](unsigned int))
C:\Users\admin\AppData\Local\Temp\VMBuilds\LedFactory\arduino_due_x_dbg\Debug/core.a(Print.cpp.o)
                              C:\Users\admin\AppData\Local\Temp\VMBuilds\LedFactory\arduino_due_x_dbg\Debug\UIPEthernet\UIPClient.cpp.o (Print::write(unsigned char const*, unsigned int))
C:\Users\admin\AppData\Local\Temp\VMBuilds\LedFactory\arduino_due_x_dbg\Debug/core.a(Reset.cpp.o)
                              C:\Users\admin\AppData\Local\Temp\VMBuilds\LedFactory\arduino_due_x_dbg\Debug/core.a(cortex_handlers.c.o) (tickReset)
[...]
Memory Configuration

Name             Origin             Length             Attributes
rom              0x00080000         0x00080000         xr
sram0            0x20000000         0x00010000         xrw
sram1            0x20080000         0x00008000         xrw
ram              0x20070000         0x00018000         xrw
*default*        0x00000000         0xffffffff

Linker script and memory map

LOAD c:/users/admin/appdata/local/arduino15/packages/arduino/tools/arm-none-eabi-gcc/4.8.3-2014q1/bin/../lib/gcc/arm-none-eabi/4.8.3/armv7-m/crti.o
LOAD c:/users/admin/appdata/local/arduino15/packages/arduino/tools/arm-none-eabi-gcc/4.8.3-2014q1/bin/../lib/gcc/arm-none-eabi/4.8.3/armv7-m/crtbegin.o
LOAD c:/users/admin/appdata/local/arduino15/packages/arduino/tools/arm-none-eabi-gcc/4.8.3-2014q1/bin/../lib/gcc/arm-none-eabi/4.8.3/../../../../arm-none-eabi/lib/armv7-m/crt0.o
START GROUP
LOAD C:\Users\admin\AppData\Local\Temp\VMBuilds\LedFactory\arduino_due_x_dbg\Debug\LedFactory.cpp.o
LOAD C:\Users\admin\AppData\Local\Temp\VMBuilds\LedFactory\arduino_due_x_dbg\Debug\UIPEthernet\Dhcp.cpp.o
LOAD C:\Users\admin\AppData\Local\Temp\VMBuilds\LedFactory\arduino_due_x_dbg\Debug\UIPEthernet\Dns.cpp.o
LOAD C:\Users\admin\AppData\Local\Temp\VMBuilds\LedFactory\arduino_due_x_dbg\Debug\UIPEthernet\UIPClient.cpp.o
LOAD C:\Users\admin\AppData\Local\Temp\VMBuilds\LedFactory\arduino_due_x_dbg\Debug\UIPEthernet\UIPEthernet.cpp.o
LOAD C:\Users\admin\AppData\Local\Temp\VMBuilds\LedFactory\arduino_due_x_dbg\Debug\UIPEthernet\UIPServer.cpp.o
LOAD C:\Users\admin\AppData\Local\Temp\VMBuilds\LedFactory\arduino_due_x_dbg\Debug\UIPEthernet\UIPUdp.cpp.o
LOAD C:\Users\admin\AppData\Local\Temp\VMBuilds\LedFactory\arduino_due_x_dbg\Debug\UIPEthernet\utility\clock-arch.c.o
LOAD C:\Users\admin\AppData\Local\Temp\VMBuilds\LedFactory\arduino_due_x_dbg\Debug\UIPEthernet\utility\uip.c.o
LOAD C:\Users\admin\AppData\Local\Temp\VMBuilds\LedFactory\arduino_due_x_dbg\Debug\UIPEthernet\utility\uip_arp.c.o
LOAD C:\Users\admin\AppData\Local\Temp\VMBuilds\LedFactory\arduino_due_x_dbg\Debug\UIPEthernet\utility\uip_timer.c.o
LOAD C:\Users\admin\AppData\Local\Temp\VMBuilds\LedFactory\arduino_due_x_dbg\Debug\UIPEthernet\utility\Enc28J60Network.cpp.o
LOAD C:\Users\admin\AppData\Local\Temp\VMBuilds\LedFactory\arduino_due_x_dbg\Debug\UIPEthernet\utility\mempool.cpp.o
LOAD C:\Users\admin\AppData\Local\Temp\VMBuilds\LedFactory\arduino_due_x_dbg\Debug\UIPEthernet\utility\uip_debug.cpp.o
LOAD C:\Users\admin\AppData\Local\Temp\VMBuilds\LedFactory\arduino_due_x_dbg\Debug\SPI\SPI.cpp.o
LOAD C:\Users\admin\AppData\Local\Temp\VMBuilds\LedFactory\arduino_due_x_dbg\Debug\Adafruit_NeoPixel\Adafruit_NeoPixel.cpp.o
LOAD C:\Users\admin\AppData\Local\Temp\VMBuilds\LedFactory\arduino_due_x_dbg\Debug\FastLED\bitswap.cpp.o
LOAD C:\Users\admin\AppData\Local\Temp\VMBuilds\LedFactory\arduino_due_x_dbg\Debug\FastLED\colorpalettes.cpp.o
LOAD C:\Users\admin\AppData\Local\Temp\VMBuilds\LedFactory\arduino_due_x_dbg\Debug\FastLED\colorutils.cpp.o
LOAD C:\Users\admin\AppData\Local\Temp\VMBuilds\LedFactory\arduino_due_x_dbg\Debug\FastLED\FastLED.cpp.o
LOAD C:\Users\admin\AppData\Local\Temp\VMBuilds\LedFactory\arduino_due_x_dbg\Debug\FastLED\hsv2rgb.cpp.o
LOAD C:\Users\admin\AppData\Local\Temp\VMBuilds\LedFactory\arduino_due_x_dbg\Debug\FastLED\lib8tion.cpp.o
LOAD C:\Users\admin\AppData\Local\Temp\VMBuilds\LedFactory\arduino_due_x_dbg\Debug\FastLED\noise.cpp.o
LOAD C:\Users\admin\AppData\Local\Temp\VMBuilds\LedFactory\arduino_due_x_dbg\Debug\FastLED\power_mgt.cpp.o
LOAD C:\Users\admin\AppData\Local\Temp\VMBuilds\LedFactory\arduino_due_x_dbg\Debug\FastLED\wiring.cpp.o
LOAD C:\Users\admin\AppData\Local\Temp\VMBuilds\LedFactory\arduino_due_x_dbg\Debug\HF.cpp.o
LOAD C:\Users\admin\AppData\Local\Temp\VMBuilds\LedFactory\arduino_due_x_dbg\Debug\LedController.cpp.o
LOAD C:\Users\admin\AppData\Local\Temp\VMBuilds\LedFactory\arduino_due_x_dbg\Debug\NetworkCommunication.cpp.o
LOAD C:\Users\admin\AppData\Local\Temp\VMBuilds\LedFactory\arduino_due_x_dbg\Debug\variant\variant.cpp.o
LOAD C:\Users\admin\AppData\Local\arduino15\packages\arduino\hardware\sam\1.6.11\variants\arduino_due_x/libsam_sam3x8e_gcc_rel.a
LOAD C:\Users\admin\AppData\Local\Temp\VMBuilds\LedFactory\arduino_due_x_dbg\Debug/core.a
END GROUP
LOAD c:/users/admin/appdata/local/arduino15/packages/arduino/tools/arm-none-eabi-gcc/4.8.3-2014q1/bin/../lib/gcc/arm-none-eabi/4.8.3/../../../../arm-none-eabi/lib/armv7-m\libm.a
START GROUP
LOAD c:/users/admin/appdata/local/arduino15/packages/arduino/tools/arm-none-eabi-gcc/4.8.3-2014q1/bin/../lib/gcc/arm-none-eabi/4.8.3/armv7-m\libgcc.a
LOAD c:/users/admin/appdata/local/arduino15/packages/arduino/tools/arm-none-eabi-gcc/4.8.3-2014q1/bin/../lib/gcc/arm-none-eabi/4.8.3/../../../../arm-none-eabi/lib/armv7-m\libg.a
LOAD c:/users/admin/appdata/local/arduino15/packages/arduino/tools/arm-none-eabi-gcc/4.8.3-2014q1/bin/../lib/gcc/arm-none-eabi/4.8.3/../../../../arm-none-eabi/lib/armv7-m\libc.a
END GROUP
LOAD c:/users/admin/appdata/local/arduino15/packages/arduino/tools/arm-none-eabi-gcc/4.8.3-2014q1/bin/../lib/gcc/arm-none-eabi/4.8.3/armv7-m/crtend.o
LOAD c:/users/admin/appdata/local/arduino15/packages/arduino/tools/arm-none-eabi-gcc/4.8.3-2014q1/bin/../lib/gcc/arm-none-eabi/4.8.3/armv7-m/crtn.o

.text           0x00080000     0x9d28
                0x00080000                . = ALIGN (0x4)
                0x00080000                _sfixed = .
 *(.vectors .vectors.*)
 .vectors       0x00080000       0xf4 C:\Users\admin\AppData\Local\arduino15\packages\arduino\hardware\sam\1.6.11\variants\arduino_due_x/libsam_sam3x8e_gcc_rel.a(startup_sam3xa.o)
                0x00080000                exception_table
 *(.text .text.* .gnu.linkonce.t.*)
 .text          0x000800f4       0x54 c:/users/admin/appdata/local/arduino15/packages/arduino/tools/arm-none-eabi-gcc/4.8.3-2014q1/bin/../lib/gcc/arm-none-eabi/4.8.3/armv7-m/crtbegin.o
 .text.setup    0x00080148       0xe4 C:\Users\admin\AppData\Local\Temp\VMBuilds\LedFactory\arduino_due_x_dbg\Debug\LedFactory.cpp.o
                0x00080148                setup
 .text.loop     0x0008022c       0xa4 C:\Users\admin\AppData\Local\Temp\VMBuilds\LedFactory\arduino_due_x_dbg\Debug\LedFactory.cpp.o
                0x0008022c                loop
 .text.startup._GLOBAL__sub_I_prvni
                0x000802d0       0xc8 C:\Users\admin\AppData\Local\Temp\VMBuilds\LedFactory\arduino_due_x_dbg\Debug\LedFactory.cpp.o
 .text.startup._GLOBAL__sub_I__ZN9DhcpClass13beginWithDHCPEPhmm
                0x00080398       0x1c C:\Users\admin\AppData\Local\Temp\VMBuilds\LedFactory\arduino_due_x_dbg\Debug\UIPEthernet\Dhcp.cpp.o
 .text._ZN9DNSClient5beginERK9IPAddress
                0x000803b4        0xa C:\Users\admin\AppData\Local\Temp\VMBuilds\LedFactory\arduino_due_x_dbg\Debug\UIPEthernet\Dns.cpp.o
                0x000803b4                DNSClient::begin(IPAddress const&)
 .text._ZN9DNSClient9inet_atonEPKcR9IPAddress
                0x000803be       0x4a C:\Users\admin\AppData\Local\Temp\VMBuilds\LedFactory\arduino_due_x_dbg\Debug\UIPEthernet\Dns.cpp.o
                0x000803be                DNSClient::inet_aton(char const*, IPAddress&)
 .text.startup._GLOBAL__sub_I__ZN9DNSClient5beginERK9IPAddress
                0x00080408       0x1c C:\Users\admin\AppData\Local\Temp\VMBuilds\LedFactory\arduino_due_x_dbg\Debug\UIPEthernet\Dns.cpp.o
 .text._ZN9DNSClient12BuildRequestEPKc
                0x00080424       0xda C:\Users\admin\AppData\Local\Temp\VMBuilds\LedFactory\arduino_due_x_dbg\Debug\UIPEthernet\Dns.cpp.o
                0x00080424                DNSClient::BuildRequest(char const*)
 .text._ZN9DNSClient15ProcessResponseEtR9IPAddress
                0x000804fe      0x228 C:\Users\admin\AppData\Local\Temp\VMBuilds\LedFactory\arduino_due_x_dbg\Debug\UIPEthernet\Dns.cpp.o
                0x000804fe                DNSClient::ProcessResponse(unsigned short, IPAddress&)
 *fill*         0x00080726        0x2 
 .text._ZN9DNSClient13getHostByNameEPKcR9IPAddress
                0x00080728       0x94 C:\Users\admin\AppData\Local\Temp\VMBuilds\LedFactory\arduino_due_x_dbg\Debug\UIPEthernet\Dns.cpp.o
                0x00080728                DNSClient::getHostByName(char const*, IPAddress&)
 .text._ZN9UIPClientneERKS_
                0x000807bc       0x10 C:\Users\admin\AppData\Local\Temp\VMBuilds\LedFactory\arduino_due_x_dbg\Debug\UIPEthernet\UIPClient.cpp.o
                0x000807bc                UIPClient::operator!=(UIPClient const&)
 .text._ZN9UIPClient9connectedEv
                0x000807cc       0x14 C:\Users\admin\AppData\Local\Temp\VMBuilds\LedFactory\arduino_due_x_dbg\Debug\UIPEthernet\UIPClient.cpp.o
                0x000807cc                UIPClient::connected()
 .text._ZN9UIPClienteqERKS_
                0x000807e0       0x14 C:\Users\admin\AppData\Local\Temp\VMBuilds\LedFactory\arduino_due_x_dbg\Debug\UIPEthernet\UIPClient.cpp.o
                0x000807e0                UIPClient::operator==(UIPClient const&)
 .text._ZN9UIPClient4readEv
                0x000807f4       0x20 C:\Users\admin\AppData\Local\Temp\VMBuilds\LedFactory\arduino_due_x_dbg\Debug\UIPEthernet\UIPClient.cpp.o
                0x000807f4                UIPClient::read()
 .text._ZN9UIPClientcvbEv
                0x00080814       0x20 C:\Users\admin\AppData\Local\Temp\VMBuilds\LedFactory\arduino_due_x_dbg\Debug\UIPEthernet\UIPClient.cpp.o
                0x00080814                UIPClient::operator bool()
 .text._ZN9UIPClient7connectE9IPAddresst
                0x00080834       0x5e C:\Users\admin\AppData\Local\Temp\VMBuilds\LedFactory\arduino_due_x_dbg\Debug\UIPEthernet\UIPClient.cpp.o
                0x00080834                UIPClient::connect(IPAddress, unsigned short)
 .text._ZN9UIPClient4peekEv
                0x00080892       0x2c C:\Users\admin\AppData\Local\Temp\VMBuilds\LedFactory\arduino_due_x_dbg\Debug\UIPEthernet\UIPClient.cpp.o
                0x00080892                UIPClient::peek()
 *fill*         0x000808be        0x2 
 .text._ZN9UIPClient7connectEPKct
                0x000808c0       0x54 C:\Users\admin\AppData\Local\Temp\VMBuilds\LedFactory\arduino_due_x_dbg\Debug\UIPEthernet\UIPClient.cpp.o
                0x000808c0                UIPClient::connect(char const*, unsigned short)
 .text._ZN9UIPClientC2Ev
                0x00080914       0x18 C:\Users\admin\AppData\Local\Temp\VMBuilds\LedFactory\arduino_due_x_dbg\Debug\UIPEthernet\UIPClient.cpp.o
                0x00080914                UIPClient::UIPClient()
                0x00080914                UIPClient::UIPClient()
 .text._ZN9UIPClientC2EP14uip_userdata_t
                0x0008092c       0x18 C:\Users\admin\AppData\Local\Temp\VMBuilds\LedFactory\arduino_due_x_dbg\Debug\UIPEthernet\UIPClient.cpp.o
                0x0008092c                UIPClient::UIPClient(uip_userdata_t*)
                0x0008092c                UIPClient::UIPClient(uip_userdata_t*)
 .text._ZN9UIPClient10_availableEP14uip_userdata_t
                0x00080944       0x1c C:\Users\admin\AppData\Local\Temp\VMBuilds\LedFactory\arduino_due_x_dbg\Debug\UIPEthernet\UIPClient.cpp.o
                0x00080944                UIPClient::_available(uip_userdata_t*)
 .text._ZN9UIPClient9availableEv
                0x00080960       0x18 C:\Users\admin\AppData\Local\Temp\VMBuilds\LedFactory\arduino_due_x_dbg\Debug\UIPEthernet\UIPClient.cpp.o
                0x00080960                UIPClient::available()
 .text._ZN9UIPClient13_allocateDataEv
                0x00080978       0x34 C:\Users\admin\AppData\Local\Temp\VMBuilds\LedFactory\arduino_due_x_dbg\Debug\UIPEthernet\UIPClient.cpp.o
                0x00080978                UIPClient::_allocateData()
 .text._ZN9UIPClient13_currentBlockEPh
                0x000809ac       0x1a C:\Users\admin\AppData\Local\Temp\VMBuilds\LedFactory\arduino_due_x_dbg\Debug\UIPEthernet\UIPClient.cpp.o
                0x000809ac                UIPClient::_currentBlock(unsigned char*)
 .text._ZN9UIPClient6_writeEP14uip_userdata_tPKhj
                0x000809c6       0x78 C:\Users\admin\AppData\Local\Temp\VMBuilds\LedFactory\arduino_due_x_dbg\Debug\UIPEthernet\UIPClient.cpp.o
                0x000809c6                UIPClient::_write(uip_userdata_t*, unsigned char const*, unsigned int)
 .text._ZN9UIPClient5writeEh
                0x00080a3e       0x18 C:\Users\admin\AppData\Local\Temp\VMBuilds\LedFactory\arduino_due_x_dbg\Debug\UIPEthernet\UIPClient.cpp.o
                0x00080a3e                UIPClient::write(unsigned char)
 .text._ZN9UIPClient5writeEPKhj
                0x00080a56        0x6 C:\Users\admin\AppData\Local\Temp\VMBuilds\LedFactory\arduino_due_x_dbg\Debug\UIPEthernet\UIPClient.cpp.o
                0x00080a56                UIPClient::write(unsigned char const*, unsigned int)
 .text._ZN9UIPClient9_eatBlockEPh
                0x00080a5c       0x20 C:\Users\admin\AppData\Local\Temp\VMBuilds\LedFactory\arduino_due_x_dbg\Debug\UIPEthernet\UIPClient.cpp.o
                0x00080a5c                UIPClient::_eatBlock(unsigned char*)
 .text._ZN9UIPClient4readEPhj
                0x00080a7c       0xa0 C:\Users\admin\AppData\Local\Temp\VMBuilds\LedFactory\arduino_due_x_dbg\Debug\UIPEthernet\UIPClient.cpp.o
                0x00080a7c                UIPClient::read(unsigned char*, unsigned int)
 .text._ZN9UIPClient12_flushBlocksEPh
                0x00080b1c       0x18 C:\Users\admin\AppData\Local\Temp\VMBuilds\LedFactory\arduino_due_x_dbg\Debug\UIPEthernet\UIPClient.cpp.o
                0x00080b1c                UIPClient::_flushBlocks(unsigned char*)
 .text._ZN9UIPClient4stopEv
                0x00080b34       0x2e C:\Users\admin\AppData\Local\Temp\VMBuilds\LedFactory\arduino_due_x_dbg\Debug\UIPEthernet\UIPClient.cpp.o
                0x00080b34                UIPClient::stop()
 .text._ZN9UIPClient5flushEv
                0x00080b62       0x1a C:\Users\admin\AppData\Local\Temp\VMBuilds\LedFactory\arduino_due_x_dbg\Debug\UIPEthernet\UIPClient.cpp.o
                0x00080b62                UIPClient::flush()
 .text.uipclient_appcall
                0x00080b7c      0x1a8 C:\Users\admin\AppData\Local\Temp\VMBuilds\LedFactory\arduino_due_x_dbg\Debug\UIPEthernet\UIPClient.cpp.o
                0x00080b7c                uipclient_appcall
 .text.startup._GLOBAL__sub_I__ZN9UIPClient8all_dataE
                0x00080d24       0x1c C:\Users\admin\AppData\Local\Temp\VMBuilds\LedFactory\arduino_due_x_dbg\Debug\UIPEthernet\UIPClient.cpp.o
 .text._ZN16UIPEthernetClass11dnsServerIPEv
                0x00080d40       0x14 C:\Users\admin\AppData\Local\Temp\VMBuilds\LedFactory\arduino_due_x_dbg\Debug\UIPEthernet\UIPEthernet.cpp.o
                0x00080d40                UIPEthernetClass::dnsServerIP()
 .text._ZN16UIPEthernetClass12network_sendEv
                0x00080d54       0x6c C:\Users\admin\AppData\Local\Temp\VMBuilds\LedFactory\arduino_due_x_dbg\Debug\UIPEthernet\UIPEthernet.cpp.o
                0x00080d54                UIPEthernetClass::network_send()
 .text._ZN16UIPEthernetClass4tickEv
                0x00080dc0      0x124 C:\Users\admin\AppData\Local\Temp\VMBuilds\LedFactory\arduino_due_x_dbg\Debug\UIPEthernet\UIPEthernet.cpp.o
                0x00080dc0                UIPEthernetClass::tick()
 .text._ZN16UIPEthernetClass4initEPKh
                0x00080ee4       0x44 C:\Users\admin\AppData\Local\Temp\VMBuilds\LedFactory\arduino_due_x_dbg\Debug\UIPEthernet\UIPEthernet.cpp.o
                0x00080ee4                UIPEthernetClass::init(unsigned char const*)
 .text._ZN16UIPEthernetClass9configureE9IPAddressS0_S0_S0_
                0x00080f28       0x68 C:\Users\admin\AppData\Local\Temp\VMBuilds\LedFactory\arduino_due_x_dbg\Debug\UIPEthernet\UIPEthernet.cpp.o
                0x00080f28                UIPEthernetClass::configure(IPAddress, IPAddress, IPAddress, IPAddress)
 .text._ZN16UIPEthernetClass5beginEPKh9IPAddressS2_S2_S2_
                0x00080f90       0x40 C:\Users\admin\AppData\Local\Temp\VMBuilds\LedFactory\arduino_due_x_dbg\Debug\UIPEthernet\UIPEthernet.cpp.o
                0x00080f90                UIPEthernetClass::begin(unsigned char const*, IPAddress, IPAddress, IPAddress, IPAddress)
 .text._ZN16UIPEthernetClass5beginEPKh9IPAddressS2_S2_
                0x00080fd0       0x5c C:\Users\admin\AppData\Local\Temp\VMBuilds\LedFactory\arduino_due_x_dbg\Debug\UIPEthernet\UIPEthernet.cpp.o
                0x00080fd0                UIPEthernetClass::begin(unsigned char const*, IPAddress, IPAddress, IPAddress)
 .text._ZN16UIPEthernetClass5beginEPKh9IPAddressS2_
                0x0008102c       0x34 C:\Users\admin\AppData\Local\Temp\VMBuilds\LedFactory\arduino_due_x_dbg\Debug\UIPEthernet\UIPEthernet.cpp.o
                0x0008102c                UIPEthernetClass::begin(unsigned char const*, IPAddress, IPAddress)
 .text._ZN16UIPEthernetClass5beginEPKh9IPAddress
                0x00081060       0x2c C:\Users\admin\AppData\Local\Temp\VMBuilds\LedFactory\arduino_due_x_dbg\Debug\UIPEthernet\UIPEthernet.cpp.o
                0x00081060                UIPEthernetClass::begin(unsigned char const*, IPAddress)
 .text._ZN16UIPEthernetClass6chksumEtPKht
                0x0008108c       0x38 C:\Users\admin\AppData\Local\Temp\VMBuilds\LedFactory\arduino_due_x_dbg\Debug\UIPEthernet\UIPEthernet.cpp.o
                0x0008108c                UIPEthernetClass::chksum(unsigned short, unsigned char const*, unsigned short)
 .text._ZN16UIPEthernetClass8ipchksumEv
                0x000810c4       0x20 C:\Users\admin\AppData\Local\Temp\VMBuilds\LedFactory\arduino_due_x_dbg\Debug\UIPEthernet\UIPEthernet.cpp.o
                0x000810c4                UIPEthernetClass::ipchksum()
 .text._ZN16UIPEthernetClass18upper_layer_chksumEh
                0x000810e4       0x6c C:\Users\admin\AppData\Local\Temp\VMBuilds\LedFactory\arduino_due_x_dbg\Debug\UIPEthernet\UIPEthernet.cpp.o
                0x000810e4                UIPEthernetClass::upper_layer_chksum(unsigned char)
 .text.uip_ipchksum
                0x00081150        0x4 C:\Users\admin\AppData\Local\Temp\VMBuilds\LedFactory\arduino_due_x_dbg\Debug\UIPEthernet\UIPEthernet.cpp.o
                0x00081150                uip_ipchksum
 .text.uip_tcpchksum
                0x00081154        0x6 C:\Users\admin\AppData\Local\Temp\VMBuilds\LedFactory\arduino_due_x_dbg\Debug\UIPEthernet\UIPEthernet.cpp.o
                0x00081154                uip_tcpchksum
 .text.uip_udpchksum
                0x0008115a        0x6 C:\Users\admin\AppData\Local\Temp\VMBuilds\LedFactory\arduino_due_x_dbg\Debug\UIPEthernet\UIPEthernet.cpp.o
                0x0008115a                uip_udpchksum
 .text.startup._GLOBAL__sub_I__ZN16UIPEthernetClass9in_packetE
                0x00081160       0x24 C:\Users\admin\AppData\Local\Temp\VMBuilds\LedFactory\arduino_due_x_dbg\Debug\UIPEthernet\UIPEthernet.cpp.o
 .text._ZN9UIPServer5writeEh
                0x00081184       0x16 C:\Users\admin\AppData\Local\Temp\VMBuilds\LedFactory\arduino_due_x_dbg\Debug\UIPEthernet\UIPServer.cpp.o
                0x00081184                UIPServer::write(unsigned char)
 .text._ZN9UIPServer5beginEv
                0x0008119a       0x10 C:\Users\admin\AppData\Local\Temp\VMBuilds\LedFactory\arduino_due_x_dbg\Debug\UIPEthernet\UIPServer.cpp.o
                0x0008119a                UIPServer::begin()
 *fill*         0x000811aa        0x2 
 .text._ZN9UIPServer5writeEPKhj
                0x000811ac       0x4c C:\Users\admin\AppData\Local\Temp\VMBuilds\LedFactory\arduino_due_x_dbg\Debug\UIPEthernet\UIPServer.cpp.o
                0x000811ac                UIPServer::write(unsigned char const*, unsigned int)
 .text._ZN9UIPServerC2Et
                0x000811f8       0x1c C:\Users\admin\AppData\Local\Temp\VMBuilds\LedFactory\arduino_due_x_dbg\Debug\UIPEthernet\UIPServer.cpp.o
                0x000811f8                UIPServer::UIPServer(unsigned short)
                0x000811f8                UIPServer::UIPServer(unsigned short)
 .text._ZN9UIPServer9availableEv
                0x00081214       0x64 C:\Users\admin\AppData\Local\Temp\VMBuilds\LedFactory\arduino_due_x_dbg\Debug\UIPEthernet\UIPServer.cpp.o
                0x00081214                UIPServer::available()
 .text.startup._GLOBAL__sub_I__ZN9UIPServerC2Et
                0x00081278       0x1c C:\Users\admin\AppData\Local\Temp\VMBuilds\LedFactory\arduino_due_x_dbg\Debug\UIPEthernet\UIPServer.cpp.o
 .text._ZN6UIPUDP4readEPcj
                0x00081294        0xa C:\Users\admin\AppData\Local\Temp\VMBuilds\LedFactory\arduino_due_x_dbg\Debug\UIPEthernet\UIPUdp.cpp.o
                0x00081294                UIPUDP::read(char*, unsigned int)
 .text._ZN6UIPUDP5writeEh
                0x0008129e       0x16 C:\Users\admin\AppData\Local\Temp\VMBuilds\LedFactory\arduino_due_x_dbg\Debug\UIPEthernet\UIPUdp.cpp.o
                0x0008129e                UIPUDP::write(unsigned char)
 .text._ZN6UIPUDP4readEv
                0x000812b4       0x20 C:\Users\admin\AppData\Local\Temp\VMBuilds\LedFactory\arduino_due_x_dbg\Debug\UIPEthernet\UIPUdp.cpp.o
                0x000812b4                UIPUDP::read()
 .text._ZN6UIPUDP5beginEt
                0x000812d4       0x2c C:\Users\admin\AppData\Local\Temp\VMBuilds\LedFactory\arduino_due_x_dbg\Debug\UIPEthernet\UIPUdp.cpp.o
                0x000812d4                UIPUDP::begin(unsigned short)
 .text._ZN6UIPUDP10remotePortEv
                0x00081300        0xc C:\Users\admin\AppData\Local\Temp\VMBuilds\LedFactory\arduino_due_x_dbg\Debug\UIPEthernet\UIPUdp.cpp.o
                0x00081300                UIPUDP::remotePort()
 .text._ZN6UIPUDP4stopEv
                0x0008130c       0x34 C:\Users\admin\AppData\Local\Temp\VMBuilds\LedFactory\arduino_due_x_dbg\Debug\UIPEthernet\UIPUdp.cpp.o
                0x0008130c                UIPUDP::stop()
 .text._ZN6UIPUDP5flushEv
                0x00081340       0x14 C:\Users\admin\AppData\Local\Temp\VMBuilds\LedFactory\arduino_due_x_dbg\Debug\UIPEthernet\UIPUdp.cpp.o
                0x00081340                UIPUDP::flush()
 .text._ZN6UIPUDP11beginPacketE9IPAddresst
                0x00081354       0x88 C:\Users\admin\AppData\Local\Temp\VMBuilds\LedFactory\arduino_due_x_dbg\Debug\UIPEthernet\UIPUdp.cpp.o
                0x00081354                UIPUDP::beginPacket(IPAddress, unsigned short)
 .text._ZN6UIPUDP5writeEPKhj
                0x000813dc       0x1e C:\Users\admin\AppData\Local\Temp\VMBuilds\LedFactory\arduino_due_x_dbg\Debug\UIPEthernet\UIPUdp.cpp.o
                0x000813dc                UIPUDP::write(unsigned char const*, unsigned int)
 .text._ZN6UIPUDP11parsePacketEv
                0x000813fa       0x1c C:\Users\admin\AppData\Local\Temp\VMBuilds\LedFactory\arduino_due_x_dbg\Debug\UIPEthernet\UIPUdp.cpp.o
                0x000813fa                UIPUDP::parsePacket()
 .text._ZN6UIPUDP9availableEv
                0x00081416       0x10 C:\Users\admin\AppData\Local\Temp\VMBuilds\LedFactory\arduino_due_x_dbg\Debug\UIPEthernet\UIPUdp.cpp.o
                0x00081416                UIPUDP::available()
 .text._ZN6UIPUDP4peekEv
                0x00081426       0x2a C:\Users\admin\AppData\Local\Temp\VMBuilds\LedFactory\arduino_due_x_dbg\Debug\UIPEthernet\UIPUdp.cpp.o
                0x00081426                UIPUDP::peek()
 .text._ZN6UIPUDP4readEPhj
                0x00081450       0x3c C:\Users\admin\AppData\Local\Temp\VMBuilds\LedFactory\arduino_due_x_dbg\Debug\UIPEthernet\UIPUdp.cpp.o
                0x00081450                UIPUDP::read(unsigned char*, unsigned int)
 .text._ZN6UIPUDP8remoteIPEv
                0x0008148c       0x26 C:\Users\admin\AppData\Local\Temp\VMBuilds\LedFactory\arduino_due_x_dbg\Debug\UIPEthernet\UIPUdp.cpp.o
                0x0008148c                UIPUDP::remoteIP()
 *fill*         0x000814b2        0x2 
 .text._ZN6UIPUDPC2Ev
                0x000814b4       0x24 C:\Users\admin\AppData\Local\Temp\VMBuilds\LedFactory\arduino_due_x_dbg\Debug\UIPEthernet\UIPUdp.cpp.o
                0x000814b4                UIPUDP::UIPUDP()
                0x000814b4                UIPUDP::UIPUDP()
 .text._ZN6UIPUDP11beginPacketEPKct
                0x000814d8       0x5c C:\Users\admin\AppData\Local\Temp\VMBuilds\LedFactory\arduino_due_x_dbg\Debug\UIPEthernet\UIPUdp.cpp.o
                0x000814d8                UIPUDP::beginPacket(char const*, unsigned short)
 .text.uipudp_appcall
                0x00081534       0xa4 C:\Users\admin\AppData\Local\Temp\VMBuilds\LedFactory\arduino_due_x_dbg\Debug\UIPEthernet\UIPUdp.cpp.o
                0x00081534                uipudp_appcall
 .text._ZN6UIPUDP5_sendEP18uip_udp_userdata_t
                0x000815d8       0x40 C:\Users\admin\AppData\Local\Temp\VMBuilds\LedFactory\arduino_due_x_dbg\Debug\UIPEthernet\UIPUdp.cpp.o
                0x000815d8                UIPUDP::_send(uip_udp_userdata_t*)
 .text._ZN6UIPUDP9endPacketEv
                0x00081618       0x48 C:\Users\admin\AppData\Local\Temp\VMBuilds\LedFactory\arduino_due_x_dbg\Debug\UIPEthernet\UIPUdp.cpp.o
                0x00081618                UIPUDP::endPacket()
 .text.startup._GLOBAL__sub_I__ZN6UIPUDPC2Ev
                0x00081660       0x1c C:\Users\admin\AppData\Local\Temp\VMBuilds\LedFactory\arduino_due_x_dbg\Debug\UIPEthernet\UIPUdp.cpp.o
 .text.uip_add32
                0x0008167c       0x54 C:\Users\admin\AppData\Local\Temp\VMBuilds\LedFactory\arduino_due_x_dbg\Debug\UIPEthernet\utility\uip.c.o
                0x0008167c                uip_add32
 .text.unlikely.uip_add_rcv_nxt
                0x000816d0       0x2c C:\Users\admin\AppData\Local\Temp\VMBuilds\LedFactory\arduino_due_x_dbg\Debug\UIPEthernet\utility\uip.c.o
 .text.uip_init
                0x000816fc       0x58 C:\Users\admin\AppData\Local\Temp\VMBuilds\LedFactory\arduino_due_x_dbg\Debug\UIPEthernet\utility\uip.c.o
                0x000816fc                uip_init
 .text.uip_connect
                0x00081754       0xc8 C:\Users\admin\AppData\Local\Temp\VMBuilds\LedFactory\arduino_due_x_dbg\Debug\UIPEthernet\utility\uip.c.o
                0x00081754                uip_connect
 .text.uip_udp_new
                0x0008181c       0x88 C:\Users\admin\AppData\Local\Temp\VMBuilds\LedFactory\arduino_due_x_dbg\Debug\UIPEthernet\utility\uip.c.o
                0x0008181c                uip_udp_new
 .text.uip_listen
                0x000818a4       0x30 C:\Users\admin\AppData\Local\Temp\VMBuilds\LedFactory\arduino_due_x_dbg\Debug\UIPEthernet\utility\uip.c.o
                0x000818a4                uip_listen
 .text.uip_process
                0x000818d4      0xb2c C:\Users\admin\AppData\Local\Temp\VMBuilds\LedFactory\arduino_due_x_dbg\Debug\UIPEthernet\utility\uip.c.o
                0x000818d4                uip_process
 .text.htons    0x00082400        0x6 C:\Users\admin\AppData\Local\Temp\VMBuilds\LedFactory\arduino_due_x_dbg\Debug\UIPEthernet\utility\uip.c.o
                0x00082400                htons
 *fill*         0x00082406        0x2 
 .text.uip_send
                0x00082408       0x28 C:\Users\admin\AppData\Local\Temp\VMBuilds\LedFactory\arduino_due_x_dbg\Debug\UIPEthernet\utility\uip.c.o
                0x00082408                uip_send
 .text.uip_arp_update
                0x00082430       0xcc C:\Users\admin\AppData\Local\Temp\VMBuilds\LedFactory\arduino_due_x_dbg\Debug\UIPEthernet\utility\uip_arp.c.o
 .text.uip_arp_init
                0x000824fc       0x30 C:\Users\admin\AppData\Local\Temp\VMBuilds\LedFactory\arduino_due_x_dbg\Debug\UIPEthernet\utility\uip_arp.c.o
                0x000824fc                uip_arp_init
 .text.uip_arp_ipin
                0x0008252c       0x48 C:\Users\admin\AppData\Local\Temp\VMBuilds\LedFactory\arduino_due_x_dbg\Debug\UIPEthernet\utility\uip_arp.c.o
                0x0008252c                uip_arp_ipin
 .text.uip_arp_arpin
                0x00082574       0xd0 C:\Users\admin\AppData\Local\Temp\VMBuilds\LedFactory\arduino_due_x_dbg\Debug\UIPEthernet\utility\uip_arp.c.o
                0x00082574                uip_arp_arpin
 .text.uip_arp_out
                0x00082644      0x140 C:\Users\admin\AppData\Local\Temp\VMBuilds\LedFactory\arduino_due_x_dbg\Debug\UIPEthernet\utility\uip_arp.c.o
                0x00082644                uip_arp_out
 .text._ZN8SPIClass8transferEh15SPITransferMode
                0x00082784       0x12 C:\Users\admin\AppData\Local\Temp\VMBuilds\LedFactory\arduino_due_x_dbg\Debug\UIPEthernet\utility\Enc28J60Network.cpp.o
                0x00082784                SPIClass::transfer(unsigned char, SPITransferMode)
 *fill*         0x00082796        0x2 
 .text._ZN15Enc28J60Network9blockSizeEh
                0x00082798       0x20 C:\Users\admin\AppData\Local\Temp\VMBuilds\LedFactory\arduino_due_x_dbg\Debug\UIPEthernet\utility\Enc28J60Network.cpp.o
                0x00082798                Enc28J60Network::blockSize(unsigned char)
 .text._ZN15Enc28J60Network6readOpEhh
                0x000827b8       0x48 C:\Users\admin\AppData\Local\Temp\VMBuilds\LedFactory\arduino_due_x_dbg\Debug\UIPEthernet\utility\Enc28J60Network.cpp.o
                0x000827b8                Enc28J60Network::readOp(unsigned char, unsigned char)
 .text._ZN15Enc28J60Network7writeOpEhhh
                0x00082800       0x3c C:\Users\admin\AppData\Local\Temp\VMBuilds\LedFactory\arduino_due_x_dbg\Debug\UIPEthernet\utility\Enc28J60Network.cpp.o
                0x00082800                Enc28J60Network::writeOp(unsigned char, unsigned char, unsigned char)
 .text._ZN15Enc28J60Network10readBufferEtPh
                0x0008283c       0x40 C:\Users\admin\AppData\Local\Temp\VMBuilds\LedFactory\arduino_due_x_dbg\Debug\UIPEthernet\utility\Enc28J60Network.cpp.o
                0x0008283c                Enc28J60Network::readBuffer(unsigned short, unsigned char*)
 .text._ZN15Enc28J60Network11writeBufferEtPh
                0x0008287c       0x40 C:\Users\admin\AppData\Local\Temp\VMBuilds\LedFactory\arduino_due_x_dbg\Debug\UIPEthernet\utility\Enc28J60Network.cpp.o
                0x0008287c                Enc28J60Network::writeBuffer(unsigned short, unsigned char*)
 .text._ZN15Enc28J60Network7setBankEh
                0x000828bc       0x2c C:\Users\admin\AppData\Local\Temp\VMBuilds\LedFactory\arduino_due_x_dbg\Debug\UIPEthernet\utility\Enc28J60Network.cpp.o
                0x000828bc                Enc28J60Network::setBank(unsigned char)
 .text._ZN15Enc28J60Network7readRegEh
                0x000828e8       0x14 C:\Users\admin\AppData\Local\Temp\VMBuilds\LedFactory\arduino_due_x_dbg\Debug\UIPEthernet\utility\Enc28J60Network.cpp.o
                0x000828e8                Enc28J60Network::readReg(unsigned char)
 .text._ZN15Enc28J60Network8writeRegEhh
                0x000828fc       0x18 C:\Users\admin\AppData\Local\Temp\VMBuilds\LedFactory\arduino_due_x_dbg\Debug\UIPEthernet\utility\Enc28J60Network.cpp.o
                0x000828fc                Enc28J60Network::writeReg(unsigned char, unsigned char)
 .text._ZN15Enc28J60Network12writeRegPairEht
                0x00082914       0x24 C:\Users\admin\AppData\Local\Temp\VMBuilds\LedFactory\arduino_due_x_dbg\Debug\UIPEthernet\utility\Enc28J60Network.cpp.o
                0x00082914                Enc28J60Network::writeRegPair(unsigned char, unsigned short)
 .text._ZN15Enc28J60Network10setERXRDPTEv
                0x00082938       0x1c C:\Users\admin\AppData\Local\Temp\VMBuilds\LedFactory\arduino_due_x_dbg\Debug\UIPEthernet\utility\Enc28J60Network.cpp.o
                0x00082938                Enc28J60Network::setERXRDPT()
 .text._ZN15Enc28J60Network10freePacketEv
                0x00082954        0x4 C:\Users\admin\AppData\Local\Temp\VMBuilds\LedFactory\arduino_due_x_dbg\Debug\UIPEthernet\utility\Enc28J60Network.cpp.o
                0x00082954                Enc28J60Network::freePacket()
 .text._ZN15Enc28J60Network13receivePacketEv
                0x00082958       0x90 C:\Users\admin\AppData\Local\Temp\VMBuilds\LedFactory\arduino_due_x_dbg\Debug\UIPEthernet\utility\Enc28J60Network.cpp.o
                0x00082958                Enc28J60Network::receivePacket()
 .text._ZN15Enc28J60Network10setReadPtrEhtt
                0x000829e8       0x48 C:\Users\admin\AppData\Local\Temp\VMBuilds\LedFactory\arduino_due_x_dbg\Debug\UIPEthernet\utility\Enc28J60Network.cpp.o
                0x000829e8                Enc28J60Network::setReadPtr(unsigned char, unsigned short, unsigned short)
 .text._ZN15Enc28J60Network10readPacketEhtPht
                0x00082a30       0x16 C:\Users\admin\AppData\Local\Temp\VMBuilds\LedFactory\arduino_due_x_dbg\Debug\UIPEthernet\utility\Enc28J60Network.cpp.o
                0x00082a30                Enc28J60Network::readPacket(unsigned char, unsigned short, unsigned char*, unsigned short)
 *fill*         0x00082a46        0x2 
 .text._ZN15Enc28J60Network11writePacketEhtPht
                0x00082a48       0x38 C:\Users\admin\AppData\Local\Temp\VMBuilds\LedFactory\arduino_due_x_dbg\Debug\UIPEthernet\utility\Enc28J60Network.cpp.o
                0x00082a48                Enc28J60Network::writePacket(unsigned char, unsigned short, unsigned char*, unsigned short)
 .text._ZN15Enc28J60Network8readByteEt
                0x00082a80       0x3c C:\Users\admin\AppData\Local\Temp\VMBuilds\LedFactory\arduino_due_x_dbg\Debug\UIPEthernet\utility\Enc28J60Network.cpp.o
                0x00082a80                Enc28J60Network::readByte(unsigned short)
 .text._ZN15Enc28J60Network9writeByteEth
                0x00082abc       0x3c C:\Users\admin\AppData\Local\Temp\VMBuilds\LedFactory\arduino_due_x_dbg\Debug\UIPEthernet\utility\Enc28J60Network.cpp.o
                0x00082abc                Enc28J60Network::writeByte(unsigned short, unsigned char)
 .text._ZN15Enc28J60Network10sendPacketEh
                0x00082af8       0x6c C:\Users\admin\AppData\Local\Temp\VMBuilds\LedFactory\arduino_due_x_dbg\Debug\UIPEthernet\utility\Enc28J60Network.cpp.o
                0x00082af8                Enc28J60Network::sendPacket(unsigned char)
 .text._Z36enc28J60_mempool_block_move_callbackttt
                0x00082b64       0x6e C:\Users\admin\AppData\Local\Temp\VMBuilds\LedFactory\arduino_due_x_dbg\Debug\UIPEthernet\utility\Enc28J60Network.cpp.o
                0x00082b64                enc28J60_mempool_block_move_callback(unsigned short, unsigned short, unsigned short)
 *fill*         0x00082bd2        0x2 
 .text._ZN15Enc28J60Network10copyPacketEhthtt
                0x00082bd4       0x50 C:\Users\admin\AppData\Local\Temp\VMBuilds\LedFactory\arduino_due_x_dbg\Debug\UIPEthernet\utility\Enc28J60Network.cpp.o
                0x00082bd4                Enc28J60Network::copyPacket(unsigned char, unsigned short, unsigned char, unsigned short, unsigned short)
 .text._ZN15Enc28J60Network8phyWriteEht
                0x00082c24       0x2e C:\Users\admin\AppData\Local\Temp\VMBuilds\LedFactory\arduino_due_x_dbg\Debug\UIPEthernet\utility\Enc28J60Network.cpp.o
                0x00082c24                Enc28J60Network::phyWrite(unsigned char, unsigned short)
 *fill*         0x00082c52        0x2 
 .text._ZN15Enc28J60Network4initEPh
                0x00082c54      0x110 C:\Users\admin\AppData\Local\Temp\VMBuilds\LedFactory\arduino_due_x_dbg\Debug\UIPEthernet\utility\Enc28J60Network.cpp.o
                0x00082c54                Enc28J60Network::init(unsigned char*)
 .text._ZN15Enc28J60Network6chksumEthtt
                0x00082d64       0x88 C:\Users\admin\AppData\Local\Temp\VMBuilds\LedFactory\arduino_due_x_dbg\Debug\UIPEthernet\utility\Enc28J60Network.cpp.o
                0x00082d64                Enc28J60Network::chksum(unsigned short, unsigned char, unsigned short, unsigned short)
 .text._ZN10MemoryPool4initEv
                0x00082dec       0x1c C:\Users\admin\AppData\Local\Temp\VMBuilds\LedFactory\arduino_due_x_dbg\Debug\UIPEthernet\utility\mempool.cpp.o
                0x00082dec                MemoryPool::init()
 .text._ZN10MemoryPool10allocBlockEt
                0x00082e08       0xe4 C:\Users\admin\AppData\Local\Temp\VMBuilds\LedFactory\arduino_due_x_dbg\Debug\UIPEthernet\utility\mempool.cpp.o
                0x00082e08                MemoryPool::allocBlock(unsigned short)
 .text._ZN10MemoryPool9freeBlockEh
                0x00082eec       0x30 C:\Users\admin\AppData\Local\Temp\VMBuilds\LedFactory\arduino_due_x_dbg\Debug\UIPEthernet\utility\mempool.cpp.o
                0x00082eec                MemoryPool::freeBlock(unsigned char)
 .text._ZN10MemoryPool11resizeBlockEht
                0x00082f1c       0x1c C:\Users\admin\AppData\Local\Temp\VMBuilds\LedFactory\arduino_due_x_dbg\Debug\UIPEthernet\utility\mempool.cpp.o
                0x00082f1c                MemoryPool::resizeBlock(unsigned char, unsigned short)
 .text._ZN10MemoryPool11resizeBlockEhtt
                0x00082f38       0x18 C:\Users\admin\AppData\Local\Temp\VMBuilds\LedFactory\arduino_due_x_dbg\Debug\UIPEthernet\utility\mempool.cpp.o
                0x00082f38                MemoryPool::resizeBlock(unsigned char, unsigned short, unsigned short)
 .text._ZL10SPI_0_Initv
                0x00082f50       0x48 C:\Users\admin\AppData\Local\Temp\VMBuilds\LedFactory\arduino_due_x_dbg\Debug\SPI\SPI.cpp.o
 .text._ZN8SPIClass4initEv
                0x00082f98       0x36 C:\Users\admin\AppData\Local\Temp\VMBuilds\LedFactory\arduino_due_x_dbg\Debug\SPI\SPI.cpp.o
                0x00082f98                SPIClass::init()
 .text._ZN8SPIClass11setDataModeEhh
                0x00082fce       0x34 C:\Users\admin\AppData\Local\Temp\VMBuilds\LedFactory\arduino_due_x_dbg\Debug\SPI\SPI.cpp.o
                0x00082fce                SPIClass::setDataMode(unsigned char, unsigned char)
 .text._ZN8SPIClass15setClockDividerEhh
                0x00083002       0x2e C:\Users\admin\AppData\Local\Temp\VMBuilds\LedFactory\arduino_due_x_dbg\Debug\SPI\SPI.cpp.o
                0x00083002                SPIClass::setClockDivider(unsigned char, unsigned char)
 .text._ZN8SPIClass5beginEv
                0x00083030       0x22 C:\Users\admin\AppData\Local\Temp\VMBuilds\LedFactory\arduino_due_x_dbg\Debug\SPI\SPI.cpp.o
                0x00083030                SPIClass::begin()
 .text._ZN8SPIClass8transferEhh15SPITransferMode
                0x00083052       0x5e C:\Users\admin\AppData\Local\Temp\VMBuilds\LedFactory\arduino_due_x_dbg\Debug\SPI\SPI.cpp.o
                0x00083052                SPIClass::transfer(unsigned char, unsigned char, SPITransferMode)
 .text.startup._GLOBAL__sub_I__ZN8SPIClassC2EP3SpimPFvvE
                0x000830b0       0x24 C:\Users\admin\AppData\Local\Temp\VMBuilds\LedFactory\arduino_due_x_dbg\Debug\SPI\SPI.cpp.o
 .text._ZN17Adafruit_NeoPixelC2Ethh
                0x000830d4       0x3c C:\Users\admin\AppData\Local\Temp\VMBuilds\LedFactory\arduino_due_x_dbg\Debug\Adafruit_NeoPixel\Adafruit_NeoPixel.cpp.o
                0x000830d4                Adafruit_NeoPixel::Adafruit_NeoPixel(unsigned short, unsigned char, unsigned char)
                0x000830d4                Adafruit_NeoPixel::Adafruit_NeoPixel(unsigned short, unsigned char, unsigned char)
 .text._ZN17Adafruit_NeoPixel5beginEv
                0x00083110       0x18 C:\Users\admin\AppData\Local\Temp\VMBuilds\LedFactory\arduino_due_x_dbg\Debug\Adafruit_NeoPixel\Adafruit_NeoPixel.cpp.o
                0x00083110                Adafruit_NeoPixel::begin()
 .text._ZN17Adafruit_NeoPixel4showEv
                0x00083128      0x11c C:\Users\admin\AppData\Local\Temp\VMBuilds\LedFactory\arduino_due_x_dbg\Debug\Adafruit_NeoPixel\Adafruit_NeoPixel.cpp.o
                0x00083128                Adafruit_NeoPixel::show()
 .text._ZN17Adafruit_NeoPixel13setPixelColorEtm
                0x00083244       0x30 C:\Users\admin\AppData\Local\Temp\VMBuilds\LedFactory\arduino_due_x_dbg\Debug\Adafruit_NeoPixel\Adafruit_NeoPixel.cpp.o
                0x00083244                Adafruit_NeoPixel::setPixelColor(unsigned short, unsigned long)
 .text._ZN17Adafruit_NeoPixel13setStripColorEm
                0x00083274       0x40 C:\Users\admin\AppData\Local\Temp\VMBuilds\LedFactory\arduino_due_x_dbg\Debug\Adafruit_NeoPixel\Adafruit_NeoPixel.cpp.o
                0x00083274                Adafruit_NeoPixel::setStripColor(unsigned long)
 .text._ZN17Adafruit_NeoPixel5ColorEhhh
                0x000832b4        0xa C:\Users\admin\AppData\Local\Temp\VMBuilds\LedFactory\arduino_due_x_dbg\Debug\Adafruit_NeoPixel\Adafruit_NeoPixel.cpp.o
                0x000832b4                Adafruit_NeoPixel::Color(unsigned char, unsigned char, unsigned char)
 .text.atexit   0x000832be        0x4 C:\Users\admin\AppData\Local\Temp\VMBuilds\LedFactory\arduino_due_x_dbg\Debug\FastLED\FastLED.cpp.o
                0x000832be                atexit
 *fill*         0x000832c2        0x2 
 .text.startup._GLOBAL__sub_I_fuckit
                0x000832c4       0x18 C:\Users\admin\AppData\Local\Temp\VMBuilds\LedFactory\arduino_due_x_dbg\Debug\FastLED\FastLED.cpp.o
 .text._ZN2HFC2Ethh
                0x000832dc       0x70 C:\Users\admin\AppData\Local\Temp\VMBuilds\LedFactory\arduino_due_x_dbg\Debug\HF.cpp.o
                0x000832dc                HF::HF(unsigned short, unsigned char, unsigned char)
                0x000832dc                HF::HF(unsigned short, unsigned char, unsigned char)
 .text._ZN2HF6blikejEv
                0x0008334c       0x44 C:\Users\admin\AppData\Local\Temp\VMBuilds\LedFactory\arduino_due_x_dbg\Debug\HF.cpp.o
                0x0008334c                HF::blikej()
 .text._ZN2HF7startujEv
                0x00083390      0x150 C:\Users\admin\AppData\Local\Temp\VMBuilds\LedFactory\arduino_due_x_dbg\Debug\HF.cpp.o
                0x00083390                HF::startuj()
 .text._ZN2HF7vypnoutEv
                0x000834e0       0x34 C:\Users\admin\AppData\Local\Temp\VMBuilds\LedFactory\arduino_due_x_dbg\Debug\HF.cpp.o
                0x000834e0                HF::vypnout()
 .text._ZN2HF5lightEv
                0x00083514       0x28 C:\Users\admin\AppData\Local\Temp\VMBuilds\LedFactory\arduino_due_x_dbg\Debug\HF.cpp.o
                0x00083514                HF::light()
 .text._ZN2HF4loopEv
                0x0008353c       0x2e C:\Users\admin\AppData\Local\Temp\VMBuilds\LedFactory\arduino_due_x_dbg\Debug\HF.cpp.o
                0x0008353c                HF::loop()
 .text._ZN2HF7setModeEh
                0x0008356a       0x12 C:\Users\admin\AppData\Local\Temp\VMBuilds\LedFactory\arduino_due_x_dbg\Debug\HF.cpp.o
                0x0008356a                HF::setMode(unsigned char)
 .text._ZN2HF6showItEv
                0x0008357c        0x4 C:\Users\admin\AppData\Local\Temp\VMBuilds\LedFactory\arduino_due_x_dbg\Debug\HF.cpp.o
                0x0008357c                HF::showIt()
 .text._ZN13LedControllerC2Eh
                0x00083580       0x10 C:\Users\admin\AppData\Local\Temp\VMBuilds\LedFactory\arduino_due_x_dbg\Debug\LedController.cpp.o
                0x00083580                LedController::LedController(unsigned char)
                0x00083580                LedController::LedController(unsigned char)
 .text._ZN13LedController8getStripEh
                0x00083590        0x8 C:\Users\admin\AppData\Local\Temp\VMBuilds\LedFactory\arduino_due_x_dbg\Debug\LedController.cpp.o
                0x00083590                LedController::getStrip(unsigned char)
 .text._ZN13LedController4loopEv
                0x00083598        0x6 C:\Users\admin\AppData\Local\Temp\VMBuilds\LedFactory\arduino_due_x_dbg\Debug\LedController.cpp.o
                0x00083598                LedController::loop()
 .text._ZN13LedController8setStripEP2HFh
                0x0008359e        0x8 C:\Users\admin\AppData\Local\Temp\VMBuilds\LedFactory\arduino_due_x_dbg\Debug\LedController.cpp.o
                0x0008359e                LedController::setStrip(HF*, unsigned char)
 .text._ZN13LedController23setNetworkcommunicationER20NetworkCommunication
                0x000835a6        0x4 C:\Users\admin\AppData\Local\Temp\VMBuilds\LedFactory\arduino_due_x_dbg\Debug\LedController.cpp.o
                0x000835a6                LedController::setNetworkcommunication(NetworkCommunication&)
 *fill*         0x000835aa        0x2 
 .text.startup._GLOBAL__sub_I__ZN13LedControllerC2Eh
                0x000835ac       0x1c C:\Users\admin\AppData\Local\Temp\VMBuilds\LedFactory\arduino_due_x_dbg\Debug\LedController.cpp.o
 .text._ZN20NetworkCommunicationC2EPh9IPAddress
                0x000835c8       0x38 C:\Users\admin\AppData\Local\Temp\VMBuilds\LedFactory\arduino_due_x_dbg\Debug\NetworkCommunication.cpp.o
                0x000835c8                NetworkCommunication::NetworkCommunication(unsigned char*, IPAddress)
                0x000835c8                NetworkCommunication::NetworkCommunication(unsigned char*, IPAddress)
 .text.startup._GLOBAL__sub_I__ZN20NetworkCommunication14parseUrlParamsEPcPA2_S0_ib
                0x00083600       0x1c C:\Users\admin\AppData\Local\Temp\VMBuilds\LedFactory\arduino_due_x_dbg\Debug\NetworkCommunication.cpp.o
 .text._ZN20NetworkCommunication4loopEv
                0x0008361c      0x120 C:\Users\admin\AppData\Local\Temp\VMBuilds\LedFactory\arduino_due_x_dbg\Debug\NetworkCommunication.cpp.o
                0x0008361c                NetworkCommunication::loop()
 .text._ZN20NetworkCommunication5startEv
                0x0008373c       0x2c C:\Users\admin\AppData\Local\Temp\VMBuilds\LedFactory\arduino_due_x_dbg\Debug\NetworkCommunication.cpp.o
                0x0008373c                NetworkCommunication::start()
 .text._Z11serialEventv
                0x00083768        0x2 C:\Users\admin\AppData\Local\Temp\VMBuilds\LedFactory\arduino_due_x_dbg\Debug\variant\variant.cpp.o
                0x00083768                serialEvent()
 *fill*         0x0008376a        0x2 
 .text.UART_Handler
                0x0008376c        0xc C:\Users\admin\AppData\Local\Temp\VMBuilds\LedFactory\arduino_due_x_dbg\Debug\variant\variant.cpp.o
                0x0008376c                UART_Handler
 .text._Z12serialEvent1v
                0x00083778        0x2 C:\Users\admin\AppData\Local\Temp\VMBuilds\LedFactory\arduino_due_x_dbg\Debug\variant\variant.cpp.o
                0x00083778                serialEvent1()
 .text._Z12serialEvent2v
                0x0008377a        0x2 C:\Users\admin\AppData\Local\Temp\VMBuilds\LedFactory\arduino_due_x_dbg\Debug\variant\variant.cpp.o
                0x0008377a                serialEvent2()
 .text._Z12serialEvent3v
                0x0008377c        0x2 C:\Users\admin\AppData\Local\Temp\VMBuilds\LedFactory\arduino_due_x_dbg\Debug\variant\variant.cpp.o
                0x0008377c                serialEvent3()
 *fill*         0x0008377e        0x2 
 .text.USART0_Handler
                0x00083780        0xc C:\Users\admin\AppData\Local\Temp\VMBuilds\LedFactory\arduino_due_x_dbg\Debug\variant\variant.cpp.o
                0x00083780                USART0_Handler
 .text.USART1_Handler
                0x0008378c        0xc C:\Users\admin\AppData\Local\Temp\VMBuilds\LedFactory\arduino_due_x_dbg\Debug\variant\variant.cpp.o
                0x0008378c                USART1_Handler
 .text.USART3_Handler
                0x00083798        0xc C:\Users\admin\AppData\Local\Temp\VMBuilds\LedFactory\arduino_due_x_dbg\Debug\variant\variant.cpp.o
                0x00083798                USART3_Handler
 .text.init     0x000837a4      0x128 C:\Users\admin\AppData\Local\Temp\VMBuilds\LedFactory\arduino_due_x_dbg\Debug\variant\variant.cpp.o
                0x000837a4                init
 .text.startup._GLOBAL__sub_I_g_APinDescription
                0x000838cc       0xd4 C:\Users\admin\AppData\Local\Temp\VMBuilds\LedFactory\arduino_due_x_dbg\Debug\variant\variant.cpp.o
 .text._Z14serialEventRunv
                0x000839a0       0x44 C:\Users\admin\AppData\Local\Temp\VMBuilds\LedFactory\arduino_due_x_dbg\Debug\variant\variant.cpp.o
                0x000839a0                serialEventRun()
 .text.PIO_PullUp
                0x000839e4        0xa C:\Users\admin\AppData\Local\arduino15\packages\arduino\hardware\sam\1.6.11\variants\arduino_due_x/libsam_sam3x8e_gcc_rel.a(pio.o)
                0x000839e4                PIO_PullUp
 .text.PIO_SetPeripheral
                0x000839ee       0x26 C:\Users\admin\AppData\Local\arduino15\packages\arduino\hardware\sam\1.6.11\variants\arduino_due_x/libsam_sam3x8e_gcc_rel.a(pio.o)
                0x000839ee                PIO_SetPeripheral
 .text.PIO_SetInput
                0x00083a14       0x26 C:\Users\admin\AppData\Local\arduino15\packages\arduino\hardware\sam\1.6.11\variants\arduino_due_x/libsam_sam3x8e_gcc_rel.a(pio.o)
                0x00083a14                PIO_SetInput
 .text.PIO_SetOutput
                0x00083a3a       0x24 C:\Users\admin\AppData\Local\arduino15\packages\arduino\hardware\sam\1.6.11\variants\arduino_due_x/libsam_sam3x8e_gcc_rel.a(pio.o)
                0x00083a3a                PIO_SetOutput
 *fill*         0x00083a5e        0x2 
 .text.PIO_Configure
                0x00083a60       0x64 C:\Users\admin\AppData\Local\arduino15\packages\arduino\hardware\sam\1.6.11\variants\arduino_due_x/libsam_sam3x8e_gcc_rel.a(pio.o)
                0x00083a60                PIO_Configure
 .text.PIO_GetOutputDataStatus
                0x00083ac4       0x14 C:\Users\admin\AppData\Local\arduino15\packages\arduino\hardware\sam\1.6.11\variants\arduino_due_x/libsam_sam3x8e_gcc_rel.a(pio.o)
                0x00083ac4                PIO_GetOutputDataStatus
 .text.pmc_enable_upll_clock
                0x00083ad8       0x14 C:\Users\admin\AppData\Local\arduino15\packages\arduino\hardware\sam\1.6.11\variants\arduino_due_x/libsam_sam3x8e_gcc_rel.a(pmc.o)
                0x00083ad8                pmc_enable_upll_clock
 .text.pmc_enable_periph_clk
                0x00083aec       0x44 C:\Users\admin\AppData\Local\arduino15\packages\arduino\hardware\sam\1.6.11\variants\arduino_due_x/libsam_sam3x8e_gcc_rel.a(pmc.o)
                0x00083aec                pmc_enable_periph_clk
 .text.pmc_disable_periph_clk
                0x00083b30       0x40 C:\Users\admin\AppData\Local\arduino15\packages\arduino\hardware\sam\1.6.11\variants\arduino_due_x/libsam_sam3x8e_gcc_rel.a(pmc.o)
                0x00083b30                pmc_disable_periph_clk
 .text.pmc_switch_udpck_to_upllck
                0x00083b70       0x14 C:\Users\admin\AppData\Local\arduino15\packages\arduino\hardware\sam\1.6.11\variants\arduino_due_x/libsam_sam3x8e_gcc_rel.a(pmc.o)
                0x00083b70                pmc_switch_udpck_to_upllck
 .text.pmc_enable_udpck
                0x00083b84        0xc C:\Users\admin\AppData\Local\arduino15\packages\arduino\hardware\sam\1.6.11\variants\arduino_due_x/libsam_sam3x8e_gcc_rel.a(pmc.o)
                0x00083b84                pmc_enable_udpck
 .text.SPI_Enable
                0x00083b90        0x6 C:\Users\admin\AppData\Local\arduino15\packages\arduino\hardware\sam\1.6.11\variants\arduino_due_x/libsam_sam3x8e_gcc_rel.a(spi.o)
                0x00083b90                SPI_Enable
 *fill*         0x00083b96        0x2 
 .text.SPI_Configure
                0x00083b98       0x20 C:\Users\admin\AppData\Local\arduino15\packages\arduino\hardware\sam\1.6.11\variants\arduino_due_x/libsam_sam3x8e_gcc_rel.a(spi.o)
                0x00083b98                SPI_Configure
 .text.SPI_ConfigureNPCS
                0x00083bb8        0x8 C:\Users\admin\AppData\Local\arduino15\packages\arduino\hardware\sam\1.6.11\variants\arduino_due_x/libsam_sam3x8e_gcc_rel.a(spi.o)
                0x00083bb8                SPI_ConfigureNPCS
 .text.SystemInit
                0x00083bc0       0x88 C:\Users\admin\AppData\Local\arduino15\packages\arduino\hardware\sam\1.6.11\variants\arduino_due_x/libsam_sam3x8e_gcc_rel.a(system_sam3xa.o)
                0x00083bc0                SystemInit
 .text.Reset_Handler
                0x00083c48       0x78 C:\Users\admin\AppData\Local\arduino15\packages\arduino\hardware\sam\1.6.11\variants\arduino_due_x/libsam_sam3x8e_gcc_rel.a(startup_sam3xa.o)
                0x00083c48                Reset_Handler
 .text.adc_init
                0x00083cc0       0x98 C:\Users\admin\AppData\Local\arduino15\packages\arduino\hardware\sam\1.6.11\variants\arduino_due_x/libsam_sam3x8e_gcc_rel.a(adc.o)
                0x00083cc0                adc_init
 .text.adc_configure_trigger
                0x00083d58        0xe C:\Users\admin\AppData\Local\arduino15\packages\arduino\hardware\sam\1.6.11\variants\arduino_due_x/libsam_sam3x8e_gcc_rel.a(adc.o)
                0x00083d58                adc_configure_trigger
 .text.adc_configure_timing
                0x00083d66       0x1a C:\Users\admin\AppData\Local\arduino15\packages\arduino\hardware\sam\1.6.11\variants\arduino_due_x/libsam_sam3x8e_gcc_rel.a(adc.o)
                0x00083d66                adc_configure_timing
 .text.adc_disable_channel
                0x00083d80        0xa C:\Users\admin\AppData\Local\arduino15\packages\arduino\hardware\sam\1.6.11\variants\arduino_due_x/libsam_sam3x8e_gcc_rel.a(adc.o)
                0x00083d80                adc_disable_channel
 .text.adc_disable_all_channel
                0x00083d8a        0x8 C:\Users\admin\AppData\Local\arduino15\packages\arduino\hardware\sam\1.6.11\variants\arduino_due_x/libsam_sam3x8e_gcc_rel.a(adc.o)
                0x00083d8a                adc_disable_all_channel
 .text.adc_disable_interrupt
                0x00083d92        0x4 C:\Users\admin\AppData\Local\arduino15\packages\arduino\hardware\sam\1.6.11\variants\arduino_due_x/libsam_sam3x8e_gcc_rel.a(adc.o)
                0x00083d92                adc_disable_interrupt
 *fill*         0x00083d96        0x2 
 .text.UOTGHS_Handler
                0x00083d98       0x10 C:\Users\admin\AppData\Local\arduino15\packages\arduino\hardware\sam\1.6.11\variants\arduino_due_x/libsam_sam3x8e_gcc_rel.a(uotghs.o)
                0x00083d98                UOTGHS_Handler
 .text.__halt   0x00083da8        0x2 C:\Users\admin\AppData\Local\Temp\VMBuilds\LedFactory\arduino_due_x_dbg\Debug/core.a(cortex_handlers.c.o)
                0x00083da8                DACC_Handler
                0x00083da8                DebugMon_Handler
                0x00083da8                DMAC_Handler
                0x00083da8                TRNG_Handler
                0x00083da8                HardFault_Handler
                0x00083da8                TC2_Handler
                0x00083da8                TWI1_Handler
                0x00083da8                NMI_Handler
                0x00083da8                TC7_Handler
                0x00083da8                ADC_Handler
                0x00083da8                SMC_Handler
                0x00083da8                RTT_Handler
                0x00083da8                EFC1_Handler
                0x00083da8                PIOB_Handler
                0x00083da8                RTC_Handler
                0x00083da8                UsageFault_Handler
                0x00083da8                TC6_Handler
                0x00083da8                WDT_Handler
                0x00083da8                CAN0_Handler
                0x00083da8                TC4_Handler
                0x00083da8                TC1_Handler
                0x00083da8                HSMCI_Handler
                0x00083da8                TC3_Handler
                0x00083da8                TWI0_Handler
                0x00083da8                PIOA_Handler
                0x00083da8                SSC_Handler
                0x00083da8                EFC0_Handler
                0x00083da8                PMC_Handler
                0x00083da8                PWM_Handler
                0x00083da8                CAN1_Handler
                0x00083da8                MemManage_Handler
                0x00083da8                SUPC_Handler
                0x00083da8                TC8_Handler
                0x00083da8                USART2_Handler
                0x00083da8                PIOD_Handler
                0x00083da8                EMAC_Handler
                0x00083da8                PIOC_Handler
                0x00083da8                BusFault_Handler
                0x00083da8                RSTC_Handler
                0x00083da8                TC0_Handler
                0x00083da8                TC5_Handler
                0x00083da8                SPI0_Handler
 .text.SVC_Handler
                0x00083daa        0x4 C:\Users\admin\AppData\Local\Temp\VMBuilds\LedFactory\arduino_due_x_dbg\Debug/core.a(cortex_handlers.c.o)
                0x00083daa                SVC_Handler
 .text.PendSV_Handler
                0x00083dae        0x4 C:\Users\admin\AppData\Local\Temp\VMBuilds\LedFactory\arduino_due_x_dbg\Debug/core.a(cortex_handlers.c.o)
                0x00083dae                PendSV_Handler
 .text.SysTick_Handler
                0x00083db2       0x16 C:\Users\admin\AppData\Local\Temp\VMBuilds\LedFactory\arduino_due_x_dbg\Debug/core.a(cortex_handlers.c.o)
                0x00083db2                SysTick_Handler
 .text.__empty  0x00083dc8        0x2 C:\Users\admin\AppData\Local\Temp\VMBuilds\LedFactory\arduino_due_x_dbg\Debug/core.a(hooks.c.o)
                0x00083dc8                yield
 .text.__false  0x00083dca        0x4 C:\Users\admin\AppData\Local\Temp\VMBuilds\LedFactory\arduino_due_x_dbg\Debug/core.a(hooks.c.o)
                0x00083dca                sysTickHook
 .text.__halt   0x00083dce        0x2 C:\Users\admin\AppData\Local\Temp\VMBuilds\LedFactory\arduino_due_x_dbg\Debug/core.a(hooks.c.o)
                0x00083dce                svcHook
                0x00083dce                pendSVHook
 .text._sbrk    0x00083dd0       0x1c C:\Users\admin\AppData\Local\Temp\VMBuilds\LedFactory\arduino_due_x_dbg\Debug/core.a(syscalls_sam3.c.o)
                0x00083dd0                _sbrk
 .text.link     0x00083dec        0x6 C:\Users\admin\AppData\Local\Temp\VMBuilds\LedFactory\arduino_due_x_dbg\Debug/core.a(syscalls_sam3.c.o)
                0x00083dec                link
 .text._close   0x00083df2        0x6 C:\Users\admin\AppData\Local\Temp\VMBuilds\LedFactory\arduino_due_x_dbg\Debug/core.a(syscalls_sam3.c.o)
                0x00083df2                _close
 .text._fstat   0x00083df8        0xa C:\Users\admin\AppData\Local\Temp\VMBuilds\LedFactory\arduino_due_x_dbg\Debug/core.a(syscalls_sam3.c.o)
                0x00083df8                _fstat
 .text._isatty  0x00083e02        0x4 C:\Users\admin\AppData\Local\Temp\VMBuilds\LedFactory\arduino_due_x_dbg\Debug/core.a(syscalls_sam3.c.o)
                0x00083e02                _isatty
 .text._lseek   0x00083e06        0x4 C:\Users\admin\AppData\Local\Temp\VMBuilds\LedFactory\arduino_due_x_dbg\Debug/core.a(syscalls_sam3.c.o)
                0x00083e06                _lseek
 .text._read    0x00083e0a        0x4 C:\Users\admin\AppData\Local\Temp\VMBuilds\LedFactory\arduino_due_x_dbg\Debug/core.a(syscalls_sam3.c.o)
                0x00083e0a                _read
 *fill*         0x00083e0e        0x2 
 .text._write   0x00083e10       0x24 C:\Users\admin\AppData\Local\Temp\VMBuilds\LedFactory\arduino_due_x_dbg\Debug/core.a(syscalls_sam3.c.o)
                0x00083e10                _write
 .text._exit    0x00083e34       0x10 C:\Users\admin\AppData\Local\Temp\VMBuilds\LedFactory\arduino_due_x_dbg\Debug/core.a(syscalls_sam3.c.o)
                0x00083e34                _exit
 .text._kill    0x00083e44        0x2 C:\Users\admin\AppData\Local\Temp\VMBuilds\LedFactory\arduino_due_x_dbg\Debug/core.a(syscalls_sam3.c.o)
                0x00083e44                _kill
 .text._getpid  0x00083e46        0x6 C:\Users\admin\AppData\Local\Temp\VMBuilds\LedFactory\arduino_due_x_dbg\Debug/core.a(syscalls_sam3.c.o)
                0x00083e46                _getpid
 .text.millis   0x00083e4c        0x4 C:\Users\admin\AppData\Local\Temp\VMBuilds\LedFactory\arduino_due_x_dbg\Debug/core.a(wiring.c.o)
                0x00083e4c                millis
 .text.micros   0x00083e50       0x74 C:\Users\admin\AppData\Local\Temp\VMBuilds\LedFactory\arduino_due_x_dbg\Debug/core.a(wiring.c.o)
                0x00083e50                micros
 .text.delay    0x00083ec4       0x1c C:\Users\admin\AppData\Local\Temp\VMBuilds\LedFactory\arduino_due_x_dbg\Debug/core.a(wiring.c.o)
                0x00083ec4                delay
 .text.analogOutputInit
                0x00083ee0        0x2 C:\Users\admin\AppData\Local\Temp\VMBuilds\LedFactory\arduino_due_x_dbg\Debug/core.a(wiring_analog.c.o)
                0x00083ee0                analogOutputInit
 *fill*         0x00083ee2        0x2 
 .text.pinMode  0x00083ee4      0x108 C:\Users\admin\AppData\Local\Temp\VMBuilds\LedFactory\arduino_due_x_dbg\Debug/core.a(wiring_digital.c.o)
                0x00083ee4                pinMode
 .text.digitalWrite
                0x00083fec       0x70 C:\Users\admin\AppData\Local\Temp\VMBuilds\LedFactory\arduino_due_x_dbg\Debug/core.a(wiring_digital.c.o)
                0x00083fec                digitalWrite
 .text._ZNK9IPAddress7printToER5Print
                0x0008405c       0x3c C:\Users\admin\AppData\Local\Temp\VMBuilds\LedFactory\arduino_due_x_dbg\Debug/core.a(IPAddress.cpp.o)
                0x0008405c                IPAddress::printTo(Print&) const
 .text._ZN9IPAddressC2Ev
                0x00084098       0x10 C:\Users\admin\AppData\Local\Temp\VMBuilds\LedFactory\arduino_due_x_dbg\Debug/core.a(IPAddress.cpp.o)
                0x00084098                IPAddress::IPAddress()
                0x00084098                IPAddress::IPAddress()
 .text._ZN9IPAddressC2Ehhhh
                0x000840a8       0x18 C:\Users\admin\AppData\Local\Temp\VMBuilds\LedFactory\arduino_due_x_dbg\Debug/core.a(IPAddress.cpp.o)
                0x000840a8                IPAddress::IPAddress(unsigned char, unsigned char, unsigned char, unsigned char)
                0x000840a8                IPAddress::IPAddress(unsigned char, unsigned char, unsigned char, unsigned char)
 .text.startup._GLOBAL__sub_I__ZN9IPAddressC2Ev
                0x000840c0       0x1c C:\Users\admin\AppData\Local\Temp\VMBuilds\LedFactory\arduino_due_x_dbg\Debug/core.a(IPAddress.cpp.o)
 .text.initVariant
                0x000840dc        0x2 C:\Users\admin\AppData\Local\Temp\VMBuilds\LedFactory\arduino_due_x_dbg\Debug/core.a(main.cpp.o)
                0x000840dc                initVariant
 *fill*         0x000840de        0x2 
 .text.startup.main
                0x000840e0       0x38 C:\Users\admin\AppData\Local\Temp\VMBuilds\LedFactory\arduino_due_x_dbg\Debug/core.a(main.cpp.o)
                0x000840e0                main
 .text._Znaj    0x00084118        0x4 C:\Users\admin\AppData\Local\Temp\VMBuilds\LedFactory\arduino_due_x_dbg\Debug/core.a(new.cpp.o)
                0x00084118                operator new[](unsigned int)
 .text._ZN5Print5writeEPKhj
                0x0008411c       0x22 C:\Users\admin\AppData\Local\Temp\VMBuilds\LedFactory\arduino_due_x_dbg\Debug/core.a(Print.cpp.o)
                0x0008411c                Print::write(unsigned char const*, unsigned int)
 .text._ZN5Print5printEmi.part.3
                0x0008413e        0xc C:\Users\admin\AppData\Local\Temp\VMBuilds\LedFactory\arduino_due_x_dbg\Debug/core.a(Print.cpp.o)
 .text._ZN5Print5writeEPKc
                0x0008414a       0x1e C:\Users\admin\AppData\Local\Temp\VMBuilds\LedFactory\arduino_due_x_dbg\Debug/core.a(Print.cpp.o)
                0x0008414a                Print::write(char const*)
 .text._ZN5Print5printEc
                0x00084168        0xa C:\Users\admin\AppData\Local\Temp\VMBuilds\LedFactory\arduino_due_x_dbg\Debug/core.a(Print.cpp.o)
                0x00084168                Print::print(char)
 *fill*         0x00084172        0x2 
 .text._ZN5Print7printlnEv
                0x00084174       0x10 C:\Users\admin\AppData\Local\Temp\VMBuilds\LedFactory\arduino_due_x_dbg\Debug/core.a(Print.cpp.o)
                0x00084174                Print::println()
 .text._ZN5Print7printlnEPKc
                0x00084184       0x14 C:\Users\admin\AppData\Local\Temp\VMBuilds\LedFactory\arduino_due_x_dbg\Debug/core.a(Print.cpp.o)
                0x00084184                Print::println(char const*)
 .text._ZN5Print11printNumberEmh
                0x00084198       0x3e C:\Users\admin\AppData\Local\Temp\VMBuilds\LedFactory\arduino_due_x_dbg\Debug/core.a(Print.cpp.o)
                0x00084198                Print::printNumber(unsigned long, unsigned char)
 .text._ZN5Print5printEmi
                0x000841d6        0xc C:\Users\admin\AppData\Local\Temp\VMBuilds\LedFactory\arduino_due_x_dbg\Debug/core.a(Print.cpp.o)
                0x000841d6                Print::print(unsigned long, int)
 .text._ZN5Print5printEhi
                0x000841e2        0x4 C:\Users\admin\AppData\Local\Temp\VMBuilds\LedFactory\arduino_due_x_dbg\Debug/core.a(Print.cpp.o)
                0x000841e2                Print::print(unsigned char, int)
 *fill*         0x000841e6        0x2 
 .text.initiateReset
                0x000841e8        0xc C:\Users\admin\AppData\Local\Temp\VMBuilds\LedFactory\arduino_due_x_dbg\Debug/core.a(Reset.cpp.o)
                0x000841e8                initiateReset
 .text.cancelReset
                0x000841f4       0x10 C:\Users\admin\AppData\Local\Temp\VMBuilds\LedFactory\arduino_due_x_dbg\Debug/core.a(Reset.cpp.o)
                0x000841f4                cancelReset
 .text.tickReset
                0x00084204       0x20 C:\Users\admin\AppData\Local\Temp\VMBuilds\LedFactory\arduino_due_x_dbg\Debug/core.a(Reset.cpp.o)
                0x00084204                tickReset
 .text._ZN10RingBufferC2Ev
                0x00084224       0x1a C:\Users\admin\AppData\Local\Temp\VMBuilds\LedFactory\arduino_due_x_dbg\Debug/core.a(RingBuffer.cpp.o)
                0x00084224                RingBuffer::RingBuffer()
                0x00084224                RingBuffer::RingBuffer()
 .text._ZN10RingBuffer10store_charEh
                0x0008423e       0x1e C:\Users\admin\AppData\Local\Temp\VMBuilds\LedFactory\arduino_due_x_dbg\Debug/core.a(RingBuffer.cpp.o)
                0x0008423e                RingBuffer::store_char(unsigned char)
 .text._ZN9UARTClasscvbEv
                0x0008425c        0x4 C:\Users\admin\AppData\Local\Temp\VMBuilds\LedFactory\arduino_due_x_dbg\Debug/core.a(UARTClass.cpp.o)
                0x0008425c                UARTClass::operator bool()
 .text._ZN9UARTClass9availableEv
                0x00084260       0x12 C:\Users\admin\AppData\Local\Temp\VMBuilds\LedFactory\arduino_due_x_dbg\Debug/core.a(UARTClass.cpp.o)
                0x00084260                UARTClass::available()
 .text._ZN9UARTClass4peekEv
                0x00084272       0x1c C:\Users\admin\AppData\Local\Temp\VMBuilds\LedFactory\arduino_due_x_dbg\Debug/core.a(UARTClass.cpp.o)
                0x00084272                UARTClass::peek()
 .text._ZN9UARTClass4readEv
                0x0008428e       0x2a C:\Users\admin\AppData\Local\Temp\VMBuilds\LedFactory\arduino_due_x_dbg\Debug/core.a(UARTClass.cpp.o)
                0x0008428e                UARTClass::read()
 .text._ZN9UARTClass5flushEv
                0x000842b8       0x18 C:\Users\admin\AppData\Local\Temp\VMBuilds\LedFactory\arduino_due_x_dbg\Debug/core.a(UARTClass.cpp.o)
                0x000842b8                UARTClass::flush()
 .text._ZN9UARTClass5writeEh
                0x000842d0       0x54 C:\Users\admin\AppData\Local\Temp\VMBuilds\LedFactory\arduino_due_x_dbg\Debug/core.a(UARTClass.cpp.o)
                0x000842d0                UARTClass::write(unsigned char)
 .text._ZN9UARTClass3endEv
                0x00084324       0x3c C:\Users\admin\AppData\Local\Temp\VMBuilds\LedFactory\arduino_due_x_dbg\Debug/core.a(UARTClass.cpp.o)
                0x00084324                UARTClass::end()
 .text._ZN9UARTClassC2EP4Uart4IRQnmP10RingBufferS4_
                0x00084360       0x24 C:\Users\admin\AppData\Local\Temp\VMBuilds\LedFactory\arduino_due_x_dbg\Debug/core.a(UARTClass.cpp.o)
                0x00084360                UARTClass::UARTClass(Uart*, IRQn, unsigned long, RingBuffer*, RingBuffer*)
                0x00084360                UARTClass::UARTClass(Uart*, IRQn, unsigned long, RingBuffer*, RingBuffer*)
 .text._ZN9UARTClass4initEmm
                0x00084384       0x70 C:\Users\admin\AppData\Local\Temp\VMBuilds\LedFactory\arduino_due_x_dbg\Debug/core.a(UARTClass.cpp.o)
                0x00084384                UARTClass::init(unsigned long, unsigned long)
 .text._ZN9UARTClass5beginEm
                0x000843f4        0x8 C:\Users\admin\AppData\Local\Temp\VMBuilds\LedFactory\arduino_due_x_dbg\Debug/core.a(UARTClass.cpp.o)
                0x000843f4                UARTClass::begin(unsigned long)
 .text._ZN9UARTClass10IrqHandlerEv
                0x000843fc       0x5a C:\Users\admin\AppData\Local\Temp\VMBuilds\LedFactory\arduino_due_x_dbg\Debug/core.a(UARTClass.cpp.o)
                0x000843fc                UARTClass::IrqHandler()
 .text._ZN10USARTClass5beginEm
                0x00084456        0x8 C:\Users\admin\AppData\Local\Temp\VMBuilds\LedFactory\arduino_due_x_dbg\Debug/core.a(USARTClass.cpp.o)
                0x00084456                USARTClass::begin(unsigned long)
 *fill*         0x0008445e        0x2 
 .text._ZN10USARTClassC2EP5Usart4IRQnmP10RingBufferS4_
                0x00084460       0x24 C:\Users\admin\AppData\Local\Temp\VMBuilds\LedFactory\arduino_due_x_dbg\Debug/core.a(USARTClass.cpp.o)
                0x00084460                USARTClass::USARTClass(Usart*, IRQn, unsigned long, RingBuffer*, RingBuffer*)
                0x00084460                USARTClass::USARTClass(Usart*, IRQn, unsigned long, RingBuffer*, RingBuffer*)
 .text._watchdogDefaultSetup
                0x00084484        0xc C:\Users\admin\AppData\Local\Temp\VMBuilds\LedFactory\arduino_due_x_dbg\Debug/core.a(watchdog.cpp.o)
                0x00084484                _watchdogDefaultSetup
                0x00084484                watchdogSetup()
 .text.unlikely._ZL11USB_SendZlpv
                0x00084490       0x20 C:\Users\admin\AppData\Local\Temp\VMBuilds\LedFactory\arduino_due_x_dbg\Debug/core.a(USBCore.cpp.o)
 .text._Z14USBD_Availablem
                0x000844b0       0x2c C:\Users\admin\AppData\Local\Temp\VMBuilds\LedFactory\arduino_due_x_dbg\Debug/core.a(USBCore.cpp.o)
                0x000844b0                USBD_Available(unsigned long)
 .text._Z9USBD_RecvmPvm
                0x000844dc       0x7c C:\Users\admin\AppData\Local\Temp\VMBuilds\LedFactory\arduino_due_x_dbg\Debug/core.a(USBCore.cpp.o)
                0x000844dc                USBD_Recv(unsigned long, void*, unsigned long)
 .text._Z9USBD_Recvm
                0x00084558       0x22 C:\Users\admin\AppData\Local\Temp\VMBuilds\LedFactory\arduino_due_x_dbg\Debug/core.a(USBCore.cpp.o)
                0x00084558                USBD_Recv(unsigned long)
 *fill*         0x0008457a        0x2 
 .text._Z9USBD_SendmPKvm
                0x0008457c       0x4c C:\Users\admin\AppData\Local\Temp\VMBuilds\LedFactory\arduino_due_x_dbg\Debug/core.a(USBCore.cpp.o)
                0x0008457c                USBD_Send(unsigned long, void const*, unsigned long)
 .text._Z16USBD_SendControlhPKvm
                0x000845c8       0x40 C:\Users\admin\AppData\Local\Temp\VMBuilds\LedFactory\arduino_due_x_dbg\Debug/core.a(USBCore.cpp.o)
                0x000845c8                USBD_SendControl(unsigned char, void const*, unsigned long)
 .text.unlikely._ZL24USB_SendStringDescriptorPKhi
                0x00084608       0x64 C:\Users\admin\AppData\Local\Temp\VMBuilds\LedFactory\arduino_due_x_dbg\Debug/core.a(USBCore.cpp.o)
 .text._Z16USBD_RecvControlPvm
                0x0008466c       0x1c C:\Users\admin\AppData\Local\Temp\VMBuilds\LedFactory\arduino_due_x_dbg\Debug/core.a(USBCore.cpp.o)
                0x0008466c                USBD_RecvControl(void*, unsigned long)
 .text._Z26USBD_ClassInterfaceRequestR8USBSetup
                0x00084688       0x1e C:\Users\admin\AppData\Local\Temp\VMBuilds\LedFactory\arduino_due_x_dbg\Debug/core.a(USBCore.cpp.o)
                0x00084688                USBD_ClassInterfaceRequest(USBSetup&)
 .text._Z19USBD_SendInterfacesv
                0x000846a6       0x22 C:\Users\admin\AppData\Local\Temp\VMBuilds\LedFactory\arduino_due_x_dbg\Debug/core.a(USBCore.cpp.o)
                0x000846a6                USBD_SendInterfaces()
 .text._Z24USBD_SendOtherInterfacesv
                0x000846c8       0x22 C:\Users\admin\AppData\Local\Temp\VMBuilds\LedFactory\arduino_due_x_dbg\Debug/core.a(USBCore.cpp.o)
                0x000846c8                USBD_SendOtherInterfaces()
 .text._Z10USBD_Flushm
                0x000846ea       0x16 C:\Users\admin\AppData\Local\Temp\VMBuilds\LedFactory\arduino_due_x_dbg\Debug/core.a(USBCore.cpp.o)
                0x000846ea                USBD_Flush(unsigned long)
 .text._ZN10USBDevice_C2Ev
                0x00084700       0x24 C:\Users\admin\AppData\Local\Temp\VMBuilds\LedFactory\arduino_due_x_dbg\Debug/core.a(USBCore.cpp.o)
                0x00084700                USBDevice_::USBDevice_()
                0x00084700                USBDevice_::USBDevice_()
 .text._ZN10USBDevice_6attachEv
                0x00084724       0x20 C:\Users\admin\AppData\Local\Temp\VMBuilds\LedFactory\arduino_due_x_dbg\Debug/core.a(USBCore.cpp.o)
                0x00084724                USBDevice_::attach()
 .text.startup._GLOBAL__sub_I_EndPoints
                0x00084744        0xc C:\Users\admin\AppData\Local\Temp\VMBuilds\LedFactory\arduino_due_x_dbg\Debug/core.a(USBCore.cpp.o)
 .text._ZL7USB_ISRv
                0x00084750      0x454 C:\Users\admin\AppData\Local\Temp\VMBuilds\LedFactory\arduino_due_x_dbg\Debug/core.a(USBCore.cpp.o)
 .text._ZN7Serial_9availableEv
                0x00084ba4       0x18 C:\Users\admin\AppData\Local\Temp\VMBuilds\LedFactory\arduino_due_x_dbg\Debug/core.a(CDC.cpp.o)
                0x00084ba4                Serial_::available()
 .text._ZN7Serial_17availableForWriteEv
                0x00084bbc        0x6 C:\Users\admin\AppData\Local\Temp\VMBuilds\LedFactory\arduino_due_x_dbg\Debug/core.a(CDC.cpp.o)
                0x00084bbc                Serial_::availableForWrite()
 *fill*         0x00084bc2        0x2 
 .text._ZN7Serial_4peekEv
                0x00084bc4       0x20 C:\Users\admin\AppData\Local\Temp\VMBuilds\LedFactory\arduino_due_x_dbg\Debug/core.a(CDC.cpp.o)
                0x00084bc4                Serial_::peek()
 .text._ZN7Serial_5writeEh
                0x00084be4       0x16 C:\Users\admin\AppData\Local\Temp\VMBuilds\LedFactory\arduino_due_x_dbg\Debug/core.a(CDC.cpp.o)
                0x00084be4                Serial_::write(unsigned char)
 *fill*         0x00084bfa        0x2 
 .text._ZN7Serial_4readEv
                0x00084bfc       0x44 C:\Users\admin\AppData\Local\Temp\VMBuilds\LedFactory\arduino_due_x_dbg\Debug/core.a(CDC.cpp.o)
                0x00084bfc                Serial_::read()
 .text._ZN7Serial_5flushEv
                0x00084c40        0x6 C:\Users\admin\AppData\Local\Temp\VMBuilds\LedFactory\arduino_due_x_dbg\Debug/core.a(CDC.cpp.o)
                0x00084c40                Serial_::flush()
 *fill*         0x00084c46        0x2 
 .text._ZN7Serial_6acceptEv
                0x00084c48       0x70 C:\Users\admin\AppData\Local\Temp\VMBuilds\LedFactory\arduino_due_x_dbg\Debug/core.a(CDC.cpp.o)
                0x00084c48                Serial_::accept()
 .text._ZN7Serial_5writeEPKhj
                0x00084cb8       0x2c C:\Users\admin\AppData\Local\Temp\VMBuilds\LedFactory\arduino_due_x_dbg\Debug/core.a(CDC.cpp.o)
                0x00084cb8                Serial_::write(unsigned char const*, unsigned int)
 .text._Z16CDC_GetInterfacePh
                0x00084ce4       0x14 C:\Users\admin\AppData\Local\Temp\VMBuilds\LedFactory\arduino_due_x_dbg\Debug/core.a(CDC.cpp.o)
                0x00084ce4                CDC_GetInterface(unsigned char*)
 .text._Z21CDC_GetOtherInterfacePh
                0x00084cf8       0x14 C:\Users\admin\AppData\Local\Temp\VMBuilds\LedFactory\arduino_due_x_dbg\Debug/core.a(CDC.cpp.o)
                0x00084cf8                CDC_GetOtherInterface(unsigned char*)
 .text._Z9CDC_SetupR8USBSetup
                0x00084d0c       0x78 C:\Users\admin\AppData\Local\Temp\VMBuilds\LedFactory\arduino_due_x_dbg\Debug/core.a(CDC.cpp.o)
                0x00084d0c                CDC_Setup(USBSetup&)
 .text.startup._GLOBAL__sub_I_cdc_rx_buffer
                0x00084d84       0x1c C:\Users\admin\AppData\Local\Temp\VMBuilds\LedFactory\arduino_due_x_dbg\Debug/core.a(CDC.cpp.o)
 .text._ZN13PluggableUSB_12getInterfaceEPh
                0x00084da0       0x28 C:\Users\admin\AppData\Local\Temp\VMBuilds\LedFactory\arduino_due_x_dbg\Debug/core.a(PluggableUSB.cpp.o)
                0x00084da0                PluggableUSB_::getInterface(unsigned char*)
 .text._ZN13PluggableUSB_13getDescriptorER8USBSetup
                0x00084dc8       0x1c C:\Users\admin\AppData\Local\Temp\VMBuilds\LedFactory\arduino_due_x_dbg\Debug/core.a(PluggableUSB.cpp.o)
                0x00084dc8                PluggableUSB_::getDescriptor(USBSetup&)
 .text._ZN13PluggableUSB_12getShortNameEPc
                0x00084de4       0x1c C:\Users\admin\AppData\Local\Temp\VMBuilds\LedFactory\arduino_due_x_dbg\Debug/core.a(PluggableUSB.cpp.o)
                0x00084de4                PluggableUSB_::getShortName(char*)
 .text._ZN13PluggableUSB_5setupER8USBSetup
                0x00084e00       0x20 C:\Users\admin\AppData\Local\Temp\VMBuilds\LedFactory\arduino_due_x_dbg\Debug/core.a(PluggableUSB.cpp.o)
                0x00084e00                PluggableUSB_::setup(USBSetup&)
 .text._Z12PluggableUSBv
                0x00084e20       0x28 C:\Users\admin\AppData\Local\Temp\VMBuilds\LedFactory\arduino_due_x_dbg\Debug/core.a(PluggableUSB.cpp.o)
                0x00084e20                PluggableUSB()
 .text.TimeTick_Increment
                0x00084e48       0x10 C:\Users\admin\AppData\Local\arduino15\packages\arduino\hardware\sam\1.6.11\variants\arduino_due_x/libsam_sam3x8e_gcc_rel.a(timetick.o)
                0x00084e48                TimeTick_Increment
 .text.GetTickCount
                0x00084e58        0xc C:\Users\admin\AppData\Local\arduino15\packages\arduino\hardware\sam\1.6.11\variants\arduino_due_x/libsam_sam3x8e_gcc_rel.a(timetick.o)
                0x00084e58                GetTickCount
 .text.WDT_Disable
                0x00084e64        0x8 C:\Users\admin\AppData\Local\arduino15\packages\arduino\hardware\sam\1.6.11\variants\arduino_due_x/libsam_sam3x8e_gcc_rel.a(wdt.o)
                0x00084e64                WDT_Disable
 .text.UDD_SetStack
                0x00084e6c        0xc C:\Users\admin\AppData\Local\arduino15\packages\arduino\hardware\sam\1.6.11\variants\arduino_due_x/libsam_sam3x8e_gcc_rel.a(uotghs_device.o)
                0x00084e6c                UDD_SetStack
 .text.UDD_Init
                0x00084e78       0xd0 C:\Users\admin\AppData\Local\arduino15\packages\arduino\hardware\sam\1.6.11\variants\arduino_due_x/libsam_sam3x8e_gcc_rel.a(uotghs_device.o)
                0x00084e78                UDD_Init
 .text.UDD_Attach
                0x00084f48       0x50 C:\Users\admin\AppData\Local\arduino15\packages\arduino\hardware\sam\1.6.11\variants\arduino_due_x/libsam_sam3x8e_gcc_rel.a(uotghs_device.o)
                0x00084f48                UDD_Attach
 .text.UDD_InitEP
                0x00084f98       0x2c C:\Users\admin\AppData\Local\arduino15\packages\arduino\hardware\sam\1.6.11\variants\arduino_due_x/libsam_sam3x8e_gcc_rel.a(uotghs_device.o)
                0x00084f98                UDD_InitEP
 .text.UDD_InitEndpoints
                0x00084fc4       0x3c C:\Users\admin\AppData\Local\arduino15\packages\arduino\hardware\sam\1.6.11\variants\arduino_due_x/libsam_sam3x8e_gcc_rel.a(uotghs_device.o)
                0x00084fc4                UDD_InitEndpoints
 .text.UDD_WaitIN
                0x00085000       0x10 C:\Users\admin\AppData\Local\arduino15\packages\arduino\hardware\sam\1.6.11\variants\arduino_due_x/libsam_sam3x8e_gcc_rel.a(uotghs_device.o)
                0x00085000                UDD_WaitIN
 .text.UDD_WaitOUT
                0x00085010       0x10 C:\Users\admin\AppData\Local\arduino15\packages\arduino\hardware\sam\1.6.11\variants\arduino_due_x/libsam_sam3x8e_gcc_rel.a(uotghs_device.o)
                0x00085010                UDD_WaitOUT
 .text.UDD_ClearIN
                0x00085020       0x18 C:\Users\admin\AppData\Local\arduino15\packages\arduino\hardware\sam\1.6.11\variants\arduino_due_x/libsam_sam3x8e_gcc_rel.a(uotghs_device.o)
                0x00085020                UDD_ClearIN
 .text.UDD_ClearOUT
                0x00085038       0x18 C:\Users\admin\AppData\Local\arduino15\packages\arduino\hardware\sam\1.6.11\variants\arduino_due_x/libsam_sam3x8e_gcc_rel.a(uotghs_device.o)
                0x00085038                UDD_ClearOUT
 .text.UDD_ReceivedSetupInt
                0x00085050       0x10 C:\Users\admin\AppData\Local\arduino15\packages\arduino\hardware\sam\1.6.11\variants\arduino_due_x/libsam_sam3x8e_gcc_rel.a(uotghs_device.o)
                0x00085050                UDD_ReceivedSetupInt
 .text.UDD_ClearSetupInt
                0x00085060       0x10 C:\Users\admin\AppData\Local\arduino15\packages\arduino\hardware\sam\1.6.11\variants\arduino_due_x/libsam_sam3x8e_gcc_rel.a(uotghs_device.o)
                0x00085060                UDD_ClearSetupInt
 .text.UDD_Send
                0x00085070       0x88 C:\Users\admin\AppData\Local\arduino15\packages\arduino\hardware\sam\1.6.11\variants\arduino_due_x/libsam_sam3x8e_gcc_rel.a(uotghs_device.o)
                0x00085070                UDD_Send
 .text.UDD_Send8
                0x000850f8       0x24 C:\Users\admin\AppData\Local\arduino15\packages\arduino\hardware\sam\1.6.11\variants\arduino_due_x/libsam_sam3x8e_gcc_rel.a(uotghs_device.o)
                0x000850f8                UDD_Send8
 .text.UDD_Recv8
                0x0008511c       0x28 C:\Users\admin\AppData\Local\arduino15\packages\arduino\hardware\sam\1.6.11\variants\arduino_due_x/libsam_sam3x8e_gcc_rel.a(uotghs_device.o)
                0x0008511c                UDD_Recv8
 .text.UDD_Recv
                0x00085144       0x34 C:\Users\admin\AppData\Local\arduino15\packages\arduino\hardware\sam\1.6.11\variants\arduino_due_x/libsam_sam3x8e_gcc_rel.a(uotghs_device.o)
                0x00085144                UDD_Recv
 .text.UDD_Stall
                0x00085178       0x14 C:\Users\admin\AppData\Local\arduino15\packages\arduino\hardware\sam\1.6.11\variants\arduino_due_x/libsam_sam3x8e_gcc_rel.a(uotghs_device.o)
                0x00085178                UDD_Stall
 .text.UDD_FifoByteCount
                0x0008518c       0x14 C:\Users\admin\AppData\Local\arduino15\packages\arduino\hardware\sam\1.6.11\variants\arduino_due_x/libsam_sam3x8e_gcc_rel.a(uotghs_device.o)
                0x0008518c                UDD_FifoByteCount
 .text.UDD_ReleaseRX
                0x000851a0       0x28 C:\Users\admin\AppData\Local\arduino15\packages\arduino\hardware\sam\1.6.11\variants\arduino_due_x/libsam_sam3x8e_gcc_rel.a(uotghs_device.o)
                0x000851a0                UDD_ReleaseRX
 .text.UDD_ReleaseTX
                0x000851c8       0x28 C:\Users\admin\AppData\Local\arduino15\packages\arduino\hardware\sam\1.6.11\variants\arduino_due_x/libsam_sam3x8e_gcc_rel.a(uotghs_device.o)
                0x000851c8                UDD_ReleaseTX
 .text.UDD_SetAddress
                0x000851f0       0x20 C:\Users\admin\AppData\Local\arduino15\packages\arduino\hardware\sam\1.6.11\variants\arduino_due_x/libsam_sam3x8e_gcc_rel.a(uotghs_device.o)
                0x000851f0                UDD_SetAddress
 .text          0x00085210      0x370 c:/users/admin/appdata/local/arduino15/packages/arduino/tools/arm-none-eabi-gcc/4.8.3-2014q1/bin/../lib/gcc/arm-none-eabi/4.8.3/armv7-m\libgcc.a(_arm_addsubdf3.o)
                0x00085210                __aeabi_drsub
                0x00085218                __aeabi_dsub
                0x00085218                __subdf3
                0x0008521c                __aeabi_dadd
                0x0008521c                __adddf3
                0x00085494                __floatunsidf
                0x00085494                __aeabi_ui2d
                0x000854b4                __floatsidf
                0x000854b4                __aeabi_i2d
                0x000854d8                __aeabi_f2d
                0x000854d8                __extendsfdf2
                0x00085514                __floatundidf
                0x00085514                __aeabi_ul2d
                0x00085524                __floatdidf
                0x00085524                __aeabi_l2d
 .text          0x00085580      0x424 c:/users/admin/appdata/local/arduino15/packages/arduino/tools/arm-none-eabi-gcc/4.8.3-2014q1/bin/../lib/gcc/arm-none-eabi/4.8.3/armv7-m\libgcc.a(_arm_muldivdf3.o)
                0x00085580                __aeabi_dmul
                0x00085580                __muldf3
                0x000857d4                __divdf3
                0x000857d4                __aeabi_ddiv
 .text          0x000859a4      0x110 c:/users/admin/appdata/local/arduino15/packages/arduino/tools/arm-none-eabi-gcc/4.8.3-2014q1/bin/../lib/gcc/arm-none-eabi/4.8.3/armv7-m\libgcc.a(_arm_cmpdf2.o)
                0x000859a4                __gtdf2
                0x000859a4                __gedf2
                0x000859ac                __ltdf2
                0x000859ac                __ledf2
                0x000859b4                __nedf2
                0x000859b4                __eqdf2
                0x000859b4                __cmpdf2
                0x00085a30                __aeabi_cdrcmple
                0x00085a40                __aeabi_cdcmpeq
                0x00085a40                __aeabi_cdcmple
                0x00085a50                __aeabi_dcmpeq
                0x00085a64                __aeabi_dcmplt
                0x00085a78                __aeabi_dcmple
                0x00085a8c                __aeabi_dcmpge
                0x00085aa0                __aeabi_dcmpgt
 .text          0x00085ab4       0x40 c:/users/admin/appdata/local/arduino15/packages/arduino/tools/arm-none-eabi-gcc/4.8.3-2014q1/bin/../lib/gcc/arm-none-eabi/4.8.3/armv7-m\libgcc.a(_arm_fixunsdfsi.o)
                0x00085ab4                __aeabi_d2uiz
                0x00085ab4                __fixunsdfsi
 .text.__libc_init_array
                0x00085af4       0x50 c:/users/admin/appdata/local/arduino15/packages/arduino/tools/arm-none-eabi-gcc/4.8.3-2014q1/bin/../lib/gcc/arm-none-eabi/4.8.3/../../../../arm-none-eabi/lib/armv7-m\libg.a(lib_a-init.o)
                0x00085af4                __libc_init_array
 .text.iprintf  0x00085b44       0x28 c:/users/admin/appdata/local/arduino15/packages/arduino/tools/arm-none-eabi-gcc/4.8.3-2014q1/bin/../lib/gcc/arm-none-eabi/4.8.3/../../../../arm-none-eabi/lib/armv7-m\libg.a(lib_a-iprintf.o)
                0x00085b44                iprintf
 .text.malloc   0x00085b6c       0x10 c:/users/admin/appdata/local/arduino15/packages/arduino/tools/arm-none-eabi-gcc/4.8.3-2014q1/bin/../lib/gcc/arm-none-eabi/4.8.3/../../../../arm-none-eabi/lib/armv7-m\libg.a(lib_a-malloc.o)
                0x00085b6c                malloc
 .text._malloc_r
                0x00085b7c      0x538 c:/users/admin/appdata/local/arduino15/packages/arduino/tools/arm-none-eabi-gcc/4.8.3-2014q1/bin/../lib/gcc/arm-none-eabi/4.8.3/../../../../arm-none-eabi/lib/armv7-m\libg.a(lib_a-mallocr.o)
                0x00085b7c                _malloc_r
 .text.memcmp   0x000860b4       0x68 c:/users/admin/appdata/local/arduino15/packages/arduino/tools/arm-none-eabi-gcc/4.8.3-2014q1/bin/../lib/gcc/arm-none-eabi/4.8.3/../../../../arm-none-eabi/lib/armv7-m\libg.a(lib_a-memcmp.o)
                0x000860b4                memcmp
 .text          0x0008611c       0xec c:/users/admin/appdata/local/arduino15/packages/arduino/tools/arm-none-eabi-gcc/4.8.3-2014q1/bin/../lib/gcc/arm-none-eabi/4.8.3/../../../../arm-none-eabi/lib/armv7-m\libg.a(lib_a-memcpy.o)
                0x0008611c                memcpy
 .text.memset   0x00086208       0x94 c:/users/admin/appdata/local/arduino15/packages/arduino/tools/arm-none-eabi-gcc/4.8.3-2014q1/bin/../lib/gcc/arm-none-eabi/4.8.3/../../../../arm-none-eabi/lib/armv7-m\libg.a(lib_a-memset.o)
                0x00086208                memset
 .text.__malloc_lock
                0x0008629c        0x4 c:/users/admin/appdata/local/arduino15/packages/arduino/tools/arm-none-eabi-gcc/4.8.3-2014q1/bin/../lib/gcc/arm-none-eabi/4.8.3/../../../../arm-none-eabi/lib/armv7-m\libg.a(lib_a-mlock.o)
                0x0008629c                __malloc_lock
 .text.__malloc_unlock
                0x000862a0        0x4 c:/users/admin/appdata/local/arduino15/packages/arduino/tools/arm-none-eabi-gcc/4.8.3-2014q1/bin/../lib/gcc/arm-none-eabi/4.8.3/../../../../arm-none-eabi/lib/armv7-m\libg.a(lib_a-mlock.o)
                0x000862a0                __malloc_unlock
 .text._sbrk_r  0x000862a4       0x24 c:/users/admin/appdata/local/arduino15/packages/arduino/tools/arm-none-eabi-gcc/4.8.3-2014q1/bin/../lib/gcc/arm-none-eabi/4.8.3/../../../../arm-none-eabi/lib/armv7-m\libg.a(lib_a-sbrkr.o)
                0x000862a4                _sbrk_r
 .text.strlen   0x000862c8       0x60 c:/users/admin/appdata/local/arduino15/packages/arduino/tools/arm-none-eabi-gcc/4.8.3-2014q1/bin/../lib/gcc/arm-none-eabi/4.8.3/../../../../arm-none-eabi/lib/armv7-m\libg.a(lib_a-strlen.o)
                0x000862c8                strlen
 .text.critical_factorization
                0x00086328       0xbc c:/users/admin/appdata/local/arduino15/packages/arduino/tools/arm-none-eabi-gcc/4.8.3-2014q1/bin/../lib/gcc/arm-none-eabi/4.8.3/../../../../arm-none-eabi/lib/armv7-m\libg.a(lib_a-strstr.o)
 .text.two_way_long_needle
                0x000863e4      0x1ec c:/users/admin/appdata/local/arduino15/packages/arduino/tools/arm-none-eabi-gcc/4.8.3-2014q1/bin/../lib/gcc/arm-none-eabi/4.8.3/../../../../arm-none-eabi/lib/armv7-m\libg.a(lib_a-strstr.o)
 .text.strstr   0x000865d0      0x200 c:/users/admin/appdata/local/arduino15/packages/arduino/tools/arm-none-eabi-gcc/4.8.3-2014q1/bin/../lib/gcc/arm-none-eabi/4.8.3/../../../../arm-none-eabi/lib/armv7-m\libg.a(lib_a-strstr.o)
                0x000865d0                strstr
 .text.kill     0x000867d0       0x10 c:/users/admin/appdata/local/arduino15/packages/arduino/tools/arm-none-eabi-gcc/4.8.3-2014q1/bin/../lib/gcc/arm-none-eabi/4.8.3/../../../../arm-none-eabi/lib/armv7-m\libg.a(lib_a-syskill.o)
                0x000867d0                kill
 .text.__sprint_r.part.0
                0x000867e0       0x78 c:/users/admin/appdata/local/arduino15/packages/arduino/tools/arm-none-eabi-gcc/4.8.3-2014q1/bin/../lib/gcc/arm-none-eabi/4.8.3/../../../../arm-none-eabi/lib/armv7-m\libg.a(lib_a-vfiprintf.o)
 .text._vfiprintf_r
                0x00086858      0xc54 c:/users/admin/appdata/local/arduino15/packages/arduino/tools/arm-none-eabi-gcc/4.8.3-2014q1/bin/../lib/gcc/arm-none-eabi/4.8.3/../../../../arm-none-eabi/lib/armv7-m\libg.a(lib_a-vfiprintf.o)
                0x00086858                _vfiprintf_r
 .text.__sbprintf
                0x000874ac       0x7c c:/users/admin/appdata/local/arduino15/packages/arduino/tools/arm-none-eabi-gcc/4.8.3-2014q1/bin/../lib/gcc/arm-none-eabi/4.8.3/../../../../arm-none-eabi/lib/armv7-m\libg.a(lib_a-vfiprintf.o)
 .text.__swsetup_r
                0x00087528       0xc4 c:/users/admin/appdata/local/arduino15/packages/arduino/tools/arm-none-eabi-gcc/4.8.3-2014q1/bin/../lib/gcc/arm-none-eabi/4.8.3/../../../../arm-none-eabi/lib/armv7-m\libg.a(lib_a-wsetup.o)
                0x00087528                __swsetup_r
 .text.startup.register_fini
                0x000875ec       0x14 c:/users/admin/appdata/local/arduino15/packages/arduino/tools/arm-none-eabi-gcc/4.8.3-2014q1/bin/../lib/gcc/arm-none-eabi/4.8.3/../../../../arm-none-eabi/lib/armv7-m\libg.a(lib_a-__call_atexit.o)
 .text.__sflush_r
                0x00087600      0x148 c:/users/admin/appdata/local/arduino15/packages/arduino/tools/arm-none-eabi-gcc/4.8.3-2014q1/bin/../lib/gcc/arm-none-eabi/4.8.3/../../../../arm-none-eabi/lib/armv7-m\libg.a(lib_a-fflush.o)
                0x00087600                __sflush_r
 .text._fflush_r
                0x00087748       0x2c c:/users/admin/appdata/local/arduino15/packages/arduino/tools/arm-none-eabi-gcc/4.8.3-2014q1/bin/../lib/gcc/arm-none-eabi/4.8.3/../../../../arm-none-eabi/lib/armv7-m\libg.a(lib_a-fflush.o)
                0x00087748                _fflush_r
 .text._cleanup_r
                0x00087774        0xc c:/users/admin/appdata/local/arduino15/packages/arduino/tools/arm-none-eabi-gcc/4.8.3-2014q1/bin/../lib/gcc/arm-none-eabi/4.8.3/../../../../arm-none-eabi/lib/armv7-m\libg.a(lib_a-findfp.o)
                0x00087774                _cleanup_r
 .text.__sinit  0x00087780       0xf4 c:/users/admin/appdata/local/arduino15/packages/arduino/tools/arm-none-eabi-gcc/4.8.3-2014q1/bin/../lib/gcc/arm-none-eabi/4.8.3/../../../../arm-none-eabi/lib/armv7-m\libg.a(lib_a-findfp.o)
                0x00087780                __sinit
 .text.__sfp_lock_acquire
                0x00087874        0x4 c:/users/admin/appdata/local/arduino15/packages/arduino/tools/arm-none-eabi-gcc/4.8.3-2014q1/bin/../lib/gcc/arm-none-eabi/4.8.3/../../../../arm-none-eabi/lib/armv7-m\libg.a(lib_a-findfp.o)
                0x00087874                __sfp_lock_acquire
 .text.__sfp_lock_release
                0x00087878        0x4 c:/users/admin/appdata/local/arduino15/packages/arduino/tools/arm-none-eabi-gcc/4.8.3-2014q1/bin/../lib/gcc/arm-none-eabi/4.8.3/../../../../arm-none-eabi/lib/armv7-m\libg.a(lib_a-findfp.o)
                0x00087878                __sfp_lock_release
 .text.__libc_fini_array
                0x0008787c       0x30 c:/users/admin/appdata/local/arduino15/packages/arduino/tools/arm-none-eabi-gcc/4.8.3-2014q1/bin/../lib/gcc/arm-none-eabi/4.8.3/../../../../arm-none-eabi/lib/armv7-m\libg.a(lib_a-fini.o)
                0x0008787c                __libc_fini_array
 .text._fputwc_r
                0x000878ac       0xc0 c:/users/admin/appdata/local/arduino15/packages/arduino/tools/arm-none-eabi-gcc/4.8.3-2014q1/bin/../lib/gcc/arm-none-eabi/4.8.3/../../../../arm-none-eabi/lib/armv7-m\libg.a(lib_a-fputwc.o)
                0x000878ac                _fputwc_r
 .text._malloc_trim_r
                0x0008796c       0x9c c:/users/admin/appdata/local/arduino15/packages/arduino/tools/arm-none-eabi-gcc/4.8.3-2014q1/bin/../lib/gcc/arm-none-eabi/4.8.3/../../../../arm-none-eabi/lib/armv7-m\libg.a(lib_a-freer.o)
                0x0008796c                _malloc_trim_r
 .text._free_r  0x00087a08      0x198 c:/users/admin/appdata/local/arduino15/packages/arduino/tools/arm-none-eabi-gcc/4.8.3-2014q1/bin/../lib/gcc/arm-none-eabi/4.8.3/../../../../arm-none-eabi/lib/armv7-m\libg.a(lib_a-freer.o)
                0x00087a08                _free_r
 .text.__sfvwrite_r