Archive member included because of file (symbol)

C:\Users\admin\AppData\Local\arduino15\packages\arduino\hardware\sam\1.6.11\variants\arduino_due_x/libsam_sam3x8e_gcc_rel.a(pio.o)
                              C:\Users\admin\AppData\Local\Temp\VMBuilds\Test\arduino_due_x_dbg\Debug\SPI\SPI.cpp.o (PIO_Configure)
C:\Users\admin\AppData\Local\arduino15\packages\arduino\hardware\sam\1.6.11\variants\arduino_due_x/libsam_sam3x8e_gcc_rel.a(pmc.o)
                              C:\Users\admin\AppData\Local\Temp\VMBuilds\Test\arduino_due_x_dbg\Debug\variant\variant.cpp.o (pmc_enable_periph_clk)
C:\Users\admin\AppData\Local\arduino15\packages\arduino\hardware\sam\1.6.11\variants\arduino_due_x/libsam_sam3x8e_gcc_rel.a(spi.o)
                              C:\Users\admin\AppData\Local\Temp\VMBuilds\Test\arduino_due_x_dbg\Debug\SPI\SPI.cpp.o (SPI_Enable)
C:\Users\admin\AppData\Local\arduino15\packages\arduino\hardware\sam\1.6.11\variants\arduino_due_x/libsam_sam3x8e_gcc_rel.a(system_sam3xa.o)
                              C:\Users\admin\AppData\Local\Temp\VMBuilds\Test\arduino_due_x_dbg\Debug\variant\variant.cpp.o (SystemInit)
C:\Users\admin\AppData\Local\arduino15\packages\arduino\hardware\sam\1.6.11\variants\arduino_due_x/libsam_sam3x8e_gcc_rel.a(startup_sam3xa.o)
                              (Reset_Handler)
C:\Users\admin\AppData\Local\arduino15\packages\arduino\hardware\sam\1.6.11\variants\arduino_due_x/libsam_sam3x8e_gcc_rel.a(adc.o)
                              C:\Users\admin\AppData\Local\Temp\VMBuilds\Test\arduino_due_x_dbg\Debug\variant\variant.cpp.o (adc_init)
C:\Users\admin\AppData\Local\arduino15\packages\arduino\hardware\sam\1.6.11\variants\arduino_due_x/libsam_sam3x8e_gcc_rel.a(uotghs.o)
                              C:\Users\admin\AppData\Local\arduino15\packages\arduino\hardware\sam\1.6.11\variants\arduino_due_x/libsam_sam3x8e_gcc_rel.a(startup_sam3xa.o) (UOTGHS_Handler)
C:\Users\admin\AppData\Local\Temp\VMBuilds\Test\arduino_due_x_dbg\Debug/core.a(cortex_handlers.c.o)
                              C:\Users\admin\AppData\Local\arduino15\packages\arduino\hardware\sam\1.6.11\variants\arduino_due_x/libsam_sam3x8e_gcc_rel.a(startup_sam3xa.o) (NMI_Handler)
C:\Users\admin\AppData\Local\Temp\VMBuilds\Test\arduino_due_x_dbg\Debug/core.a(hooks.c.o)
                              C:\Users\admin\AppData\Local\Temp\VMBuilds\Test\arduino_due_x_dbg\Debug/core.a(cortex_handlers.c.o) (sysTickHook)
C:\Users\admin\AppData\Local\Temp\VMBuilds\Test\arduino_due_x_dbg\Debug/core.a(syscalls_sam3.c.o)
                              (_sbrk)
C:\Users\admin\AppData\Local\Temp\VMBuilds\Test\arduino_due_x_dbg\Debug/core.a(wiring.c.o)
                              C:\Users\admin\AppData\Local\Temp\VMBuilds\Test\arduino_due_x_dbg\Debug\Test.cpp.o (millis)
C:\Users\admin\AppData\Local\Temp\VMBuilds\Test\arduino_due_x_dbg\Debug/core.a(wiring_analog.c.o)
                              C:\Users\admin\AppData\Local\Temp\VMBuilds\Test\arduino_due_x_dbg\Debug\variant\variant.cpp.o (analogOutputInit)
C:\Users\admin\AppData\Local\Temp\VMBuilds\Test\arduino_due_x_dbg\Debug/core.a(wiring_digital.c.o)
                              C:\Users\admin\AppData\Local\Temp\VMBuilds\Test\arduino_due_x_dbg\Debug\UIPEthernet\utility\Enc28J60Network.cpp.o (pinMode)
C:\Users\admin\AppData\Local\Temp\VMBuilds\Test\arduino_due_x_dbg\Debug/core.a(abi.cpp.o)
                              C:\Users\admin\AppData\Local\Temp\VMBuilds\Test\arduino_due_x_dbg\Debug\UIPEthernet\UIPClient.cpp.o (__cxa_pure_virtual)
C:\Users\admin\AppData\Local\Temp\VMBuilds\Test\arduino_due_x_dbg\Debug/core.a(IPAddress.cpp.o)
                              C:\Users\admin\AppData\Local\Temp\VMBuilds\Test\arduino_due_x_dbg\Debug\UIPEthernet\UIPClient.cpp.o (IPAddress::IPAddress())
C:\Users\admin\AppData\Local\Temp\VMBuilds\Test\arduino_due_x_dbg\Debug/core.a(main.cpp.o)
                              c:/users/admin/appdata/local/arduino15/packages/arduino/tools/arm-none-eabi-gcc/4.8.3-2014q1/bin/../lib/gcc/arm-none-eabi/4.8.3/../../../../arm-none-eabi/lib/armv7-m/crt0.o (main)
C:\Users\admin\AppData\Local\Temp\VMBuilds\Test\arduino_due_x_dbg\Debug/core.a(Print.cpp.o)
                              C:\Users\admin\AppData\Local\Temp\VMBuilds\Test\arduino_due_x_dbg\Debug\UIPEthernet\UIPClient.cpp.o (Print::write(unsigned char const*, unsigned int))
C:\Users\admin\AppData\Local\Temp\VMBuilds\Test\arduino_due_x_dbg\Debug/core.a(Reset.cpp.o)
                              C:\Users\admin\AppData\Local\Temp\VMBuilds\Test\arduino_due_x_dbg\Debug/core.a(cortex_handlers.c.o) (tickReset)
C:\Users\admin\AppData\Local\Temp\VMBuilds\Test\arduino_due_x_dbg\Debug/core.a(RingBuffer.cpp.o)
                              C:\Users\admin\AppData\Local\Temp\VMBuilds\Test\arduino_due_x_dbg\Debug\variant\variant.cpp.o (RingBuffer::RingBuffer())
C:\Users\admin\AppData\Local\Temp\VMBuilds\Test\arduino_due_x_dbg\Debug/core.a(UARTClass.cpp.o)
[...]
Memory Configuration

Name             Origin             Length             Attributes
rom              0x00080000         0x00080000         xr
sram0            0x20000000         0x00010000         xrw
sram1            0x20080000         0x00008000         xrw
ram              0x20070000         0x00018000         xrw
*default*        0x00000000         0xffffffff

Linker script and memory map

LOAD c:/users/admin/appdata/local/arduino15/packages/arduino/tools/arm-none-eabi-gcc/4.8.3-2014q1/bin/../lib/gcc/arm-none-eabi/4.8.3/armv7-m/crti.o
LOAD c:/users/admin/appdata/local/arduino15/packages/arduino/tools/arm-none-eabi-gcc/4.8.3-2014q1/bin/../lib/gcc/arm-none-eabi/4.8.3/armv7-m/crtbegin.o
LOAD c:/users/admin/appdata/local/arduino15/packages/arduino/tools/arm-none-eabi-gcc/4.8.3-2014q1/bin/../lib/gcc/arm-none-eabi/4.8.3/../../../../arm-none-eabi/lib/armv7-m/crt0.o
START GROUP
LOAD C:\Users\admin\AppData\Local\Temp\VMBuilds\Test\arduino_due_x_dbg\Debug\Test.cpp.o
LOAD C:\Users\admin\AppData\Local\Temp\VMBuilds\Test\arduino_due_x_dbg\Debug\UIPEthernet\Dhcp.cpp.o
LOAD C:\Users\admin\AppData\Local\Temp\VMBuilds\Test\arduino_due_x_dbg\Debug\UIPEthernet\Dns.cpp.o
LOAD C:\Users\admin\AppData\Local\Temp\VMBuilds\Test\arduino_due_x_dbg\Debug\UIPEthernet\UIPClient.cpp.o
LOAD C:\Users\admin\AppData\Local\Temp\VMBuilds\Test\arduino_due_x_dbg\Debug\UIPEthernet\UIPEthernet.cpp.o
LOAD C:\Users\admin\AppData\Local\Temp\VMBuilds\Test\arduino_due_x_dbg\Debug\UIPEthernet\UIPServer.cpp.o
LOAD C:\Users\admin\AppData\Local\Temp\VMBuilds\Test\arduino_due_x_dbg\Debug\UIPEthernet\UIPUdp.cpp.o
LOAD C:\Users\admin\AppData\Local\Temp\VMBuilds\Test\arduino_due_x_dbg\Debug\UIPEthernet\utility\clock-arch.c.o
LOAD C:\Users\admin\AppData\Local\Temp\VMBuilds\Test\arduino_due_x_dbg\Debug\UIPEthernet\utility\uip.c.o
LOAD C:\Users\admin\AppData\Local\Temp\VMBuilds\Test\arduino_due_x_dbg\Debug\UIPEthernet\utility\uip_arp.c.o
LOAD C:\Users\admin\AppData\Local\Temp\VMBuilds\Test\arduino_due_x_dbg\Debug\UIPEthernet\utility\uip_timer.c.o
LOAD C:\Users\admin\AppData\Local\Temp\VMBuilds\Test\arduino_due_x_dbg\Debug\UIPEthernet\utility\Enc28J60Network.cpp.o
LOAD C:\Users\admin\AppData\Local\Temp\VMBuilds\Test\arduino_due_x_dbg\Debug\UIPEthernet\utility\mempool.cpp.o
LOAD C:\Users\admin\AppData\Local\Temp\VMBuilds\Test\arduino_due_x_dbg\Debug\UIPEthernet\utility\uip_debug.cpp.o
LOAD C:\Users\admin\AppData\Local\Temp\VMBuilds\Test\arduino_due_x_dbg\Debug\SPI\SPI.cpp.o
LOAD C:\Users\admin\AppData\Local\Temp\VMBuilds\Test\arduino_due_x_dbg\Debug\Adafruit_NeoPixel\Adafruit_NeoPixel.cpp.o
LOAD C:\Users\admin\AppData\Local\Temp\VMBuilds\Test\arduino_due_x_dbg\Debug\VM_DBG\VM_DBG.cpp.o
LOAD C:\Users\admin\AppData\Local\Temp\VMBuilds\Test\arduino_due_x_dbg\Debug\VM_DBG\VM_mem_check_sam.cpp.o
LOAD C:\Users\admin\AppData\Local\Temp\VMBuilds\Test\arduino_due_x_dbg\Debug\HF.cpp.o
LOAD C:\Users\admin\AppData\Local\Temp\VMBuilds\Test\arduino_due_x_dbg\Debug\NetworkCommunication.cpp.o
LOAD C:\Users\admin\AppData\Local\Temp\VMBuilds\Test\arduino_due_x_dbg\Debug\variant\variant.cpp.o
LOAD C:\Users\admin\AppData\Local\arduino15\packages\arduino\hardware\sam\1.6.11\variants\arduino_due_x/libsam_sam3x8e_gcc_rel.a
LOAD C:\Users\admin\AppData\Local\Temp\VMBuilds\Test\arduino_due_x_dbg\Debug/core.a
END GROUP
LOAD c:/users/admin/appdata/local/arduino15/packages/arduino/tools/arm-none-eabi-gcc/4.8.3-2014q1/bin/../lib/gcc/arm-none-eabi/4.8.3/../../../../arm-none-eabi/lib/armv7-m\libm.a
START GROUP
LOAD c:/users/admin/appdata/local/arduino15/packages/arduino/tools/arm-none-eabi-gcc/4.8.3-2014q1/bin/../lib/gcc/arm-none-eabi/4.8.3/armv7-m\libgcc.a
LOAD c:/users/admin/appdata/local/arduino15/packages/arduino/tools/arm-none-eabi-gcc/4.8.3-2014q1/bin/../lib/gcc/arm-none-eabi/4.8.3/../../../../arm-none-eabi/lib/armv7-m\libg.a
LOAD c:/users/admin/appdata/local/arduino15/packages/arduino/tools/arm-none-eabi-gcc/4.8.3-2014q1/bin/../lib/gcc/arm-none-eabi/4.8.3/../../../../arm-none-eabi/lib/armv7-m\libc.a
END GROUP
LOAD c:/users/admin/appdata/local/arduino15/packages/arduino/tools/arm-none-eabi-gcc/4.8.3-2014q1/bin/../lib/gcc/arm-none-eabi/4.8.3/armv7-m/crtend.o
LOAD c:/users/admin/appdata/local/arduino15/packages/arduino/tools/arm-none-eabi-gcc/4.8.3-2014q1/bin/../lib/gcc/arm-none-eabi/4.8.3/armv7-m/crtn.o

.text           0x00080000     0x6c10
                0x00080000                . = ALIGN (0x4)
                0x00080000                _sfixed = .
 *(.vectors .vectors.*)
 .vectors       0x00080000       0xf4 C:\Users\admin\AppData\Local\arduino15\packages\arduino\hardware\sam\1.6.11\variants\arduino_due_x/libsam_sam3x8e_gcc_rel.a(startup_sam3xa.o)
                0x00080000                exception_table
 *(.text .text.* .gnu.linkonce.t.*)
 .text          0x000800f4       0x54 c:/users/admin/appdata/local/arduino15/packages/arduino/tools/arm-none-eabi-gcc/4.8.3-2014q1/bin/../lib/gcc/arm-none-eabi/4.8.3/armv7-m/crtbegin.o
 .text._ZN2HFC2Ethh
                0x00080148       0xc4 C:\Users\admin\AppData\Local\Temp\VMBuilds\Test\arduino_due_x_dbg\Debug\Test.cpp.o
                0x00080148                HF::HF(unsigned short, unsigned char, unsigned char)
                0x00080148                HF::HF(unsigned short, unsigned char, unsigned char)
 .text.setup    0x0008020c      0x164 C:\Users\admin\AppData\Local\Temp\VMBuilds\Test\arduino_due_x_dbg\Debug\Test.cpp.o
                0x0008020c                setup
 .text.loop     0x00080370      0x16c C:\Users\admin\AppData\Local\Temp\VMBuilds\Test\arduino_due_x_dbg\Debug\Test.cpp.o
                0x00080370                loop
 .text.startup._GLOBAL__sub_I___VisualMicro_DEBUG_1_HITCOUNTER__
                0x000804dc       0x70 C:\Users\admin\AppData\Local\Temp\VMBuilds\Test\arduino_due_x_dbg\Debug\Test.cpp.o
 .text.startup._GLOBAL__sub_I__ZN9DhcpClass13beginWithDHCPEPhmm
                0x0008054c       0x1c C:\Users\admin\AppData\Local\Temp\VMBuilds\Test\arduino_due_x_dbg\Debug\UIPEthernet\Dhcp.cpp.o
 .text.startup._GLOBAL__sub_I__ZN9DNSClient5beginERK9IPAddress
                0x00080568       0x1c C:\Users\admin\AppData\Local\Temp\VMBuilds\Test\arduino_due_x_dbg\Debug\UIPEthernet\Dns.cpp.o
 .text.startup._GLOBAL__sub_I__ZN9UIPClient8all_dataE
                0x00080584       0x1c C:\Users\admin\AppData\Local\Temp\VMBuilds\Test\arduino_due_x_dbg\Debug\UIPEthernet\UIPClient.cpp.o
 .text.startup._GLOBAL__sub_I__ZN16UIPEthernetClass9in_packetE
                0x000805a0       0x24 C:\Users\admin\AppData\Local\Temp\VMBuilds\Test\arduino_due_x_dbg\Debug\UIPEthernet\UIPEthernet.cpp.o
 .text.startup._GLOBAL__sub_I__ZN9UIPServerC2Et
                0x000805c4       0x1c C:\Users\admin\AppData\Local\Temp\VMBuilds\Test\arduino_due_x_dbg\Debug\UIPEthernet\UIPServer.cpp.o
 .text.startup._GLOBAL__sub_I__ZN6UIPUDPC2Ev
                0x000805e0       0x1c C:\Users\admin\AppData\Local\Temp\VMBuilds\Test\arduino_due_x_dbg\Debug\UIPEthernet\UIPUdp.cpp.o
 .text._ZL10SPI_0_Initv
                0x000805fc       0x48 C:\Users\admin\AppData\Local\Temp\VMBuilds\Test\arduino_due_x_dbg\Debug\SPI\SPI.cpp.o
 .text.startup._GLOBAL__sub_I__ZN8SPIClassC2EP3SpimPFvvE
                0x00080644       0x24 C:\Users\admin\AppData\Local\Temp\VMBuilds\Test\arduino_due_x_dbg\Debug\SPI\SPI.cpp.o
 .text._ZN17Adafruit_NeoPixelC2Ethh
                0x00080668       0x3c C:\Users\admin\AppData\Local\Temp\VMBuilds\Test\arduino_due_x_dbg\Debug\Adafruit_NeoPixel\Adafruit_NeoPixel.cpp.o
                0x00080668                Adafruit_NeoPixel::Adafruit_NeoPixel(unsigned short, unsigned char, unsigned char)
                0x00080668                Adafruit_NeoPixel::Adafruit_NeoPixel(unsigned short, unsigned char, unsigned char)
 .text._ZN17Adafruit_NeoPixel5beginEv
                0x000806a4       0x18 C:\Users\admin\AppData\Local\Temp\VMBuilds\Test\arduino_due_x_dbg\Debug\Adafruit_NeoPixel\Adafruit_NeoPixel.cpp.o
                0x000806a4                Adafruit_NeoPixel::begin()
 .text._ZN17Adafruit_NeoPixel4showEv
                0x000806bc      0x11c C:\Users\admin\AppData\Local\Temp\VMBuilds\Test\arduino_due_x_dbg\Debug\Adafruit_NeoPixel\Adafruit_NeoPixel.cpp.o
                0x000806bc                Adafruit_NeoPixel::show()
 .text._ZN17Adafruit_NeoPixel13setPixelColorEtm
                0x000807d8       0x30 C:\Users\admin\AppData\Local\Temp\VMBuilds\Test\arduino_due_x_dbg\Debug\Adafruit_NeoPixel\Adafruit_NeoPixel.cpp.o
                0x000807d8                Adafruit_NeoPixel::setPixelColor(unsigned short, unsigned long)
 .text._ZN17Adafruit_NeoPixel5ColorEhhh
                0x00080808        0xa C:\Users\admin\AppData\Local\Temp\VMBuilds\Test\arduino_due_x_dbg\Debug\Adafruit_NeoPixel\Adafruit_NeoPixel.cpp.o
                0x00080808                Adafruit_NeoPixel::Color(unsigned char, unsigned char, unsigned char)
 .text._ZN17Adafruit_NeoPixel9numPixelsEv
                0x00080812        0x4 C:\Users\admin\AppData\Local\Temp\VMBuilds\Test\arduino_due_x_dbg\Debug\Adafruit_NeoPixel\Adafruit_NeoPixel.cpp.o
                0x00080812                Adafruit_NeoPixel::numPixels()
 .text._ZN16VisualMicroDebug10DBG_MillisEv
                0x00080816        0x4 C:\Users\admin\AppData\Local\Temp\VMBuilds\Test\arduino_due_x_dbg\Debug\VM_DBG\VM_DBG.cpp.o
                0x00080816                VisualMicroDebug::DBG_Millis()
 .text._ZN16VisualMicroDebug17OnBreakPointBeginEm
                0x0008081a       0x16 C:\Users\admin\AppData\Local\Temp\VMBuilds\Test\arduino_due_x_dbg\Debug\VM_DBG\VM_DBG.cpp.o
                0x0008081a                VisualMicroDebug::OnBreakPointBegin(unsigned long)
 .text._ZN16VisualMicroDebug22OnBreakPointPrintBeginEh
                0x00080830       0x6c C:\Users\admin\AppData\Local\Temp\VMBuilds\Test\arduino_due_x_dbg\Debug\VM_DBG\VM_DBG.cpp.o
                0x00080830                VisualMicroDebug::OnBreakPointPrintBegin(unsigned char)
 .text._ZN16VisualMicroDebug20OnBreakPointPrintEndEv
                0x0008089c        0xc C:\Users\admin\AppData\Local\Temp\VMBuilds\Test\arduino_due_x_dbg\Debug\VM_DBG\VM_DBG.cpp.o
                0x0008089c                VisualMicroDebug::OnBreakPointPrintEnd()
 .text._ZN16VisualMicroDebug15OnBreakPointEndEv
                0x000808a8        0xc C:\Users\admin\AppData\Local\Temp\VMBuilds\Test\arduino_due_x_dbg\Debug\VM_DBG\VM_DBG.cpp.o
                0x000808a8                VisualMicroDebug::OnBreakPointEnd()
 .text._ZN16VisualMicroDebug14outPacketStartEb
                0x000808b4       0x24 C:\Users\admin\AppData\Local\Temp\VMBuilds\Test\arduino_due_x_dbg\Debug\VM_DBG\VM_DBG.cpp.o
                0x000808b4                VisualMicroDebug::outPacketStart(bool)
 .text._ZN16VisualMicroDebug12outPacketEndEv
                0x000808d8        0x2 C:\Users\admin\AppData\Local\Temp\VMBuilds\Test\arduino_due_x_dbg\Debug\VM_DBG\VM_DBG.cpp.o
                0x000808d8                VisualMicroDebug::outPacketEnd()
 .text._ZN16VisualMicroDebug4initEm
                0x000808da       0x10 C:\Users\admin\AppData\Local\Temp\VMBuilds\Test\arduino_due_x_dbg\Debug\VM_DBG\VM_DBG.cpp.o
                0x000808da                VisualMicroDebug::init(unsigned long)
 .text._ZN16VisualMicroDebug5beginEP9UARTClassm
                0x000808ea       0x10 C:\Users\admin\AppData\Local\Temp\VMBuilds\Test\arduino_due_x_dbg\Debug\VM_DBG\VM_DBG.cpp.o
                0x000808ea                VisualMicroDebug::begin(UARTClass*, unsigned long)
 .text._ZN16VisualMicroDebug4readEv
                0x000808fa        0xe C:\Users\admin\AppData\Local\Temp\VMBuilds\Test\arduino_due_x_dbg\Debug\VM_DBG\VM_DBG.cpp.o
                0x000808fa                VisualMicroDebug::read()
 .text._ZN16VisualMicroDebug9availableEv
                0x00080908        0xe C:\Users\admin\AppData\Local\Temp\VMBuilds\Test\arduino_due_x_dbg\Debug\VM_DBG\VM_DBG.cpp.o
                0x00080908                VisualMicroDebug::available()
 *fill*         0x00080916        0x2 
 .text._ZN16VisualMicroDebug16sendContinuedACKEh
                0x00080918       0x38 C:\Users\admin\AppData\Local\Temp\VMBuilds\Test\arduino_due_x_dbg\Debug\VM_DBG\VM_DBG.cpp.o
                0x00080918                VisualMicroDebug::sendContinuedACK(unsigned char)
 .text._ZN16VisualMicroDebug9breakWaitEh
                0x00080950       0x54 C:\Users\admin\AppData\Local\Temp\VMBuilds\Test\arduino_due_x_dbg\Debug\VM_DBG\VM_DBG.cpp.o
                0x00080950                VisualMicroDebug::breakWait(unsigned char)
 .text._ZN16VisualMicroDebug5startEbb
                0x000809a4       0x1e C:\Users\admin\AppData\Local\Temp\VMBuilds\Test\arduino_due_x_dbg\Debug\VM_DBG\VM_DBG.cpp.o
                0x000809a4                VisualMicroDebug::start(bool, bool)
 *fill*         0x000809c2        0x2 
 .text.startup._GLOBAL__sub_I__ZN16VisualMicroDebug10DBG_MillisEv
                0x000809c4       0x14 C:\Users\admin\AppData\Local\Temp\VMBuilds\Test\arduino_due_x_dbg\Debug\VM_DBG\VM_DBG.cpp.o
 .text._ZN2HF6blikejEv
                0x000809d8       0x74 C:\Users\admin\AppData\Local\Temp\VMBuilds\Test\arduino_due_x_dbg\Debug\HF.cpp.o
                0x000809d8                HF::blikej()
 *fill*         0x00080a4c        0x4 
 .text._ZN2HF7startujEv
                0x00080a50      0x160 C:\Users\admin\AppData\Local\Temp\VMBuilds\Test\arduino_due_x_dbg\Debug\HF.cpp.o
                0x00080a50                HF::startuj()
 .text._ZN2HF7vypnoutEv
                0x00080bb0       0x44 C:\Users\admin\AppData\Local\Temp\VMBuilds\Test\arduino_due_x_dbg\Debug\HF.cpp.o
                0x00080bb0                HF::vypnout()
 .text._ZN2HF5lightEv
                0x00080bf4       0x36 C:\Users\admin\AppData\Local\Temp\VMBuilds\Test\arduino_due_x_dbg\Debug\HF.cpp.o
                0x00080bf4                HF::light()
 .text._ZN2HF4loopEv
                0x00080c2a       0x2e C:\Users\admin\AppData\Local\Temp\VMBuilds\Test\arduino_due_x_dbg\Debug\HF.cpp.o
                0x00080c2a                HF::loop()
 .text._ZN2HF7setModeEh
                0x00080c58       0x12 C:\Users\admin\AppData\Local\Temp\VMBuilds\Test\arduino_due_x_dbg\Debug\HF.cpp.o
                0x00080c58                HF::setMode(unsigned char)
 .text._ZN2HF6showItEv
                0x00080c6a        0x4 C:\Users\admin\AppData\Local\Temp\VMBuilds\Test\arduino_due_x_dbg\Debug\HF.cpp.o
                0x00080c6a                HF::showIt()
 *fill*         0x00080c6e        0x2 
 .text.startup._GLOBAL__sub_I__ZN20NetworkCommunication14parseUrlParamsEPcPA2_S0_ib
                0x00080c70       0x1c C:\Users\admin\AppData\Local\Temp\VMBuilds\Test\arduino_due_x_dbg\Debug\NetworkCommunication.cpp.o
 .text._Z11serialEventv
                0x00080c8c        0x2 C:\Users\admin\AppData\Local\Temp\VMBuilds\Test\arduino_due_x_dbg\Debug\variant\variant.cpp.o
                0x00080c8c                serialEvent()
 *fill*         0x00080c8e        0x2 
 .text.UART_Handler
                0x00080c90        0xc C:\Users\admin\AppData\Local\Temp\VMBuilds\Test\arduino_due_x_dbg\Debug\variant\variant.cpp.o
                0x00080c90                UART_Handler
 .text._Z12serialEvent1v
                0x00080c9c        0x2 C:\Users\admin\AppData\Local\Temp\VMBuilds\Test\arduino_due_x_dbg\Debug\variant\variant.cpp.o
                0x00080c9c                serialEvent1()
 .text._Z12serialEvent2v
                0x00080c9e        0x2 C:\Users\admin\AppData\Local\Temp\VMBuilds\Test\arduino_due_x_dbg\Debug\variant\variant.cpp.o
                0x00080c9e                serialEvent2()
 .text._Z12serialEvent3v
                0x00080ca0        0x2 C:\Users\admin\AppData\Local\Temp\VMBuilds\Test\arduino_due_x_dbg\Debug\variant\variant.cpp.o
                0x00080ca0                serialEvent3()
 *fill*         0x00080ca2        0x2 
 .text.USART0_Handler
                0x00080ca4        0xc C:\Users\admin\AppData\Local\Temp\VMBuilds\Test\arduino_due_x_dbg\Debug\variant\variant.cpp.o
                0x00080ca4                USART0_Handler
 .text.USART1_Handler
                0x00080cb0        0xc C:\Users\admin\AppData\Local\Temp\VMBuilds\Test\arduino_due_x_dbg\Debug\variant\variant.cpp.o
                0x00080cb0                USART1_Handler
 .text.USART3_Handler
                0x00080cbc        0xc C:\Users\admin\AppData\Local\Temp\VMBuilds\Test\arduino_due_x_dbg\Debug\variant\variant.cpp.o
                0x00080cbc                USART3_Handler
 .text.init     0x00080cc8      0x128 C:\Users\admin\AppData\Local\Temp\VMBuilds\Test\arduino_due_x_dbg\Debug\variant\variant.cpp.o
                0x00080cc8                init
 .text.startup._GLOBAL__sub_I_g_APinDescription
                0x00080df0       0xd4 C:\Users\admin\AppData\Local\Temp\VMBuilds\Test\arduino_due_x_dbg\Debug\variant\variant.cpp.o
 .text._Z14serialEventRunv
                0x00080ec4       0x44 C:\Users\admin\AppData\Local\Temp\VMBuilds\Test\arduino_due_x_dbg\Debug\variant\variant.cpp.o
                0x00080ec4                serialEventRun()
 .text.PIO_PullUp
                0x00080f08        0xa C:\Users\admin\AppData\Local\arduino15\packages\arduino\hardware\sam\1.6.11\variants\arduino_due_x/libsam_sam3x8e_gcc_rel.a(pio.o)
                0x00080f08                PIO_PullUp
 .text.PIO_SetPeripheral
                0x00080f12       0x26 C:\Users\admin\AppData\Local\arduino15\packages\arduino\hardware\sam\1.6.11\variants\arduino_due_x/libsam_sam3x8e_gcc_rel.a(pio.o)
                0x00080f12                PIO_SetPeripheral
 .text.PIO_SetInput
                0x00080f38       0x26 C:\Users\admin\AppData\Local\arduino15\packages\arduino\hardware\sam\1.6.11\variants\arduino_due_x/libsam_sam3x8e_gcc_rel.a(pio.o)
                0x00080f38                PIO_SetInput
 .text.PIO_SetOutput
                0x00080f5e       0x24 C:\Users\admin\AppData\Local\arduino15\packages\arduino\hardware\sam\1.6.11\variants\arduino_due_x/libsam_sam3x8e_gcc_rel.a(pio.o)
                0x00080f5e                PIO_SetOutput
 *fill*         0x00080f82        0x2 
 .text.PIO_Configure
                0x00080f84       0x64 C:\Users\admin\AppData\Local\arduino15\packages\arduino\hardware\sam\1.6.11\variants\arduino_due_x/libsam_sam3x8e_gcc_rel.a(pio.o)
                0x00080f84                PIO_Configure
 .text.PIO_GetOutputDataStatus
                0x00080fe8       0x14 C:\Users\admin\AppData\Local\arduino15\packages\arduino\hardware\sam\1.6.11\variants\arduino_due_x/libsam_sam3x8e_gcc_rel.a(pio.o)
                0x00080fe8                PIO_GetOutputDataStatus
 .text.pmc_enable_upll_clock
                0x00080ffc       0x14 C:\Users\admin\AppData\Local\arduino15\packages\arduino\hardware\sam\1.6.11\variants\arduino_due_x/libsam_sam3x8e_gcc_rel.a(pmc.o)
                0x00080ffc                pmc_enable_upll_clock
 .text.pmc_enable_periph_clk
                0x00081010       0x44 C:\Users\admin\AppData\Local\arduino15\packages\arduino\hardware\sam\1.6.11\variants\arduino_due_x/libsam_sam3x8e_gcc_rel.a(pmc.o)
                0x00081010                pmc_enable_periph_clk
 .text.pmc_disable_periph_clk
                0x00081054       0x40 C:\Users\admin\AppData\Local\arduino15\packages\arduino\hardware\sam\1.6.11\variants\arduino_due_x/libsam_sam3x8e_gcc_rel.a(pmc.o)
                0x00081054                pmc_disable_periph_clk
 .text.pmc_switch_udpck_to_upllck
                0x00081094       0x14 C:\Users\admin\AppData\Local\arduino15\packages\arduino\hardware\sam\1.6.11\variants\arduino_due_x/libsam_sam3x8e_gcc_rel.a(pmc.o)
                0x00081094                pmc_switch_udpck_to_upllck
 .text.pmc_enable_udpck
                0x000810a8        0xc C:\Users\admin\AppData\Local\arduino15\packages\arduino\hardware\sam\1.6.11\variants\arduino_due_x/libsam_sam3x8e_gcc_rel.a(pmc.o)
                0x000810a8                pmc_enable_udpck
 .text.SystemInit
                0x000810b4       0x88 C:\Users\admin\AppData\Local\arduino15\packages\arduino\hardware\sam\1.6.11\variants\arduino_due_x/libsam_sam3x8e_gcc_rel.a(system_sam3xa.o)
                0x000810b4                SystemInit
 .text.Reset_Handler
                0x0008113c       0x78 C:\Users\admin\AppData\Local\arduino15\packages\arduino\hardware\sam\1.6.11\variants\arduino_due_x/libsam_sam3x8e_gcc_rel.a(startup_sam3xa.o)
                0x0008113c                Reset_Handler
 .text.adc_init
                0x000811b4       0x98 C:\Users\admin\AppData\Local\arduino15\packages\arduino\hardware\sam\1.6.11\variants\arduino_due_x/libsam_sam3x8e_gcc_rel.a(adc.o)
                0x000811b4                adc_init
 .text.adc_configure_trigger
                0x0008124c        0xe C:\Users\admin\AppData\Local\arduino15\packages\arduino\hardware\sam\1.6.11\variants\arduino_due_x/libsam_sam3x8e_gcc_rel.a(adc.o)
                0x0008124c                adc_configure_trigger
 .text.adc_configure_timing
                0x0008125a       0x1a C:\Users\admin\AppData\Local\arduino15\packages\arduino\hardware\sam\1.6.11\variants\arduino_due_x/libsam_sam3x8e_gcc_rel.a(adc.o)
                0x0008125a                adc_configure_timing
 .text.adc_disable_channel
                0x00081274        0xa C:\Users\admin\AppData\Local\arduino15\packages\arduino\hardware\sam\1.6.11\variants\arduino_due_x/libsam_sam3x8e_gcc_rel.a(adc.o)
                0x00081274                adc_disable_channel
 .text.adc_disable_all_channel
                0x0008127e        0x8 C:\Users\admin\AppData\Local\arduino15\packages\arduino\hardware\sam\1.6.11\variants\arduino_due_x/libsam_sam3x8e_gcc_rel.a(adc.o)
                0x0008127e                adc_disable_all_channel
 .text.adc_disable_interrupt
                0x00081286        0x4 C:\Users\admin\AppData\Local\arduino15\packages\arduino\hardware\sam\1.6.11\variants\arduino_due_x/libsam_sam3x8e_gcc_rel.a(adc.o)
                0x00081286                adc_disable_interrupt
 *fill*         0x0008128a        0x2 
 .text.UOTGHS_Handler
                0x0008128c       0x10 C:\Users\admin\AppData\Local\arduino15\packages\arduino\hardware\sam\1.6.11\variants\arduino_due_x/libsam_sam3x8e_gcc_rel.a(uotghs.o)
                0x0008128c                UOTGHS_Handler
 .text.__halt   0x0008129c        0x2 C:\Users\admin\AppData\Local\Temp\VMBuilds\Test\arduino_due_x_dbg\Debug/core.a(cortex_handlers.c.o)
                0x0008129c                DACC_Handler
                0x0008129c                DebugMon_Handler
                0x0008129c                DMAC_Handler
                0x0008129c                TRNG_Handler
                0x0008129c                HardFault_Handler
                0x0008129c                TC2_Handler
                0x0008129c                TWI1_Handler
                0x0008129c                NMI_Handler
                0x0008129c                TC7_Handler
                0x0008129c                ADC_Handler
                0x0008129c                SMC_Handler
                0x0008129c                RTT_Handler
                0x0008129c                EFC1_Handler
                0x0008129c                PIOB_Handler
                0x0008129c                RTC_Handler
                0x0008129c                UsageFault_Handler
                0x0008129c                TC6_Handler
                0x0008129c                WDT_Handler
                0x0008129c                CAN0_Handler
                0x0008129c                TC4_Handler
                0x0008129c                TC1_Handler
                0x0008129c                HSMCI_Handler
                0x0008129c                TC3_Handler
                0x0008129c                TWI0_Handler
                0x0008129c                PIOA_Handler
                0x0008129c                SSC_Handler
                0x0008129c                EFC0_Handler
                0x0008129c                PMC_Handler
                0x0008129c                PWM_Handler
                0x0008129c                CAN1_Handler
                0x0008129c                MemManage_Handler
                0x0008129c                SUPC_Handler
                0x0008129c                TC8_Handler
                0x0008129c                USART2_Handler
                0x0008129c                PIOD_Handler
                0x0008129c                EMAC_Handler
                0x0008129c                PIOC_Handler
                0x0008129c                BusFault_Handler
                0x0008129c                RSTC_Handler
                0x0008129c                TC0_Handler
                0x0008129c                TC5_Handler
                0x0008129c                SPI0_Handler
 .text.SVC_Handler
                0x0008129e        0x4 C:\Users\admin\AppData\Local\Temp\VMBuilds\Test\arduino_due_x_dbg\Debug/core.a(cortex_handlers.c.o)
                0x0008129e                SVC_Handler
 .text.PendSV_Handler
                0x000812a2        0x4 C:\Users\admin\AppData\Local\Temp\VMBuilds\Test\arduino_due_x_dbg\Debug/core.a(cortex_handlers.c.o)
                0x000812a2                PendSV_Handler
 .text.SysTick_Handler
                0x000812a6       0x16 C:\Users\admin\AppData\Local\Temp\VMBuilds\Test\arduino_due_x_dbg\Debug/core.a(cortex_handlers.c.o)
                0x000812a6                SysTick_Handler
 .text.__empty  0x000812bc        0x2 C:\Users\admin\AppData\Local\Temp\VMBuilds\Test\arduino_due_x_dbg\Debug/core.a(hooks.c.o)
                0x000812bc                yield
 .text.__false  0x000812be        0x4 C:\Users\admin\AppData\Local\Temp\VMBuilds\Test\arduino_due_x_dbg\Debug/core.a(hooks.c.o)
                0x000812be                sysTickHook
 .text.__halt   0x000812c2        0x2 C:\Users\admin\AppData\Local\Temp\VMBuilds\Test\arduino_due_x_dbg\Debug/core.a(hooks.c.o)
                0x000812c2                svcHook
                0x000812c2                pendSVHook
 .text._sbrk    0x000812c4       0x1c C:\Users\admin\AppData\Local\Temp\VMBuilds\Test\arduino_due_x_dbg\Debug/core.a(syscalls_sam3.c.o)
                0x000812c4                _sbrk
 .text.link     0x000812e0        0x6 C:\Users\admin\AppData\Local\Temp\VMBuilds\Test\arduino_due_x_dbg\Debug/core.a(syscalls_sam3.c.o)
                0x000812e0                link
 .text._close   0x000812e6        0x6 C:\Users\admin\AppData\Local\Temp\VMBuilds\Test\arduino_due_x_dbg\Debug/core.a(syscalls_sam3.c.o)
                0x000812e6                _close
 .text._fstat   0x000812ec        0xa C:\Users\admin\AppData\Local\Temp\VMBuilds\Test\arduino_due_x_dbg\Debug/core.a(syscalls_sam3.c.o)
                0x000812ec                _fstat
 .text._isatty  0x000812f6        0x4 C:\Users\admin\AppData\Local\Temp\VMBuilds\Test\arduino_due_x_dbg\Debug/core.a(syscalls_sam3.c.o)
                0x000812f6                _isatty
 .text._lseek   0x000812fa        0x4 C:\Users\admin\AppData\Local\Temp\VMBuilds\Test\arduino_due_x_dbg\Debug/core.a(syscalls_sam3.c.o)
                0x000812fa                _lseek
 .text._read    0x000812fe        0x4 C:\Users\admin\AppData\Local\Temp\VMBuilds\Test\arduino_due_x_dbg\Debug/core.a(syscalls_sam3.c.o)
                0x000812fe                _read
 *fill*         0x00081302        0x2 
 .text._write   0x00081304       0x24 C:\Users\admin\AppData\Local\Temp\VMBuilds\Test\arduino_due_x_dbg\Debug/core.a(syscalls_sam3.c.o)
                0x00081304                _write
 .text._exit    0x00081328       0x10 C:\Users\admin\AppData\Local\Temp\VMBuilds\Test\arduino_due_x_dbg\Debug/core.a(syscalls_sam3.c.o)
                0x00081328                _exit
 .text._kill    0x00081338        0x2 C:\Users\admin\AppData\Local\Temp\VMBuilds\Test\arduino_due_x_dbg\Debug/core.a(syscalls_sam3.c.o)
                0x00081338                _kill
 .text._getpid  0x0008133a        0x6 C:\Users\admin\AppData\Local\Temp\VMBuilds\Test\arduino_due_x_dbg\Debug/core.a(syscalls_sam3.c.o)
                0x0008133a                _getpid
 .text.millis   0x00081340        0x4 C:\Users\admin\AppData\Local\Temp\VMBuilds\Test\arduino_due_x_dbg\Debug/core.a(wiring.c.o)
                0x00081340                millis
 .text.micros   0x00081344       0x74 C:\Users\admin\AppData\Local\Temp\VMBuilds\Test\arduino_due_x_dbg\Debug/core.a(wiring.c.o)
                0x00081344                micros
 .text.delay    0x000813b8       0x1c C:\Users\admin\AppData\Local\Temp\VMBuilds\Test\arduino_due_x_dbg\Debug/core.a(wiring.c.o)
                0x000813b8                delay
 .text.analogOutputInit
                0x000813d4        0x2 C:\Users\admin\AppData\Local\Temp\VMBuilds\Test\arduino_due_x_dbg\Debug/core.a(wiring_analog.c.o)
                0x000813d4                analogOutputInit
 *fill*         0x000813d6        0x2 
 .text.pinMode  0x000813d8      0x108 C:\Users\admin\AppData\Local\Temp\VMBuilds\Test\arduino_due_x_dbg\Debug/core.a(wiring_digital.c.o)
                0x000813d8                pinMode
 .text.digitalWrite
                0x000814e0       0x70 C:\Users\admin\AppData\Local\Temp\VMBuilds\Test\arduino_due_x_dbg\Debug/core.a(wiring_digital.c.o)
                0x000814e0                digitalWrite
 .text._ZNK9IPAddress7printToER5Print
                0x00081550       0x3c C:\Users\admin\AppData\Local\Temp\VMBuilds\Test\arduino_due_x_dbg\Debug/core.a(IPAddress.cpp.o)
                0x00081550                IPAddress::printTo(Print&) const
 .text._ZN9IPAddressC2Ev
                0x0008158c       0x10 C:\Users\admin\AppData\Local\Temp\VMBuilds\Test\arduino_due_x_dbg\Debug/core.a(IPAddress.cpp.o)
                0x0008158c                IPAddress::IPAddress()
                0x0008158c                IPAddress::IPAddress()
 .text._ZN9IPAddressC2Ehhhh
                0x0008159c       0x18 C:\Users\admin\AppData\Local\Temp\VMBuilds\Test\arduino_due_x_dbg\Debug/core.a(IPAddress.cpp.o)
                0x0008159c                IPAddress::IPAddress(unsigned char, unsigned char, unsigned char, unsigned char)
                0x0008159c                IPAddress::IPAddress(unsigned char, unsigned char, unsigned char, unsigned char)
 .text.startup._GLOBAL__sub_I__ZN9IPAddressC2Ev
                0x000815b4       0x1c C:\Users\admin\AppData\Local\Temp\VMBuilds\Test\arduino_due_x_dbg\Debug/core.a(IPAddress.cpp.o)
 .text.initVariant
                0x000815d0        0x2 C:\Users\admin\AppData\Local\Temp\VMBuilds\Test\arduino_due_x_dbg\Debug/core.a(main.cpp.o)
                0x000815d0                initVariant
 *fill*         0x000815d2        0x2 
 .text.startup.main
                0x000815d4       0x38 C:\Users\admin\AppData\Local\Temp\VMBuilds\Test\arduino_due_x_dbg\Debug/core.a(main.cpp.o)
                0x000815d4                main
 .text._ZN5Print5writeEPKhj
                0x0008160c       0x22 C:\Users\admin\AppData\Local\Temp\VMBuilds\Test\arduino_due_x_dbg\Debug/core.a(Print.cpp.o)
                0x0008160c                Print::write(unsigned char const*, unsigned int)
 .text._ZN5Print5printEmi.part.3
                0x0008162e        0xc C:\Users\admin\AppData\Local\Temp\VMBuilds\Test\arduino_due_x_dbg\Debug/core.a(Print.cpp.o)
 .text._ZN5Print5writeEPKc
                0x0008163a       0x1e C:\Users\admin\AppData\Local\Temp\VMBuilds\Test\arduino_due_x_dbg\Debug/core.a(Print.cpp.o)
                0x0008163a                Print::write(char const*)
 .text._ZN5Print5printEPKc
                0x00081658        0x8 C:\Users\admin\AppData\Local\Temp\VMBuilds\Test\arduino_due_x_dbg\Debug/core.a(Print.cpp.o)
                0x00081658                Print::print(char const*)
 .text._ZN5Print5printEc
                0x00081660        0xa C:\Users\admin\AppData\Local\Temp\VMBuilds\Test\arduino_due_x_dbg\Debug/core.a(Print.cpp.o)
                0x00081660                Print::print(char)
 *fill*         0x0008166a        0x2 
 .text._ZN5Print7printlnEv
                0x0008166c       0x10 C:\Users\admin\AppData\Local\Temp\VMBuilds\Test\arduino_due_x_dbg\Debug/core.a(Print.cpp.o)
                0x0008166c                Print::println()
 .text._ZN5Print7printlnEPKc
                0x0008167c       0x14 C:\Users\admin\AppData\Local\Temp\VMBuilds\Test\arduino_due_x_dbg\Debug/core.a(Print.cpp.o)
                0x0008167c                Print::println(char const*)
 .text._ZN5Print11printNumberEmh
                0x00081690       0x3e C:\Users\admin\AppData\Local\Temp\VMBuilds\Test\arduino_due_x_dbg\Debug/core.a(Print.cpp.o)
                0x00081690                Print::printNumber(unsigned long, unsigned char)
 .text._ZN5Print5printEmi
                0x000816ce        0xc C:\Users\admin\AppData\Local\Temp\VMBuilds\Test\arduino_due_x_dbg\Debug/core.a(Print.cpp.o)
                0x000816ce                Print::print(unsigned long, int)
 .text._ZN5Print5printEhi
                0x000816da        0x4 C:\Users\admin\AppData\Local\Temp\VMBuilds\Test\arduino_due_x_dbg\Debug/core.a(Print.cpp.o)
                0x000816da                Print::print(unsigned char, int)
 *fill*         0x000816de        0x2 
 .text.initiateReset
                0x000816e0        0xc C:\Users\admin\AppData\Local\Temp\VMBuilds\Test\arduino_due_x_dbg\Debug/core.a(Reset.cpp.o)
                0x000816e0                initiateReset
 .text.cancelReset
                0x000816ec       0x10 C:\Users\admin\AppData\Local\Temp\VMBuilds\Test\arduino_due_x_dbg\Debug/core.a(Reset.cpp.o)
                0x000816ec                cancelReset
 .text.tickReset
                0x000816fc       0x20 C:\Users\admin\AppData\Local\Temp\VMBuilds\Test\arduino_due_x_dbg\Debug/core.a(Reset.cpp.o)
                0x000816fc                tickReset
 .text._ZN10RingBufferC2Ev
                0x0008171c       0x1a C:\Users\admin\AppData\Local\Temp\VMBuilds\Test\arduino_due_x_dbg\Debug/core.a(RingBuffer.cpp.o)
                0x0008171c                RingBuffer::RingBuffer()
                0x0008171c                RingBuffer::RingBuffer()
 .text._ZN10RingBuffer10store_charEh
                0x00081736       0x1e C:\Users\admin\AppData\Local\Temp\VMBuilds\Test\arduino_due_x_dbg\Debug/core.a(RingBuffer.cpp.o)
                0x00081736                RingBuffer::store_char(unsigned char)
 .text._ZN9UARTClasscvbEv
                0x00081754        0x4 C:\Users\admin\AppData\Local\Temp\VMBuilds\Test\arduino_due_x_dbg\Debug/core.a(UARTClass.cpp.o)
                0x00081754                UARTClass::operator bool()
 .text._ZN9UARTClass9availableEv
                0x00081758       0x12 C:\Users\admin\AppData\Local\Temp\VMBuilds\Test\arduino_due_x_dbg\Debug/core.a(UARTClass.cpp.o)
                0x00081758                UARTClass::available()
 .text._ZN9UARTClass4peekEv
                0x0008176a       0x1c C:\Users\admin\AppData\Local\Temp\VMBuilds\Test\arduino_due_x_dbg\Debug/core.a(UARTClass.cpp.o)
                0x0008176a                UARTClass::peek()
 .text._ZN9UARTClass4readEv
                0x00081786       0x2a C:\Users\admin\AppData\Local\Temp\VMBuilds\Test\arduino_due_x_dbg\Debug/core.a(UARTClass.cpp.o)
                0x00081786                UARTClass::read()
 .text._ZN9UARTClass5flushEv
                0x000817b0       0x18 C:\Users\admin\AppData\Local\Temp\VMBuilds\Test\arduino_due_x_dbg\Debug/core.a(UARTClass.cpp.o)
                0x000817b0                UARTClass::flush()
 .text._ZN9UARTClass5writeEh
                0x000817c8       0x54 C:\Users\admin\AppData\Local\Temp\VMBuilds\Test\arduino_due_x_dbg\Debug/core.a(UARTClass.cpp.o)
                0x000817c8                UARTClass::write(unsigned char)
 .text._ZN9UARTClass3endEv
                0x0008181c       0x3c C:\Users\admin\AppData\Local\Temp\VMBuilds\Test\arduino_due_x_dbg\Debug/core.a(UARTClass.cpp.o)
                0x0008181c                UARTClass::end()
 .text._ZN9UARTClassC2EP4Uart4IRQnmP10RingBufferS4_
                0x00081858       0x24 C:\Users\admin\AppData\Local\Temp\VMBuilds\Test\arduino_due_x_dbg\Debug/core.a(UARTClass.cpp.o)
                0x00081858                UARTClass::UARTClass(Uart*, IRQn, unsigned long, RingBuffer*, RingBuffer*)
                0x00081858                UARTClass::UARTClass(Uart*, IRQn, unsigned long, RingBuffer*, RingBuffer*)
 .text._ZN9UARTClass4initEmm
                0x0008187c       0x70 C:\Users\admin\AppData\Local\Temp\VMBuilds\Test\arduino_due_x_dbg\Debug/core.a(UARTClass.cpp.o)
                0x0008187c                UARTClass::init(unsigned long, unsigned long)
 .text._ZN9UARTClass5beginEm
                0x000818ec        0x8 C:\Users\admin\AppData\Local\Temp\VMBuilds\Test\arduino_due_x_dbg\Debug/core.a(UARTClass.cpp.o)
                0x000818ec                UARTClass::begin(unsigned long)
 .text._ZN9UARTClass10IrqHandlerEv
                0x000818f4       0x5a C:\Users\admin\AppData\Local\Temp\VMBuilds\Test\arduino_due_x_dbg\Debug/core.a(UARTClass.cpp.o)
                0x000818f4                UARTClass::IrqHandler()
 .text._ZN10USARTClass5beginEm
                0x0008194e        0x8 C:\Users\admin\AppData\Local\Temp\VMBuilds\Test\arduino_due_x_dbg\Debug/core.a(USARTClass.cpp.o)
                0x0008194e                USARTClass::begin(unsigned long)
 *fill*         0x00081956        0x2 
 .text._ZN10USARTClassC2EP5Usart4IRQnmP10RingBufferS4_
                0x00081958       0x24 C:\Users\admin\AppData\Local\Temp\VMBuilds\Test\arduino_due_x_dbg\Debug/core.a(USARTClass.cpp.o)
                0x00081958                USARTClass::USARTClass(Usart*, IRQn, unsigned long, RingBuffer*, RingBuffer*)
                0x00081958                USARTClass::USARTClass(Usart*, IRQn, unsigned long, RingBuffer*, RingBuffer*)
 .text._watchdogDefaultSetup
                0x0008197c        0xc C:\Users\admin\AppData\Local\Temp\VMBuilds\Test\arduino_due_x_dbg\Debug/core.a(watchdog.cpp.o)
                0x0008197c                _watchdogDefaultSetup
                0x0008197c                watchdogSetup()
 .text.unlikely._ZL11USB_SendZlpv
                0x00081988       0x20 C:\Users\admin\AppData\Local\Temp\VMBuilds\Test\arduino_due_x_dbg\Debug/core.a(USBCore.cpp.o)
 .text._Z14USBD_Availablem
                0x000819a8       0x2c C:\Users\admin\AppData\Local\Temp\VMBuilds\Test\arduino_due_x_dbg\Debug/core.a(USBCore.cpp.o)
                0x000819a8                USBD_Available(unsigned long)
 .text._Z9USBD_RecvmPvm
                0x000819d4       0x7c C:\Users\admin\AppData\Local\Temp\VMBuilds\Test\arduino_due_x_dbg\Debug/core.a(USBCore.cpp.o)
                0x000819d4                USBD_Recv(unsigned long, void*, unsigned long)
 .text._Z9USBD_Recvm
                0x00081a50       0x22 C:\Users\admin\AppData\Local\Temp\VMBuilds\Test\arduino_due_x_dbg\Debug/core.a(USBCore.cpp.o)
                0x00081a50                USBD_Recv(unsigned long)
 *fill*         0x00081a72        0x2 
 .text._Z9USBD_SendmPKvm
                0x00081a74       0x4c C:\Users\admin\AppData\Local\Temp\VMBuilds\Test\arduino_due_x_dbg\Debug/core.a(USBCore.cpp.o)
                0x00081a74                USBD_Send(unsigned long, void const*, unsigned long)
 .text._Z16USBD_SendControlhPKvm
                0x00081ac0       0x40 C:\Users\admin\AppData\Local\Temp\VMBuilds\Test\arduino_due_x_dbg\Debug/core.a(USBCore.cpp.o)
                0x00081ac0                USBD_SendControl(unsigned char, void const*, unsigned long)
 .text.unlikely._ZL24USB_SendStringDescriptorPKhi
                0x00081b00       0x64 C:\Users\admin\AppData\Local\Temp\VMBuilds\Test\arduino_due_x_dbg\Debug/core.a(USBCore.cpp.o)
 .text._Z16USBD_RecvControlPvm
                0x00081b64       0x1c C:\Users\admin\AppData\Local\Temp\VMBuilds\Test\arduino_due_x_dbg\Debug/core.a(USBCore.cpp.o)
                0x00081b64                USBD_RecvControl(void*, unsigned long)
 .text._Z26USBD_ClassInterfaceRequestR8USBSetup
                0x00081b80       0x1e C:\Users\admin\AppData\Local\Temp\VMBuilds\Test\arduino_due_x_dbg\Debug/core.a(USBCore.cpp.o)
                0x00081b80                USBD_ClassInterfaceRequest(USBSetup&)
 .text._Z19USBD_SendInterfacesv
                0x00081b9e       0x22 C:\Users\admin\AppData\Local\Temp\VMBuilds\Test\arduino_due_x_dbg\Debug/core.a(USBCore.cpp.o)
                0x00081b9e                USBD_SendInterfaces()
 .text._Z24USBD_SendOtherInterfacesv
                0x00081bc0       0x22 C:\Users\admin\AppData\Local\Temp\VMBuilds\Test\arduino_due_x_dbg\Debug/core.a(USBCore.cpp.o)
                0x00081bc0                USBD_SendOtherInterfaces()
 .text._Z10USBD_Flushm
                0x00081be2       0x16 C:\Users\admin\AppData\Local\Temp\VMBuilds\Test\arduino_due_x_dbg\Debug/core.a(USBCore.cpp.o)
                0x00081be2                USBD_Flush(unsigned long)
 .text._ZN10USBDevice_C2Ev
                0x00081bf8       0x24 C:\Users\admin\AppData\Local\Temp\VMBuilds\Test\arduino_due_x_dbg\Debug/core.a(USBCore.cpp.o)
                0x00081bf8                USBDevice_::USBDevice_()
                0x00081bf8                USBDevice_::USBDevice_()
 .text._ZN10USBDevice_6attachEv
                0x00081c1c       0x20 C:\Users\admin\AppData\Local\Temp\VMBuilds\Test\arduino_due_x_dbg\Debug/core.a(USBCore.cpp.o)
                0x00081c1c                USBDevice_::attach()
 .text.startup._GLOBAL__sub_I_EndPoints
                0x00081c3c        0xc C:\Users\admin\AppData\Local\Temp\VMBuilds\Test\arduino_due_x_dbg\Debug/core.a(USBCore.cpp.o)
 .text._ZL7USB_ISRv
                0x00081c48      0x454 C:\Users\admin\AppData\Local\Temp\VMBuilds\Test\arduino_due_x_dbg\Debug/core.a(USBCore.cpp.o)
 .text._ZN7Serial_9availableEv
                0x0008209c       0x18 C:\Users\admin\AppData\Local\Temp\VMBuilds\Test\arduino_due_x_dbg\Debug/core.a(CDC.cpp.o)
                0x0008209c                Serial_::available()
 .text._ZN7Serial_17availableForWriteEv
                0x000820b4        0x6 C:\Users\admin\AppData\Local\Temp\VMBuilds\Test\arduino_due_x_dbg\Debug/core.a(CDC.cpp.o)
                0x000820b4                Serial_::availableForWrite()
 *fill*         0x000820ba        0x2 
 .text._ZN7Serial_4peekEv
                0x000820bc       0x20 C:\Users\admin\AppData\Local\Temp\VMBuilds\Test\arduino_due_x_dbg\Debug/core.a(CDC.cpp.o)
                0x000820bc                Serial_::peek()
 .text._ZN7Serial_5writeEh
                0x000820dc       0x16 C:\Users\admin\AppData\Local\Temp\VMBuilds\Test\arduino_due_x_dbg\Debug/core.a(CDC.cpp.o)
                0x000820dc                Serial_::write(unsigned char)
 *fill*         0x000820f2        0x2 
 .text._ZN7Serial_4readEv
                0x000820f4       0x44 C:\Users\admin\AppData\Local\Temp\VMBuilds\Test\arduino_due_x_dbg\Debug/core.a(CDC.cpp.o)
                0x000820f4                Serial_::read()
 .text._ZN7Serial_5flushEv
                0x00082138        0x6 C:\Users\admin\AppData\Local\Temp\VMBuilds\Test\arduino_due_x_dbg\Debug/core.a(CDC.cpp.o)
                0x00082138                Serial_::flush()
 *fill*         0x0008213e        0x2 
 .text._ZN7Serial_6acceptEv
                0x00082140       0x70 C:\Users\admin\AppData\Local\Temp\VMBuilds\Test\arduino_due_x_dbg\Debug/core.a(CDC.cpp.o)
                0x00082140                Serial_::accept()
 .text._ZN7Serial_5writeEPKhj
                0x000821b0       0x2c C:\Users\admin\AppData\Local\Temp\VMBuilds\Test\arduino_due_x_dbg\Debug/core.a(CDC.cpp.o)
                0x000821b0                Serial_::write(unsigned char const*, unsigned int)
 .text._Z16CDC_GetInterfacePh
                0x000821dc       0x14 C:\Users\admin\AppData\Local\Temp\VMBuilds\Test\arduino_due_x_dbg\Debug/core.a(CDC.cpp.o)
                0x000821dc                CDC_GetInterface(unsigned char*)
 .text._Z21CDC_GetOtherInterfacePh
                0x000821f0       0x14 C:\Users\admin\AppData\Local\Temp\VMBuilds\Test\arduino_due_x_dbg\Debug/core.a(CDC.cpp.o)
                0x000821f0                CDC_GetOtherInterface(unsigned char*)
 .text._Z9CDC_SetupR8USBSetup
                0x00082204       0x78 C:\Users\admin\AppData\Local\Temp\VMBuilds\Test\arduino_due_x_dbg\Debug/core.a(CDC.cpp.o)
                0x00082204                CDC_Setup(USBSetup&)
 .text.startup._GLOBAL__sub_I_cdc_rx_buffer
                0x0008227c       0x1c C:\Users\admin\AppData\Local\Temp\VMBuilds\Test\arduino_due_x_dbg\Debug/core.a(CDC.cpp.o)
 .text._ZN13PluggableUSB_12getInterfaceEPh
                0x00082298       0x28 C:\Users\admin\AppData\Local\Temp\VMBuilds\Test\arduino_due_x_dbg\Debug/core.a(PluggableUSB.cpp.o)
                0x00082298                PluggableUSB_::getInterface(unsigned char*)
 .text._ZN13PluggableUSB_13getDescriptorER8USBSetup
                0x000822c0       0x1c C:\Users\admin\AppData\Local\Temp\VMBuilds\Test\arduino_due_x_dbg\Debug/core.a(PluggableUSB.cpp.o)
                0x000822c0                PluggableUSB_::getDescriptor(USBSetup&)
 .text._ZN13PluggableUSB_12getShortNameEPc
                0x000822dc       0x1c C:\Users\admin\AppData\Local\Temp\VMBuilds\Test\arduino_due_x_dbg\Debug/core.a(PluggableUSB.cpp.o)
                0x000822dc                PluggableUSB_::getShortName(char*)
 .text._ZN13PluggableUSB_5setupER8USBSetup
                0x000822f8       0x20 C:\Users\admin\AppData\Local\Temp\VMBuilds\Test\arduino_due_x_dbg\Debug/core.a(PluggableUSB.cpp.o)
                0x000822f8                PluggableUSB_::setup(USBSetup&)
 .text._Z12PluggableUSBv
                0x00082318       0x28 C:\Users\admin\AppData\Local\Temp\VMBuilds\Test\arduino_due_x_dbg\Debug/core.a(PluggableUSB.cpp.o)
                0x00082318                PluggableUSB()
 .text.TimeTick_Increment
                0x00082340       0x10 C:\Users\admin\AppData\Local\arduino15\packages\arduino\hardware\sam\1.6.11\variants\arduino_due_x/libsam_sam3x8e_gcc_rel.a(timetick.o)
                0x00082340                TimeTick_Increment
 .text.GetTickCount
                0x00082350        0xc C:\Users\admin\AppData\Local\arduino15\packages\arduino\hardware\sam\1.6.11\variants\arduino_due_x/libsam_sam3x8e_gcc_rel.a(timetick.o)
                0x00082350                GetTickCount
 .text.WDT_Disable
                0x0008235c        0x8 C:\Users\admin\AppData\Local\arduino15\packages\arduino\hardware\sam\1.6.11\variants\arduino_due_x/libsam_sam3x8e_gcc_rel.a(wdt.o)
                0x0008235c                WDT_Disable
 .text.UDD_SetStack
                0x00082364        0xc C:\Users\admin\AppData\Local\arduino15\packages\arduino\hardware\sam\1.6.11\variants\arduino_due_x/libsam_sam3x8e_gcc_rel.a(uotghs_device.o)
                0x00082364                UDD_SetStack
 .text.UDD_Init
                0x00082370       0xd0 C:\Users\admin\AppData\Local\arduino15\packages\arduino\hardware\sam\1.6.11\variants\arduino_due_x/libsam_sam3x8e_gcc_rel.a(uotghs_device.o)
                0x00082370                UDD_Init
 .text.UDD_Attach
                0x00082440       0x50 C:\Users\admin\AppData\Local\arduino15\packages\arduino\hardware\sam\1.6.11\variants\arduino_due_x/libsam_sam3x8e_gcc_rel.a(uotghs_device.o)
                0x00082440                UDD_Attach
 .text.UDD_InitEP
                0x00082490       0x2c C:\Users\admin\AppData\Local\arduino15\packages\arduino\hardware\sam\1.6.11\variants\arduino_due_x/libsam_sam3x8e_gcc_rel.a(uotghs_device.o)
                0x00082490                UDD_InitEP
 .text.UDD_InitEndpoints
                0x000824bc       0x3c C:\Users\admin\AppData\Local\arduino15\packages\arduino\hardware\sam\1.6.11\variants\arduino_due_x/libsam_sam3x8e_gcc_rel.a(uotghs_device.o)
                0x000824bc                UDD_InitEndpoints
 .text.UDD_WaitIN
                0x000824f8       0x10 C:\Users\admin\AppData\Local\arduino15\packages\arduino\hardware\sam\1.6.11\variants\arduino_due_x/libsam_sam3x8e_gcc_rel.a(uotghs_device.o)
                0x000824f8                UDD_WaitIN
 .text.UDD_WaitOUT
                0x00082508       0x10 C:\Users\admin\AppData\Local\arduino15\packages\arduino\hardware\sam\1.6.11\variants\arduino_due_x/libsam_sam3x8e_gcc_rel.a(uotghs_device.o)
                0x00082508                UDD_WaitOUT
 .text.UDD_ClearIN
                0x00082518       0x18 C:\Users\admin\AppData\Local\arduino15\packages\arduino\hardware\sam\1.6.11\variants\arduino_due_x/libsam_sam3x8e_gcc_rel.a(uotghs_device.o)
                0x00082518                UDD_ClearIN
 .text.UDD_ClearOUT
                0x00082530       0x18 C:\Users\admin\AppData\Local\arduino15\packages\arduino\hardware\sam\1.6.11\variants\arduino_due_x/libsam_sam3x8e_gcc_rel.a(uotghs_device.o)
                0x00082530                UDD_ClearOUT
 .text.UDD_ReceivedSetupInt
                0x00082548       0x10 C:\Users\admin\AppData\Local\arduino15\packages\arduino\hardware\sam\1.6.11\variants\arduino_due_x/libsam_sam3x8e_gcc_rel.a(uotghs_device.o)
                0x00082548                UDD_ReceivedSetupInt
 .text.UDD_ClearSetupInt
                0x00082558       0x10 C:\Users\admin\AppData\Local\arduino15\packages\arduino\hardware\sam\1.6.11\variants\arduino_due_x/libsam_sam3x8e_gcc_rel.a(uotghs_device.o)
                0x00082558                UDD_ClearSetupInt
 .text.UDD_Send
                0x00082568       0x88 C:\Users\admin\AppData\Local\arduino15\packages\arduino\hardware\sam\1.6.11\variants\arduino_due_x/libsam_sam3x8e_gcc_rel.a(uotghs_device.o)
                0x00082568                UDD_Send
 .text.UDD_Send8
                0x000825f0       0x24 C:\Users\admin\AppData\Local\arduino15\packages\arduino\hardware\sam\1.6.11\variants\arduino_due_x/libsam_sam3x8e_gcc_rel.a(uotghs_device.o)
                0x000825f0                UDD_Send8
 .text.UDD_Recv8
                0x00082614       0x28 C:\Users\admin\AppData\Local\arduino15\packages\arduino\hardware\sam\1.6.11\variants\arduino_due_x/libsam_sam3x8e_gcc_rel.a(uotghs_device.o)
                0x00082614                UDD_Recv8
 .text.UDD_Recv
                0x0008263c       0x34 C:\Users\admin\AppData\Local\arduino15\packages\arduino\hardware\sam\1.6.11\variants\arduino_due_x/libsam_sam3x8e_gcc_rel.a(uotghs_device.o)
                0x0008263c                UDD_Recv
 .text.UDD_Stall
                0x00082670       0x14 C:\Users\admin\AppData\Local\arduino15\packages\arduino\hardware\sam\1.6.11\variants\arduino_due_x/libsam_sam3x8e_gcc_rel.a(uotghs_device.o)
                0x00082670                UDD_Stall
 .text.UDD_FifoByteCount
                0x00082684       0x14 C:\Users\admin\AppData\Local\arduino15\packages\arduino\hardware\sam\1.6.11\variants\arduino_due_x/libsam_sam3x8e_gcc_rel.a(uotghs_device.o)
                0x00082684                UDD_FifoByteCount
 .text.UDD_ReleaseRX
                0x00082698       0x28 C:\Users\admin\AppData\Local\arduino15\packages\arduino\hardware\sam\1.6.11\variants\arduino_due_x/libsam_sam3x8e_gcc_rel.a(uotghs_device.o)
                0x00082698                UDD_ReleaseRX
 .text.UDD_ReleaseTX
                0x000826c0       0x28 C:\Users\admin\AppData\Local\arduino15\packages\arduino\hardware\sam\1.6.11\variants\arduino_due_x/libsam_sam3x8e_gcc_rel.a(uotghs_device.o)
                0x000826c0                UDD_ReleaseTX
 .text.UDD_SetAddress
                0x000826e8       0x20 C:\Users\admin\AppData\Local\arduino15\packages\arduino\hardware\sam\1.6.11\variants\arduino_due_x/libsam_sam3x8e_gcc_rel.a(uotghs_device.o)
                0x000826e8                UDD_SetAddress
 .text          0x00082708      0x370 c:/users/admin/appdata/local/arduino15/packages/arduino/tools/arm-none-eabi-gcc/4.8.3-2014q1/bin/../lib/gcc/arm-none-eabi/4.8.3/armv7-m\libgcc.a(_arm_addsubdf3.o)
                0x00082708                __aeabi_drsub
                0x00082710                __aeabi_dsub
                0x00082710                __subdf3
                0x00082714                __aeabi_dadd
                0x00082714                __adddf3
                0x0008298c                __floatunsidf
                0x0008298c                __aeabi_ui2d
                0x000829ac                __floatsidf
                0x000829ac                __aeabi_i2d
                0x000829d0                __aeabi_f2d
                0x000829d0                __extendsfdf2
                0x00082a0c                __floatundidf
                0x00082a0c                __aeabi_ul2d
                0x00082a1c                __floatdidf
                0x00082a1c                __aeabi_l2d
 .text          0x00082a78      0x424 c:/users/admin/appdata/local/arduino15/packages/arduino/tools/arm-none-eabi-gcc/4.8.3-2014q1/bin/../lib/gcc/arm-none-eabi/4.8.3/armv7-m\libgcc.a(_arm_muldivdf3.o)
                0x00082a78                __aeabi_dmul
                0x00082a78                __muldf3
                0x00082ccc                __divdf3
                0x00082ccc                __aeabi_ddiv
 .text          0x00082e9c      0x110 c:/users/admin/appdata/local/arduino15/packages/arduino/tools/arm-none-eabi-gcc/4.8.3-2014q1/bin/../lib/gcc/arm-none-eabi/4.8.3/armv7-m\libgcc.a(_arm_cmpdf2.o)
                0x00082e9c                __gtdf2
                0x00082e9c                __gedf2
                0x00082ea4                __ltdf2
                0x00082ea4                __ledf2
                0x00082eac                __nedf2
                0x00082eac                __eqdf2
                0x00082eac                __cmpdf2
                0x00082f28                __aeabi_cdrcmple
                0x00082f38                __aeabi_cdcmpeq
                0x00082f38                __aeabi_cdcmple
                0x00082f48                __aeabi_dcmpeq
                0x00082f5c                __aeabi_dcmplt
                0x00082f70                __aeabi_dcmple
                0x00082f84                __aeabi_dcmpge
                0x00082f98                __aeabi_dcmpgt
 .text          0x00082fac       0x40 c:/users/admin/appdata/local/arduino15/packages/arduino/tools/arm-none-eabi-gcc/4.8.3-2014q1/bin/../lib/gcc/arm-none-eabi/4.8.3/armv7-m\libgcc.a(_arm_fixunsdfsi.o)
                0x00082fac                __aeabi_d2uiz
                0x00082fac                __fixunsdfsi
 .text.__libc_init_array
                0x00082fec       0x50 c:/users/admin/appdata/local/arduino15/packages/arduino/tools/arm-none-eabi-gcc/4.8.3-2014q1/bin/../lib/gcc/arm-none-eabi/4.8.3/../../../../arm-none-eabi/lib/armv7-m\libg.a(lib_a-init.o)
                0x00082fec                __libc_init_array
 .text.iprintf  0x0008303c       0x28 c:/users/admin/appdata/local/arduino15/packages/arduino/tools/arm-none-eabi-gcc/4.8.3-2014q1/bin/../lib/gcc/arm-none-eabi/4.8.3/../../../../arm-none-eabi/lib/armv7-m\libg.a(lib_a-iprintf.o)
                0x0008303c                iprintf
 .text.malloc   0x00083064       0x10 c:/users/admin/appdata/local/arduino15/packages/arduino/tools/arm-none-eabi-gcc/4.8.3-2014q1/bin/../lib/gcc/arm-none-eabi/4.8.3/../../../../arm-none-eabi/lib/armv7-m\libg.a(lib_a-malloc.o)
                0x00083064                malloc
 .text._malloc_r
                0x00083074      0x538 c:/users/admin/appdata/local/arduino15/packages/arduino/tools/arm-none-eabi-gcc/4.8.3-2014q1/bin/../lib/gcc/arm-none-eabi/4.8.3/../../../../arm-none-eabi/lib/armv7-m\libg.a(lib_a-mallocr.o)
                0x00083074                _malloc_r
 .text          0x000835ac       0xec c:/users/admin/appdata/local/arduino15/packages/arduino/tools/arm-none-eabi-gcc/4.8.3-2014q1/bin/../lib/gcc/arm-none-eabi/4.8.3/../../../../arm-none-eabi/lib/armv7-m\libg.a(lib_a-memcpy.o)
                0x000835ac                memcpy
 .text.memset   0x00083698       0x94 c:/users/admin/appdata/local/arduino15/packages/arduino/tools/arm-none-eabi-gcc/4.8.3-2014q1/bin/../lib/gcc/arm-none-eabi/4.8.3/../../../../arm-none-eabi/lib/armv7-m\libg.a(lib_a-memset.o)
                0x00083698                memset
 .text.__malloc_lock
                0x0008372c        0x4 c:/users/admin/appdata/local/arduino15/packages/arduino/tools/arm-none-eabi-gcc/4.8.3-2014q1/bin/../lib/gcc/arm-none-eabi/4.8.3/../../../../arm-none-eabi/lib/armv7-m\libg.a(lib_a-mlock.o)
                0x0008372c                __malloc_lock
 .text.__malloc_unlock
                0x00083730        0x4 c:/users/admin/appdata/local/arduino15/packages/arduino/tools/arm-none-eabi-gcc/4.8.3-2014q1/bin/../lib/gcc/arm-none-eabi/4.8.3/../../../../arm-none-eabi/lib/armv7-m\libg.a(lib_a-mlock.o)
                0x00083730                __malloc_unlock
 .text._sbrk_r  0x00083734       0x24 c:/users/admin/appdata/local/arduino15/packages/arduino/tools/arm-none-eabi-gcc/4.8.3-2014q1/bin/../lib/gcc/arm-none-eabi/4.8.3/../../../../arm-none-eabi/lib/armv7-m\libg.a(lib_a-sbrkr.o)
                0x00083734                _sbrk_r
 .text.strlen   0x00083758       0x60 c:/users/admin/appdata/local/arduino15/packages/arduino/tools/arm-none-eabi-gcc/4.8.3-2014q1/bin/../lib/gcc/arm-none-eabi/4.8.3/../../../../arm-none-eabi/lib/armv7-m\libg.a(lib_a-strlen.o)
                0x00083758                strlen
 .text.kill     0x000837b8       0x10 c:/users/admin/appdata/local/arduino15/packages/arduino/tools/arm-none-eabi-gcc/4.8.3-2014q1/bin/../lib/gcc/arm-none-eabi/4.8.3/../../../../arm-none-eabi/lib/armv7-m\libg.a(lib_a-syskill.o)
                0x000837b8                kill
 .text.__sprint_r.part.0
                0x000837c8       0x78 c:/users/admin/appdata/local/arduino15/packages/arduino/tools/arm-none-eabi-gcc/4.8.3-2014q1/bin/../lib/gcc/arm-none-eabi/4.8.3/../../../../arm-none-eabi/lib/armv7-m\libg.a(lib_a-vfiprintf.o)
 .text._vfiprintf_r
                0x00083840      0xc54 c:/users/admin/appdata/local/arduino15/packages/arduino/tools/arm-none-eabi-gcc/4.8.3-2014q1/bin/../lib/gcc/arm-none-eabi/4.8.3/../../../../arm-none-eabi/lib/armv7-m\libg.a(lib_a-vfiprintf.o)
                0x00083840                _vfiprintf_r
 .text.__sbprintf
                0x00084494       0x7c c:/users/admin/appdata/local/arduino15/packages/arduino/tools/arm-none-eabi-gcc/4.8.3-2014q1/bin/../lib/gcc/arm-none-eabi/4.8.3/../../../../arm-none-eabi/lib/armv7-m\libg.a(lib_a-vfiprintf.o)
 .text.__swsetup_r
                0x00084510       0xc4 c:/users/admin/appdata/local/arduino15/packages/arduino/tools/arm-none-eabi-gcc/4.8.3-2014q1/bin/../lib/gcc/arm-none-eabi/4.8.3/../../../../arm-none-eabi/lib/armv7-m\libg.a(lib_a-wsetup.o)
                0x00084510                __swsetup_r
 .text.startup.register_fini
                0x000845d4       0x14 c:/users/admin/appdata/local/arduino15/packages/arduino/tools/arm-none-eabi-gcc/4.8.3-2014q1/bin/../lib/gcc/arm-none-eabi/4.8.3/../../../../arm-none-eabi/lib/armv7-m\libg.a(lib_a-__call_atexit.o)
 .text.atexit   0x000845e8        0xc c:/users/admin/appdata/local/arduino15/packages/arduino/tools/arm-none-eabi-gcc/4.8.3-2014q1/bin/../lib/gcc/arm-none-eabi/4.8.3/../../../../arm-none-eabi/lib/armv7-m\libg.a(lib_a-atexit.o)
                0x000845e8                atexit
 .text.__sflush_r
                0x000845f4      0x148 c:/users/admin/appdata/local/arduino15/packages/arduino/tools/arm-none-eabi-gcc/4.8.3-2014q1/bin/../lib/gcc/arm-none-eabi/4.8.3/../../../../arm-none-eabi/lib/armv7-m\libg.a(lib_a-fflush.o)
                0x000845f4                __sflush_r
 .text._fflush_r
                0x0008473c       0x2c c:/users/admin/appdata/local/arduino15/packages/arduino/tools/arm-none-eabi-gcc/4.8.3-2014q1/bin/../lib/gcc/arm-none-eabi/4.8.3/../../../../arm-none-eabi/lib/armv7-m\libg.a(lib_a-fflush.o)
                0x0008473c                _fflush_r
 .text._cleanup_r
                0x00084768        0xc c:/users/admin/appdata/local/arduino15/packages/arduino/tools/arm-none-eabi-gcc/4.8.3-2014q1/bin/../lib/gcc/arm-none-eabi/4.8.3/../../../../arm-none-eabi/lib/armv7-m\libg.a(lib_a-findfp.o)
                0x00084768                _cleanup_r
 .text.__sinit  0x00084774       0xf4 c:/users/admin/appdata/local/arduino15/packages/arduino/tools/arm-none-eabi-gcc/4.8.3-2014q1/bin/../lib/gcc/arm-none-eabi/4.8.3/../../../../arm-none-eabi/lib/armv7-m\libg.a(lib_a-findfp.o)
                0x00084774                __sinit
 .text.__sfp_lock_acquire
                0x00084868        0x4 c:/users/admin/appdata/local/arduino15/packages/arduino/tools/arm-none-eabi-gcc/4.8.3-2014q1/bin/../lib/gcc/arm-none-eabi/4.8.3/../../../../arm-none-eabi/lib/armv7-m\libg.a(lib_a-findfp.o)
                0x00084868                __sfp_lock_acquire
 .text.__sfp_lock_release
                0x0008486c        0x4 c:/users/admin/appdata/local/arduino15/packages/arduino/tools/arm-none-eabi-gcc/4.8.3-2014q1/bin/../lib/gcc/arm-none-eabi/4.8.3/../../../../arm-none-eabi/lib/armv7-m\libg.a(lib_a-findfp.o)
                0x0008486c                __sfp_lock_release
 .text.__libc_fini_array
                0x00084870       0x30 c:/users/admin/appdata/local/arduino15/packages/arduino/tools/arm-none-eabi-gcc/4.8.3-2014q1/bin/../lib/gcc/arm-none-eabi/4.8.3/../../../../arm-none-eabi/lib/armv7-m\libg.a(lib_a-fini.o)
                0x00084870                __libc_fini_array
 .text._fputwc_r
                0x000848a0       0xc0 c:/users/admin/appdata/local/arduino15/packages/arduino/tools/arm-none-eabi-gcc/4.8.3-2014q1/bin/../lib/gcc/arm-none-eabi/4.8.3/../../../../arm-none-eabi/lib/armv7-m\libg.a(lib_a-fputwc.o)
                0x000848a0                _fputwc_r
 .text._malloc_trim_r
                0x00084960       0x9c c:/users/admin/appdata/local/arduino15/packages/arduino/tools/arm-none-eabi-gcc/4.8.3-2014q1/bin/../lib/gcc/arm-none-eabi/4.8.3/../../../../arm-none-eabi/lib/armv7-m\libg.a(lib_a-freer.o)
                0x00084960                _malloc_trim_r
 .text._free_r  0x000849fc      0x198 c:/users/admin/appdata/local/arduino15/packages/arduino/tools/arm-none-eabi-gcc/4.8.3-2014q1/bin/../lib/gcc/arm-none-eabi/4.8.3/../../../../arm-none-eabi/lib/armv7-m\libg.a(lib_a-freer.o)
                0x000849fc                _free_r
 .text.__sfvwrite_r
                0x00084b94      0x314 c:/users/admin/appdata/local/arduino15/packages/arduino/tools/arm-none-eabi-gcc/4.8.3-2014q1/bin/../lib/gcc/arm-none-eabi/4.8.3/../../../../arm-none-eabi/lib/armv7-m\libg.a(lib_a-fvwrite.o)
                0x00084b94                __sfvwrite_r
 .text._fwalk   0x00084ea8       0x48 c:/users/admin/appdata/local/arduino15/packages/arduino/tools/arm-none-eabi-gcc/4.8.3-2014q1/bin/../lib/gcc/arm-none-eabi/4.8.3/../../../../arm-none-eabi/lib/armv7-m\libg.a(lib_a-fwalk.o)
                0x00084ea8                _fwalk
 .text.__locale_charset
                0x00084ef0        0x8 c:/users/admin/appdata/local/arduino15/packages/arduino/tools/arm-none-eabi-gcc/4.8.3-2014q1/bin/../lib/gcc/arm-none-eabi/4.8.3/../../../../arm-none-eabi/lib/armv7-m\libg.a(lib_a-locale.o)
                0x00084ef0                __locale_charset
 .text.__locale_mb_cur_max
                0x00084ef8        0xc c:/users/admin/appdata/local/arduino15/packages/arduino/tools/arm-none-eabi-gcc/4.8.3-2014q1/bin/../lib/gcc/arm-none-eabi/4.8.3/../../../../arm-none-eabi/lib/armv7-m\libg.a(lib_a-locale.o)
                0x00084ef8                __locale_mb_cur_max
 .text.__smakebuf_r
                0x00084f04       0xe0 c:/users/admin/appdata/local/arduino15/packages/arduino/tools/arm-none-eabi-gcc/4.8.3-2014q1/bin/../lib/gcc/arm-none-eabi/4.8.3/../../../../arm-none-eabi/lib/armv7-m\libg.a(lib_a-makebuf.o)
                0x00084f04                __smakebuf_r
 .text.memchr   0x00084fe4       0x94 c:/users/admin/appdata/local/arduino15/packages/arduino/tools/arm-none-eabi-gcc/4.8.3-2014q1/bin/../lib/gcc/arm-none-eabi/4.8.3/../../../../arm-none-eabi/lib/armv7-m\libg.a(lib_a-memchr-stub.o)
                0x00084fe4                memchr
 .text.memmove  0x00085078       0xcc c:/users/admin/appdata/local/arduino15/packages/arduino/tools/arm-none-eabi-gcc/4.8.3-2014q1/bin/../lib/gcc/arm-none-eabi/4.8.3/../../../../arm-none-eabi/lib/armv7-m\libg.a(lib_a-memmove.o)
                0x00085078                memmove
 .text._realloc_r
                0x00085144      0x3c0 c:/users/admin/appdata/local/arduino15/packages/arduino/tools/arm-none-eabi-gcc/4.8.3-2014q1/bin/../lib/gcc/arm-none-eabi/4.8.3/../../../../arm-none-eabi/lib/armv7-m\libg.a(lib_a-reallocr.o)
                0x00085144                _realloc_r
 .text._kill_r  0x00085504       0x28 c:/users/admin/appdata/local/arduino15/packages/arduino/tools/arm-none-eabi-gcc/4.8.3-2014q1/bin/../lib/gcc/arm-none-eabi/4.8.3/../../../../arm-none-eabi/lib/armv7-m\libg.a(lib_a-signalr.o)
                0x00085504                _kill_r
 .text.__sread  0x0008552c       0x24 c:/users/admin/appdata/local/arduino15/packages/arduino/tools/arm-none-eabi-gcc/4.8.3-2014q1/bin/../lib/gcc/arm-none-eabi/4.8.3/../../../../arm-none-eabi/lib/armv7-m\libg.a(lib_a-stdio.o)
                0x0008552c                __sread
 .text.__swrite
                0x00085550       0x38 c:/users/admin/appdata/local/arduino15/packages/arduino/tools/arm-none-eabi-gcc/4.8.3-2014q1/bin/../lib/gcc/arm-none-eabi/4.8.3/../../../../arm-none-eabi/lib/armv7-m\libg.a(lib_a-stdio.o)
                0x00085550                __swrite
 .text.__sseek  0x00085588       0x20 c:/users/admin/appdata/local/arduino15/packages/arduino/tools/arm-none-eabi-gcc/4.8.3-2014q1/bin/../lib/gcc/arm-none-eabi/4.8.3/../../../../arm-none-eabi/lib/armv7-m\libg.a(lib_a-stdio.o)
                0x00085588                __sseek
 .text.__sclose
                0x000855a8        0x8 c:/users/admin/appdata/local/arduino15/packages/arduino/tools/arm-none-eabi-gcc/4.8.3-2014q1/bin/../lib/gcc/arm-none-eabi/4.8.3/../../../../arm-none-eabi/lib/armv7-m\libg.a(lib_a-stdio.o)
                0x000855a8                __sclose
 .text.__swbuf_r
                0x000855b0       0xa8 c:/users/admin/appdata/local/arduino15/packages/arduino/tools/arm-none-eabi-gcc/4.8.3-2014q1/bin/../lib/gcc/arm-none-eabi/4.8.3/../../../../arm-none-eabi/lib/armv7-m\libg.a(lib_a-wbuf.o)
                0x000855b0                __swbuf_r
 .text._wcrtomb_r
                0x00085658       0x50 c:/users/admin/appdata/local/arduino15/packages/arduino/tools/arm-none-eabi-gcc/4.8.3-2014q1/bin/../lib/gcc/arm-none-eabi/4.8.3/../../../../arm-none-eabi/lib/armv7-m\libg.a(lib_a-wcrtomb.o)
                0x00085658                _wcrtomb_r
 .text.__ascii_wctomb
                0x000856a8       0x1c c:/users/admin/appdata/local/arduino15/packages/arduino/tools/arm-none-eabi-gcc/4.8.3-2014q1/bin/../lib/gcc/arm-none-eabi/4.8.3/../../../../arm-none-eabi/lib/armv7-m\libg.a(lib_a-wctomb_r.o)
                0x000856a8                __ascii_wctomb
 .text._write_r
                0x000856c4       0x28 c:/users/admin/appdata/local/arduino15/packages/arduino/tools/arm-none-eabi-gcc/4.8.3-2014q1/bin/../lib/gcc/arm-none-eabi/4.8.3/../../../../arm-none-eabi/lib/armv7-m\libg.a(lib_a-writer.o)
                0x000856c4                _write_r
 .text.__register_exitproc
                0x000856ec       0xa8 c:/users/admin/appdata/local/arduino15/packages/arduino/tools/arm-none-eabi-gcc/4.8.3-2014q1/bin/../lib/gcc/arm-none-eabi/4.8.3/../../../../arm-none-eabi/lib/armv7-m\libg.a(lib_a-__atexit.o)
                0x000856ec                __register_exitproc
 .text._close_r
                0x00085794       0x24 c:/users/admin/appdata/local/arduino15/packages/arduino/tools/arm-none-eabi-gcc/4.8.3-2014q1/bin/../lib/gcc/arm-none-eabi/4.8.3/../../../../arm-none-eabi/lib/armv7-m\libg.a(lib_a-closer.o)
                0x00085794                _close_r
 .text._fclose_r
                0x000857b8       0x80 c:/users/admin/appdata/local/arduino15/packages/arduino/tools/arm-none-eabi-gcc/4.8.3-2014q1/bin/../lib/gcc/arm-none-eabi/4.8.3/../../../../arm-none-eabi/lib/armv7-m\libg.a(lib_a-fclose.o)
                0x000857b8                _fclose_r
 .text.fclose   0x00085838       0x10 c:/users/admin/appdata/local/arduino15/packages/arduino/tools/arm-none-eabi-gcc/4.8.3-2014q1/bin/../lib/gcc/arm-none-eabi/4.8.3/../../../../arm-none-eabi/lib/armv7-m\libg.a(lib_a-fclose.o)
                0x00085838                fclose
 .text._fstat_r
                0x00085848       0x28 c:/users/admin/appdata/local/arduino15/packages/arduino/tools/arm-none-eabi-gcc/4.8.3-2014q1/bin/../lib/gcc/arm-none-eabi/4.8.3/../../../../arm-none-eabi/lib/armv7-m\libg.a(lib_a-fstatr.o)
                0x00085848                _fstat_r
 .text._isatty_r
                0x00085870       0x24 c:/users/admin/appdata/local/arduino15/packages/arduino/tools/arm-none-eabi-gcc/4.8.3-2014q1/bin/../lib/gcc/arm-none-eabi/4.8.3/../../../../arm-none-eabi/lib/armv7-m\libg.a(lib_a-isattyr.o)
                0x00085870                _isatty_r
 .text._lseek_r
                0x00085894       0x28 c:/users/admin/appdata/local/arduino15/packages/arduino/tools/arm-none-eabi-gcc/4.8.3-2014q1/bin/../lib/gcc/arm-none-eabi/4.8.3/../../../../arm-none-eabi/lib/armv7-m\libg.a(lib_a-lseekr.o)
                0x00085894                _lseek_r
 .text._read_r  0x000858bc       0x28 c:/users/admin/appdata/local/arduino15/packages/arduino/tools/arm-none-eabi-gcc/4.8.3-2014q1/bin/../lib/gcc/arm-none-eabi/4.8.3/../../../../arm-none-eabi/lib/armv7-m\libg.a(lib_a-readr.o)
                0x000858bc                _read_r
 .text          0x000858e4       0x2c c:/users/admin/appdata/local/arduino15/packages/arduino/tools/arm-none-eabi-gcc/4.8.3-2014q1/bin/../lib/gcc/arm-none-eabi/4.8.3/armv7-m\libgcc.a(_aeabi_uldivmod.o)
                0x000858e4                __aeabi_uldivmod
 .text          0x00085910       0x60 c:/users/admin/appdata/local/arduino15/packages/arduino/tools/arm-none-eabi-gcc/4.8.3-2014q1/bin/../lib/gcc/arm-none-eabi/4.8.3/armv7-m\libgcc.a(bpabi.o)
                0x00085910                __gnu_ldivmod_helper
                0x00085940                __gnu_uldivmod_helper
 .text          0x00085970        0x4 c:/users/admin/appdata/local/arduino15/packages/arduino/tools/arm-none-eabi-gcc/4.8.3-2014q1/bin/../lib/gcc/arm-none-eabi/4.8.3/armv7-m\libgcc.a(_dvmd_tls.o)
                0x00085970                __aeabi_idiv0
                0x00085970                __aeabi_ldiv0
 .text          0x00085974      0x2a0 c:/users/admin/appdata/local/arduino15/packages/arduino/tools/arm-none-eabi-gcc/4.8.3-2014q1/bin/../lib/gcc/arm-none-eabi/4.8.3/armv7-m\libgcc.a(_divdi3.o)
                0x00085974                __divdi3
 .text          0x00085c14      0x290 c:/users/admin/appdata/local/arduino15/packages/arduino/tools/arm-none-eabi-gcc/4.8.3-2014q1/bin/../lib/gcc/arm-none-eabi/4.8.3/armv7-m\libgcc.a(_udivdi3.o)
                0x00085c14                __udivdi3
 *(.glue_7t)
 .glue_7t       0x00000000        0x0 linker stubs
 *(.glue_7)
 .glue_7        0x00000000        0x0 linker stubs
 *(.rodata .rodata* .gnu.linkonce.r.*)
 .rodata        0x00085ea4       0x18 C:\Users\admin\AppData\Local\Temp\VMBuilds\Test\arduino_due_x_dbg\Debug\Test.cpp.o
 .rodata.str1.1
                0x00085ebc       0x6a C:\Users\admin\AppData\Local\Temp\VMBuilds\Test\arduino_due_x_dbg\Debug\VM_DBG\VM_DBG.cpp.o
                                 0x6c (size before relaxing)
 *fill*         0x00085f26        0x2 
 .rodata.g_APinDescription
                0x00085f28      0xa2c C:\Users\admin\AppData\Local\Temp\VMBuilds\Test\arduino_due_x_dbg\Debug\variant\variant.cpp.o
                0x00085f28                g_APinDescription
 .rodata        0x00086954       0x40 C:\Users\admin\AppData\Local\arduino15\packages\arduino\hardware\sam\1.6.11\variants\arduino_due_x/libsam_sam3x8e_gcc_rel.a(adc.o)
 .rodata.str1.1
                0x00086994       0x19 C:\Users\admin\AppData\Local\Temp\VMBuilds\Test\arduino_due_x_dbg\Debug/core.a(syscalls_sam3.c.o)
 *fill*         0x000869ad        0x3 
 .rodata._ZTV9IPAddress
                0x000869b0       0x10 C:\Users\admin\AppData\Local\Temp\VMBuilds\Test\arduino_due_x_dbg\Debug/core.a(IPAddress.cpp.o)
                0x000869b0                vtable for IPAddress
 .rodata.str1.1
                0x000869c0        0xc C:\Users\admin\AppData\Local\Temp\VMBuilds\Test\arduino_due_x_dbg\Debug/core.a(Print.cpp.o)
                                  0xf (size before relaxing)
 *fill*         0x000869cc        0x4 
 .rodata._ZTV9UARTClass
                0x000869d0       0x30 C:\Users\admin\AppData\Local\Temp\VMBuilds\Test\arduino_due_x_dbg\Debug/core.a(UARTClass.cpp.o)
                0x000869d0                vtable for UARTClass
 .rodata._ZTV10USARTClass
                0x00086a00       0x30 C:\Users\admin\AppData\Local\Temp\VMBuilds\Test\arduino_due_x_dbg\Debug/core.a(USARTClass.cpp.o)
                0x00086a00                vtable for USARTClass
 .rodata.STRING_PRODUCT
                0x00086a30        0xc C:\Users\admin\AppData\Local\Temp\VMBuilds\Test\arduino_due_x_dbg\Debug/core.a(USBCore.cpp.o)
                0x00086a30                STRING_PRODUCT
 .rodata.USB_DeviceDescriptor
                0x00086a3c       0x12 C:\Users\admin\AppData\Local\Temp\VMBuilds\Test\arduino_due_x_dbg\Debug/core.a(USBCore.cpp.o)
                0x00086a3c                USB_DeviceDescriptor
 .rodata.STRING_LANGUAGE
                0x00086a4e        0x4 C:\Users\admin\AppData\Local\Temp\VMBuilds\Test\arduino_due_x_dbg\Debug/core.a(USBCore.cpp.o)
                0x00086a4e                STRING_LANGUAGE
 .rodata._ZL18test_packet_buffer
                0x00086a52       0x35 C:\Users\admin\AppData\Local\Temp\VMBuilds\Test\arduino_due_x_dbg\Debug/core.a(USBCore.cpp.o)
 .rodata.STRING_MANUFACTURER
                0x00086a87        0xc C:\Users\admin\AppData\Local\Temp\VMBuilds\Test\arduino_due_x_dbg\Debug/core.a(USBCore.cpp.o)
                0x00086a87                STRING_MANUFACTURER
 .rodata.USB_DeviceDescriptorA
                0x00086a93       0x12 C:\Users\admin\AppData\Local\Temp\VMBuilds\Test\arduino_due_x_dbg\Debug/core.a(USBCore.cpp.o)
                0x00086a93                USB_DeviceDescriptorA
 .rodata._ZL19USB_DeviceQualifier
                0x00086aa5        0x9 C:\Users\admin\AppData\Local\Temp\VMBuilds\Test\arduino_due_x_dbg\Debug/core.a(USBCore.cpp.o)
 *fill*         0x00086aae        0x2 
 .rodata._ZTV7Serial_
                0x00086ab0       0x28 C:\Users\admin\AppData\Local\Temp\VMBuilds\Test\arduino_due_x_dbg\Debug/core.a(CDC.cpp.o)
                0x00086ab0                vtable for Serial_
 .rodata._ZL18_cdcOtherInterface
                0x00086ad8       0x42 C:\Users\admin\AppData\Local\Temp\VMBuilds\Test\arduino_due_x_dbg\Debug/core.a(CDC.cpp.o)
 .rodata._ZL13_cdcInterface
                0x00086b1a       0x42 C:\Users\admin\AppData\Local\Temp\VMBuilds\Test\arduino_due_x_dbg\Debug/core.a(CDC.cpp.o)
 .rodata.str1.4
                0x00086b5c        0x2 c:/users/admin/appdata/local/arduino15/packages/arduino/tools/arm-none-eabi-gcc/4.8.3-2014q1/bin/../lib/gcc/arm-none-eabi/4.8.3/../../../../arm-none-eabi/lib/armv7-m\libg.a(lib_a-impure.o)
                                  0x4 (size before relaxing)
 *fill*         0x00086b5e        0x2 
 .rodata._global_impure_ptr
                0x00086b60        0x4 c:/users/admin/appdata/local/arduino15/packages/arduino/tools/arm-none-eabi-gcc/4.8.3-2014q1/bin/../lib/gcc/arm-none-eabi/4.8.3/../../../../arm-none-eabi/lib/armv7-m\libg.a(lib_a-impure.o)
                0x00086b60                _global_impure_ptr
 .rodata.blanks.6717
                0x00086b64       0x10 c:/users/admin/appdata/local/arduino15/packages/arduino/tools/arm-none-eabi-gcc/4.8.3-2014q1/bin/../lib/gcc/arm-none-eabi/4.8.3/../../../../arm-none-eabi/lib/armv7-m\libg.a(lib_a-vfiprintf.o)
 .rodata.str1.4
                0x00086b74       0x30 c:/users/admin/appdata/local/arduino15/packages/arduino/tools/arm-none-eabi-gcc/4.8.3-2014q1/bin/../lib/gcc/arm-none-eabi/4.8.3/../../../../arm-none-eabi/lib/armv7-m\libg.a(lib_a-vfiprintf.o)
 .rodata.zeroes.6718
                0x00086ba4       0x10 c:/users/admin/appdata/local/arduino15/packages/arduino/tools/arm-none-eabi-gcc/4.8.3-2014q1/bin/../lib/gcc/arm-none-eabi/4.8.3/../../../../arm-none-eabi/lib/armv7-m\libg.a(lib_a-vfiprintf.o)
 *(.ARM.extab* .gnu.linkonce.armextab.*)
                0x00086bb4                . = ALIGN (0x4)
 *(.init)
 .init          0x00086bb4        0x4 c:/users/admin/appdata/local/arduino15/packages/arduino/tools/arm-none-eabi-gcc/4.8.3-2014q1/bin/../lib/gcc/arm-none-eabi/4.8.3/armv7-m/crti.o
                0x00086bb4                _init
 .init          0x00086bb8        0x8 c:/users/admin/appdata/local/arduino15/packages/arduino/tools/arm-none-eabi-gcc/4.8.3-2014q1/bin/../lib/gcc/arm-none-eabi/4.8.3/armv7-m/crtn.o
                0x00086bc0                . = ALIGN (0x4)
                0x00086bc0                __preinit_array_start = .
 *(.preinit_array)
                0x00086bc0                __preinit_array_end = .
                0x00086bc0                . = ALIGN (0x4)
                0x00086bc0                __init_array_start = .
 *(SORT(.init_array.*))
 .init_array.00000
                0x00086bc0        0x4 c:/users/admin/appdata/local/arduino15/packages/arduino/tools/arm-none-eabi-gcc/4.8.3-2014q1/bin/../lib/gcc/arm-none-eabi/4.8.3/../../../../arm-none-eabi/lib/armv7-m\libg.a(lib_a-__call_atexit.o)
 *(.init_array)
 .init_array    0x00086bc4        0x4 c:/users/admin/appdata/local/arduino15/packages/arduino/tools/arm-none-eabi-gcc/4.8.3-2014q1/bin/../lib/gcc/arm-none-eabi/4.8.3/armv7-m/crtbegin.o
 .init_array    0x00086bc8        0x4 C:\Users\admin\AppData\Local\Temp\VMBuilds\Test\arduino_due_x_dbg\Debug\Test.cpp.o
 .init_array    0x00086bcc        0x4 C:\Users\admin\AppData\Local\Temp\VMBuilds\Test\arduino_due_x_dbg\Debug\UIPEthernet\Dhcp.cpp.o
 .init_array    0x00086bd0        0x4 C:\Users\admin\AppData\Local\Temp\VMBuilds\Test\arduino_due_x_dbg\Debug\UIPEthernet\Dns.cpp.o
 .init_array    0x00086bd4        0x4 C:\Users\admin\AppData\Local\Temp\VMBuilds\Test\arduino_due_x_dbg\Debug\UIPEthernet\UIPClient.cpp.o
 .init_array    0x00086bd8        0x4 C:\Users\admin\AppData\Local\Temp\VMBuilds\Test\arduino_due_x_dbg\Debug\UIPEthernet\UIPEthernet.cpp.o
 .init_array    0x00086bdc        0x4 C:\Users\admin\AppData\Local\Temp\VMBuilds\Test\arduino_due_x_dbg\Debug\UIPEthernet\UIPServer.cpp.o
 .init_array    0x00086be0        0x4 C:\Users\admin\AppData\Local\Temp\VMBuilds\Test\arduino_due_x_dbg\Debug\UIPEthernet\UIPUdp.cpp.o
 .init_array    0x00086be4        0x4 C:\Users\admin\AppData\Local\Temp\VMBuilds\Test\arduino_due_x_dbg\Debug\SPI\SPI.cpp.o
 .init_array    0x00086be8        0x4 C:\Users\admin\AppData\Local\Temp\VMBuilds\Test\arduino_due_x_dbg\Debug\VM_DBG\VM_DBG.cpp.o
 .init_array    0x00086bec        0x4 C:\Users\admin\AppData\Local\Temp\VMBuilds\Test\arduino_due_x_dbg\Debug\NetworkCommunication.cpp.o
 .init_array    0x00086bf0        0x4 C:\Users\admin\AppData\Local\Temp\VMBuilds\Test\arduino_due_x_dbg\Debug\variant\variant.cpp.o
 .init_array    0x00086bf4        0x4 C:\Users\admin\AppData\Local\Temp\VMBuilds\Test\arduino_due_x_dbg\Debug/core.a(IPAddress.cpp.o)
 .init_array    0x00086bf8        0x4 C:\Users\admin\AppData\Local\Temp\VMBuilds\Test\arduino_due_x_dbg\Debug/core.a(USBCore.cpp.o)
 .init_array    0x00086bfc        0x4 C:\Users\admin\AppData\Local\Temp\VMBuilds\Test\arduino_due_x_dbg\Debug/core.a(CDC.cpp.o)
                0x00086c00                __init_array_end = .
                0x00086c00                . = ALIGN (0x4)
 *crtbegin.o(.ctors)
 *(EXCLUDE_FILE(*crtend.o) .ctors)
 *(SORT(.ctors.*))
 *crtend.o(.ctors)
                0x00086c00                . = ALIGN (0x4)
 *(.fini)
 .fini          0x00086c00        0x4 c:/users/admin/appdata/local/arduino15/packages/arduino/tools/arm-none-eabi-gcc/4.8.3-2014q1/bin/../lib/gcc/arm-none-eabi/4.8.3/armv7-m/crti.o
                0x00086c00                _fini
 .fini          0x00086c04        0x8 c:/users/admin/appdata/local/arduino15/packages/arduino/tools/arm-none-eabi-gcc/4.8.3-2014q1/bin/../lib/gcc/arm-none-eabi/4.8.3/armv7-m/crtn.o
                0x00086c0c                . = ALIGN (0x4)
                0x00086c0c                __fini_array_start = .
 *(.fini_array)
 .fini_array    0x00086c0c        0x4 c:/users/admin/appdata/local/arduino15/packages/arduino/tools/arm-none-eabi-gcc/4.8.3-2014q1/bin/../lib/gcc/arm-none-eabi/4.8.3/armv7-m/crtbegin.o
 *(SORT(.fini_array.*))
                0x00086c10                __fini_array_end = .
 *crtbegin.o(.dtors)
 *(EXCLUDE_FILE(*crtend.o) .dtors)
 *(SORT(.dtors.*))
 *crtend.o(.dtors)
                0x00086c10                . = ALIGN (0x4)
                0x00086c10                _efixed = .
                0x00086c10                PROVIDE (__exidx_start, .)

.vfp11_veneer   0x00086c10        0x0
 .vfp11_veneer  0x00000000        0x0 linker stubs

.v4_bx          0x00086c10        0x0
 .v4_bx         0x00000000        0x0 linker stubs

.iplt           0x00086c10        0x0
 .iplt          0x00000000        0x0 c:/users/admin/appdata/local/arduino15/packages/arduino/tools/arm-none-eabi-gcc/4.8.3-2014q1/bin/../lib/gcc/arm-none-eabi/4.8.3/armv7-m/crtbegin.o

.ARM.exidx      0x00086c10        0x8
 *(.ARM.exidx* .gnu.linkonce.armexidx.*)
 .ARM.exidx     0x00086c10        0x8 c:/users/admin/appdata/local/arduino15/packages/arduino/tools/arm-none-eabi-gcc/4.8.3-2014q1/bin/../lib/gcc/arm-none-eabi/4.8.3/armv7-m\libgcc.a(_divdi3.o)
 .ARM.exidx     0x00086c18        0x0 c:/users/admin/appdata/local/arduino15/packages/arduino/tools/arm-none-eabi-gcc/4.8.3-2014q1/bin/../lib/gcc/arm-none-eabi/4.8.3/armv7-m\libgcc.a(_udivdi3.o)
                                  0x8 (size before relaxing)
                0x00086c18                PROVIDE (__exidx_end, .)

.eh_frame       0x00086c18        0x0
 .eh_frame      0x00086c18        0x0 c:/users/admin/appdata/local/arduino15/packages/arduino/tools/arm-none-eabi-gcc/4.8.3-2014q1/bin/../lib/gcc/arm-none-eabi/4.8.3/armv7-m/crtbegin.o

.rel.dyn        0x00086c18        0x0
 .rel.iplt      0x00000000        0x0 c:/users/admin/appdata/local/arduino15/packages/arduino/tools/arm-none-eabi-gcc/4.8.3-2014q1/bin/../lib/gcc/arm-none-eabi/4.8.3/armv7-m/crtbegin.o

.jcr            0x00086c18        0x0
 .jcr           0x00086c18        0x0 c:/users/admin/appdata/local/arduino15/packages/arduino/tools/arm-none-eabi-gcc/4.8.3-2014q1/bin/../lib/gcc/arm-none-eabi/4.8.3/armv7-m/crtbegin.o

.igot.plt       0x00086c18        0x0
 .igot.plt      0x00000000        0x0 c:/users/admin/appdata/local/arduino15/packages/arduino/tools/arm-none-eabi-gcc/4.8.3-2014q1/bin/../lib/gcc/arm-none-eabi/4.8.3/armv7-m/crtbegin.o
                0x00086c18                . = ALIGN (0x4)
                0x00086c18                _etext = .

.relocate       0x20070000      0x8d4 load address 0x00086c18
                0x20070000                . = ALIGN (0x4)
                0x20070000                _srelocate = .
 *(.ramfunc .ramfunc.*)
 .ramfunc       0x20070000       0x2c C:\Users\admin\AppData\Local\Temp\VMBuilds\Test\arduino_due_x_dbg\Debug/core.a(Reset.cpp.o)
                0x20070000                banzai
 *(.data .data.*)
 .data.SystemCoreClock
                0x2007002c        0x4 C:\Users\admin\AppData\Local\arduino15\packages\arduino\hardware\sam\1.6.11\variants\arduino_due_x/libsam_sam3x8e_gcc_rel.a(system_sam3xa.o)
                0x2007002c                SystemCoreClock
 .data._ZL5ticks
                0x20070030        0x4 C:\Users\admin\AppData\Local\Temp\VMBuilds\Test\arduino_due_x_dbg\Debug/core.a(Reset.cpp.o)
 .data.EndPoints
                0x20070034       0x28 C:\Users\admin\AppData\Local\Temp\VMBuilds\Test\arduino_due_x_dbg\Debug/core.a(USBCore.cpp.o)
                0x20070034                EndPoints
 .data._ZL10breakValue
                0x2007005c        0x4 C:\Users\admin\AppData\Local\Temp\VMBuilds\Test\arduino_due_x_dbg\Debug/core.a(CDC.cpp.o)
 .data._ZL12_usbLineInfo
                0x20070060        0x8 C:\Users\admin\AppData\Local\Temp\VMBuilds\Test\arduino_due_x_dbg\Debug/core.a(CDC.cpp.o)
 .data.g_interrupt_enabled
                0x20070068        0x4 C:\Users\admin\AppData\Local\arduino15\packages\arduino\hardware\sam\1.6.11\variants\arduino_due_x/libsam_sam3x8e_gcc_rel.a(interrupt_sam_nvic.o)
                0x20070068                g_interrupt_enabled
 *fill*         0x2007006c        0x4 
 .data.impure_data
                0x20070070      0x428 c:/users/admin/appdata/local/arduino15/packages/arduino/tools/arm-none-eabi-gcc/4.8.3-2014q1/bin/../lib/gcc/arm-none-eabi/4.8.3/../../../../arm-none-eabi/lib/armv7-m\libg.a(lib_a-impure.o)
 .data._impure_ptr
                0x20070498        0x4 c:/users/admin/appdata/local/arduino15/packages/arduino/tools/arm-none-eabi-gcc/4.8.3-2014q1/bin/../lib/gcc/arm-none-eabi/4.8.3/../../../../arm-none-eabi/lib/armv7-m\libg.a(lib_a-impure.o)
                0x20070498                _impure_ptr
 .data.__malloc_av_
                0x2007049c      0x408 c:/users/admin/appdata/local/arduino15/packages/arduino/tools/arm-none-eabi-gcc/4.8.3-2014q1/bin/../lib/gcc/arm-none-eabi/4.8.3/../../../../arm-none-eabi/lib/armv7-m\libg.a(lib_a-mallocr.o)
                0x2007049c                __malloc_av_
 .data.__malloc_trim_threshold
                0x200708a4        0x4 c:/users/admin/appdata/local/arduino15/packages/arduino/tools/arm-none-eabi-gcc/4.8.3-2014q1/bin/../lib/gcc/arm-none-eabi/4.8.3/../../../../arm-none-eabi/lib/armv7-m\libg.a(lib_a-mallocr.o)
                0x200708a4                __malloc_trim_threshold
 .data.__malloc_sbrk_base
                0x200708a8        0x4 c:/users/admin/appdata/local/arduino15/packages/arduino/tools/arm-none-eabi-gcc/4.8.3-2014q1/bin/../lib/gcc/arm-none-eabi/4.8.3/../../../../arm-none-eabi/lib/armv7-m\libg.a(lib_a-mallocr.o)
                0x200708a8                __malloc_sbrk_base
 .data.lc_ctype_charset
                0x200708ac       0x20 c:/users/admin/appdata/local/arduino15/packages/arduino/tools/arm-none-eabi-gcc/4.8.3-2014q1/bin/../lib/gcc/arm-none-eabi/4.8.3/../../../../arm-none-eabi/lib/armv7-m\libg.a(lib_a-locale.o)
 .data.__mb_cur_max
                0x200708cc        0x4 c:/users/admin/appdata/local/arduino15/packages/arduino/tools/arm-none-eabi-gcc/4.8.3-2014q1/bin/../lib/gcc/arm-none-eabi/4.8.3/../../../../arm-none-eabi/lib/armv7-m\libg.a(lib_a-locale.o)
                0x200708cc                __mb_cur_max
 .data.__wctomb
                0x200708d0        0x4 c:/users/admin/appdata/local/arduino15/packages/arduino/tools/arm-none-eabi-gcc/4.8.3-2014q1/bin/../lib/gcc/arm-none-eabi/4.8.3/../../../../arm-none-eabi/lib/armv7-m\libg.a(lib_a-wctomb_r.o)
                0x200708d0                __wctomb
                0x200708d4                . = ALIGN (0x4)
                0x200708d4                _erelocate = .

.bss            0x200708d4      0xad0 load address 0x000874ec
                0x200708d4                . = ALIGN (0x4)
                0x200708d4                _sbss = .
                0x200708d4                _szero = .
 *(.bss .bss.*)
 .bss           0x200708d4       0x1c c:/users/admin/appdata/local/arduino15/packages/arduino/tools/arm-none-eabi-gcc/4.8.3-2014q1/bin/../lib/gcc/arm-none-eabi/4.8.3/armv7-m/crtbegin.o
 .bss.sesty     0x200708f0       0x4c C:\Users\admin\AppData\Local\Temp\VMBuilds\Test\arduino_due_x_dbg\Debug\Test.cpp.o
                0x200708f0                sesty
 .bss.paty      0x2007093c       0x4c C:\Users\admin\AppData\Local\Temp\VMBuilds\Test\arduino_due_x_dbg\Debug\Test.cpp.o
                0x2007093c                paty
 .bss.ctvrty    0x20070988       0x4c C:\Users\admin\AppData\Local\Temp\VMBuilds\Test\arduino_due_x_dbg\Debug\Test.cpp.o
                0x20070988                ctvrty
 .bss.treti     0x200709d4       0x4c C:\Users\admin\AppData\Local\Temp\VMBuilds\Test\arduino_due_x_dbg\Debug\Test.cpp.o
                0x200709d4                treti
 .bss.druhy     0x20070a20       0x4c C:\Users\admin\AppData\Local\Temp\VMBuilds\Test\arduino_due_x_dbg\Debug\Test.cpp.o
                0x20070a20                druhy
 .bss.prvni     0x20070a6c       0x4c C:\Users\admin\AppData\Local\Temp\VMBuilds\Test\arduino_due_x_dbg\Debug\Test.cpp.o
                0x20070a6c                prvni
 .bss.__VisualMicro_DEBUG_1_GLastMillis__
                0x20070ab8        0x4 C:\Users\admin\AppData\Local\Temp\VMBuilds\Test\arduino_due_x_dbg\Debug\Test.cpp.o
                0x20070ab8                __VisualMicro_DEBUG_1_GLastMillis__
 .bss.__VisualMicro_DEBUG_1_HITCOUNTER__
                0x20070abc        0x4 C:\Users\admin\AppData\Local\Temp\VMBuilds\Test\arduino_due_x_dbg\Debug\Test.cpp.o
                0x20070abc                __VisualMicro_DEBUG_1_HITCOUNTER__
 .bss._ZL11INADDR_NONE
                0x20070ac0        0x8 C:\Users\admin\AppData\Local\Temp\VMBuilds\Test\arduino_due_x_dbg\Debug\UIPEthernet\Dhcp.cpp.o
 .bss._ZL11INADDR_NONE
                0x20070ac8        0x8 C:\Users\admin\AppData\Local\Temp\VMBuilds\Test\arduino_due_x_dbg\Debug\UIPEthernet\Dns.cpp.o
 .bss._ZL11INADDR_NONE
                0x20070ad0        0x8 C:\Users\admin\AppData\Local\Temp\VMBuilds\Test\arduino_due_x_dbg\Debug\UIPEthernet\UIPClient.cpp.o
 .bss._ZL11INADDR_NONE
                0x20070ad8        0x8 C:\Users\admin\AppData\Local\Temp\VMBuilds\Test\arduino_due_x_dbg\Debug\UIPEthernet\UIPEthernet.cpp.o
 .bss._ZN16UIPEthernetClass17_dnsServerAddressE
                0x20070ae0        0x8 C:\Users\admin\AppData\Local\Temp\VMBuilds\Test\arduino_due_x_dbg\Debug\UIPEthernet\UIPEthernet.cpp.o
                0x20070ae0                UIPEthernetClass::_dnsServerAddress
 .bss._ZL11INADDR_NONE
                0x20070ae8        0x8 C:\Users\admin\AppData\Local\Temp\VMBuilds\Test\arduino_due_x_dbg\Debug\UIPEthernet\UIPServer.cpp.o
 .bss._ZL11INADDR_NONE
                0x20070af0        0x8 C:\Users\admin\AppData\Local\Temp\VMBuilds\Test\arduino_due_x_dbg\Debug\UIPEthernet\UIPUdp.cpp.o
 .bss.SPI       0x20070af8       0x44 C:\Users\admin\AppData\Local\Temp\VMBuilds\Test\arduino_due_x_dbg\Debug\SPI\SPI.cpp.o
                0x20070af8                SPI
 .bss.MicroDebug
                0x20070b3c       0x4c C:\Users\admin\AppData\Local\Temp\VMBuilds\Test\arduino_due_x_dbg\Debug\VM_DBG\VM_DBG.cpp.o
                0x20070b3c                MicroDebug
 .bss._ZL11INADDR_NONE
                0x20070b88        0x8 C:\Users\admin\AppData\Local\Temp\VMBuilds\Test\arduino_due_x_dbg\Debug\NetworkCommunication.cpp.o
 .bss.tx_buffer2
                0x20070b90       0x88 C:\Users\admin\AppData\Local\Temp\VMBuilds\Test\arduino_due_x_dbg\Debug\variant\variant.cpp.o
                0x20070b90                tx_buffer2
 .bss.tx_buffer1
                0x20070c18       0x88 C:\Users\admin\AppData\Local\Temp\VMBuilds\Test\arduino_due_x_dbg\Debug\variant\variant.cpp.o
                0x20070c18                tx_buffer1
 .bss.Serial    0x20070ca0       0x24 C:\Users\admin\AppData\Local\Temp\VMBuilds\Test\arduino_due_x_dbg\Debug\variant\variant.cpp.o
                0x20070ca0                Serial
 .bss.rx_buffer1
                0x20070cc4       0x88 C:\Users\admin\AppData\Local\Temp\VMBuilds\Test\arduino_due_x_dbg\Debug\variant\variant.cpp.o
                0x20070cc4                rx_buffer1
 .bss.Serial1   0x20070d4c       0x28 C:\Users\admin\AppData\Local\Temp\VMBuilds\Test\arduino_due_x_dbg\Debug\variant\variant.cpp.o
                0x20070d4c                Serial1
 .bss.Serial2   0x20070d74       0x28 C:\Users\admin\AppData\Local\Temp\VMBuilds\Test\arduino_due_x_dbg\Debug\variant\variant.cpp.o
                0x20070d74                Serial2
 .bss.Serial3   0x20070d9c       0x28 C:\Users\admin\AppData\Local\Temp\VMBuilds\Test\arduino_due_x_dbg\Debug\variant\variant.cpp.o
                0x20070d9c                Serial3
 .bss.tx_buffer3
                0x20070dc4       0x88 C:\Users\admin\AppData\Local\Temp\VMBuilds\Test\arduino_due_x_dbg\Debug\variant\variant.cpp.o
                0x20070dc4                tx_buffer3
 .bss.tx_buffer4
                0x20070e4c       0x88 C:\Users\admin\AppData\Local\Temp\VMBuilds\Test\arduino_due_x_dbg\Debug\variant\variant.cpp.o
                0x20070e4c                tx_buffer4
 .bss.g_pinStatus
                0x20070ed4       0x4f C:\Users\admin\AppData\Local\Temp\VMBuilds\Test\arduino_due_x_dbg\Debug\variant\variant.cpp.o
                0x20070ed4                g_pinStatus
 *fill*         0x20070f23        0x1 
 .bss.rx_buffer2
                0x20070f24       0x88 C:\Users\admin\AppData\Local\Temp\VMBuilds\Test\arduino_due_x_dbg\Debug\variant\variant.cpp.o
                0x20070f24                rx_buffer2
 .bss.rx_buffer3
                0x20070fac       0x88 C:\Users\admin\AppData\Local\Temp\VMBuilds\Test\arduino_due_x_dbg\Debug\variant\variant.cpp.o
                0x20070fac                rx_buffer3
 .bss.rx_buffer4
                0x20071034       0x88 C:\Users\admin\AppData\Local\Temp\VMBuilds\Test\arduino_due_x_dbg\Debug\variant\variant.cpp.o
                0x20071034                rx_buffer4
 .bss.gpf_isr   0x200710bc        0x4 C:\Users\admin\AppData\Local\arduino15\packages\arduino\hardware\sam\1.6.11\variants\arduino_due_x/libsam_sam3x8e_gcc_rel.a(uotghs.o)
                0x200710bc                gpf_isr
 .bss.heap.6420
                0x200710c0        0x4 C:\Users\admin\AppData\Local\Temp\VMBuilds\Test\arduino_due_x_dbg\Debug/core.a(syscalls_sam3.c.o)
 .bss._ZL11INADDR_NONE
                0x200710c4        0x8 C:\Users\admin\AppData\Local\Temp\VMBuilds\Test\arduino_due_x_dbg\Debug/core.a(IPAddress.cpp.o)
 .bss._cmark    0x200710cc        0x2 C:\Users\admin\AppData\Local\Temp\VMBuilds\Test\arduino_due_x_dbg\Debug/core.a(USBCore.cpp.o)
                0x200710cc                _cmark
 .bss._ZL14isEndpointHalt
                0x200710ce        0x1 C:\Users\admin\AppData\Local\Temp\VMBuilds\Test\arduino_due_x_dbg\Debug/core.a(USBCore.cpp.o)
 *fill*         0x200710cf        0x1 
 .bss._cdcComposite
                0x200710d0        0x4 C:\Users\admin\AppData\Local\Temp\VMBuilds\Test\arduino_due_x_dbg\Debug/core.a(USBCore.cpp.o)
                0x200710d0                _cdcComposite
 .bss._ZL21isRemoteWakeUpEnabled
                0x200710d4        0x1 C:\Users\admin\AppData\Local\Temp\VMBuilds\Test\arduino_due_x_dbg\Debug/core.a(USBCore.cpp.o)
 *fill*         0x200710d5        0x3 
 .bss._usbInitialized
                0x200710d8        0x4 C:\Users\admin\AppData\Local\Temp\VMBuilds\Test\arduino_due_x_dbg\Debug/core.a(USBCore.cpp.o)
                0x200710d8                _usbInitialized
 .bss.USBDevice
                0x200710dc        0x1 C:\Users\admin\AppData\Local\Temp\VMBuilds\Test\arduino_due_x_dbg\Debug/core.a(USBCore.cpp.o)
                0x200710dc                USBDevice
 *fill*         0x200710dd        0x3 
 .bss._usbSetInterface
                0x200710e0        0x4 C:\Users\admin\AppData\Local\Temp\VMBuilds\Test\arduino_due_x_dbg\Debug/core.a(USBCore.cpp.o)
                0x200710e0                _usbSetInterface